// Jest Snapshot v1, https://goo.gl/fbAQLP

exports[`SkillGroupsDocToCsvTransform should correctly transform SkillGroup data to CSV 1`] = `
[
  {
    "ALTLABELS": "",
    "CODE": "code_0",
    "DESCRIPTION": "description_0_^°!"§$%&/()=?\`´*+#'-_.,;<>öäü@[]{}|¡“¶¢[]≠¿'„…∞~<•±æœαβγδεζηθικλμνξοπρστυφχψω€€€",
    "ESCOURI": "ESCOUri_0_^°!"§$%&/()=?\`´*+#'-_.,;<>öäü@[]{}|¡“¶¢[]≠¿'„…∞~<•±æœαβγδεζηθικλμνξοπρστυφχψω€€€",
    "ID": "000000000000000000000000",
    "PREFERREDLABEL": "SkillGroup_0_^°!"§$%&/()=?\`´*+#'-_.,;<>öäü@[]{}|¡“¶¢[]≠¿'„…∞~<•±æœαβγδεζηθικλμνξοπρστυφχψω€€€",
    "SCOPENOTE": "scopeNote_0_^°!"§$%&/()=?\`´*+#'-_.,;<>öäü@[]{}|¡“¶¢[]≠¿'„…∞~<•±æœαβγδεζηθικλμνξοπρστυφχψω€€€",
    "UUIDHISTORY": "",
  },
  {
    "ALTLABELS": "altLabel_1_^°!"§$%&/()=?\`´*+#'-_.,;<>öäü@[]{}|¡“¶¢[]≠¿'„…∞~<•±æœαβγδεζηθικλμνξοπρστυφχψω€€€
altLabel_2_^°!"§$%&/()=?\`´*+#'-_.,;<>öäü@[]{}|¡“¶¢[]≠¿'„…∞~<•±æœαβγδεζηθικλμνξοπρστυφχψω€€€",
    "CODE": "code_1",
    "DESCRIPTION": "description_1_^°!"§$%&/()=?\`´*+#'-_.,;<>öäü@[]{}|¡“¶¢[]≠¿'„…∞~<•±æœαβγδεζηθικλμνξοπρστυφχψω€€€",
    "ESCOURI": "ESCOUri_1_^°!"§$%&/()=?\`´*+#'-_.,;<>öäü@[]{}|¡“¶¢[]≠¿'„…∞~<•±æœαβγδεζηθικλμνξοπρστυφχψω€€€",
    "ID": "000000000000000000000001",
    "PREFERREDLABEL": "SkillGroup_1_^°!"§$%&/()=?\`´*+#'-_.,;<>öäü@[]{}|¡“¶¢[]≠¿'„…∞~<•±æœαβγδεζηθικλμνξοπρστυφχψω€€€",
    "SCOPENOTE": "scopeNote_1_^°!"§$%&/()=?\`´*+#'-_.,;<>öäü@[]{}|¡“¶¢[]≠¿'„…∞~<•±æœαβγδεζηθικλμνξοπρστυφχψω€€€",
    "UUIDHISTORY": "uuidHistory_1_^°!"§$%&/()=?\`´*+#'-_.,;<>öäü@[]{}|¡“¶¢[]≠¿'„…∞~<•±æœαβγδεζηθικλμνξοπρστυφχψω€€€
uuidHistory_2_^°!"§$%&/()=?\`´*+#'-_.,;<>öäü@[]{}|¡“¶¢[]≠¿'„…∞~<•±æœαβγδεζηθικλμνξοπρστυφχψω€€€",
  },
  {
    "ALTLABELS": "",
    "CODE": "code_2",
    "DESCRIPTION": "description_2_^°!"§$%&/()=?\`´*+#'-_.,;<>öäü@[]{}|¡“¶¢[]≠¿'„…∞~<•±æœαβγδεζηθικλμνξοπρστυφχψω€€€",
    "ESCOURI": "ESCOUri_2_^°!"§$%&/()=?\`´*+#'-_.,;<>öäü@[]{}|¡“¶¢[]≠¿'„…∞~<•±æœαβγδεζηθικλμνξοπρστυφχψω€€€",
    "ID": "000000000000000000000002",
    "PREFERREDLABEL": "SkillGroup_2_^°!"§$%&/()=?\`´*+#'-_.,;<>öäü@[]{}|¡“¶¢[]≠¿'„…∞~<•±æœαβγδεζηθικλμνξοπρστυφχψω€€€",
    "SCOPENOTE": "scopeNote_2_^°!"§$%&/()=?\`´*+#'-_.,;<>öäü@[]{}|¡“¶¢[]≠¿'„…∞~<•±æœαβγδεζηθικλμνξοπρστυφχψω€€€",
    "UUIDHISTORY": "",
  },
  {
    "ALTLABELS": "altLabel_1_^°!"§$%&/()=?\`´*+#'-_.,;<>öäü@[]{}|¡“¶¢[]≠¿'„…∞~<•±æœαβγδεζηθικλμνξοπρστυφχψω€€€
altLabel_2_^°!"§$%&/()=?\`´*+#'-_.,;<>öäü@[]{}|¡“¶¢[]≠¿'„…∞~<•±æœαβγδεζηθικλμνξοπρστυφχψω€€€",
    "CODE": "code_3",
    "DESCRIPTION": "description_3_^°!"§$%&/()=?\`´*+#'-_.,;<>öäü@[]{}|¡“¶¢[]≠¿'„…∞~<•±æœαβγδεζηθικλμνξοπρστυφχψω€€€",
    "ESCOURI": "ESCOUri_3_^°!"§$%&/()=?\`´*+#'-_.,;<>öäü@[]{}|¡“¶¢[]≠¿'„…∞~<•±æœαβγδεζηθικλμνξοπρστυφχψω€€€",
    "ID": "000000000000000000000003",
    "PREFERREDLABEL": "SkillGroup_3_^°!"§$%&/()=?\`´*+#'-_.,;<>öäü@[]{}|¡“¶¢[]≠¿'„…∞~<•±æœαβγδεζηθικλμνξοπρστυφχψω€€€",
    "SCOPENOTE": "scopeNote_3_^°!"§$%&/()=?\`´*+#'-_.,;<>öäü@[]{}|¡“¶¢[]≠¿'„…∞~<•±æœαβγδεζηθικλμνξοπρστυφχψω€€€",
    "UUIDHISTORY": "uuidHistory_1_^°!"§$%&/()=?\`´*+#'-_.,;<>öäü@[]{}|¡“¶¢[]≠¿'„…∞~<•±æœαβγδεζηθικλμνξοπρστυφχψω€€€
uuidHistory_2_^°!"§$%&/()=?\`´*+#'-_.,;<>öäü@[]{}|¡“¶¢[]≠¿'„…∞~<•±æœαβγδεζηθικλμνξοπρστυφχψω€€€",
  },
  {
    "ALTLABELS": "",
    "CODE": "code_4",
    "DESCRIPTION": "description_4_^°!"§$%&/()=?\`´*+#'-_.,;<>öäü@[]{}|¡“¶¢[]≠¿'„…∞~<•±æœαβγδεζηθικλμνξοπρστυφχψω€€€",
    "ESCOURI": "ESCOUri_4_^°!"§$%&/()=?\`´*+#'-_.,;<>öäü@[]{}|¡“¶¢[]≠¿'„…∞~<•±æœαβγδεζηθικλμνξοπρστυφχψω€€€",
    "ID": "000000000000000000000004",
    "PREFERREDLABEL": "SkillGroup_4_^°!"§$%&/()=?\`´*+#'-_.,;<>öäü@[]{}|¡“¶¢[]≠¿'„…∞~<•±æœαβγδεζηθικλμνξοπρστυφχψω€€€",
    "SCOPENOTE": "scopeNote_4_^°!"§$%&/()=?\`´*+#'-_.,;<>öäü@[]{}|¡“¶¢[]≠¿'„…∞~<•±æœαβγδεζηθικλμνξοπρστυφχψω€€€",
    "UUIDHISTORY": "",
  },
  {
    "ALTLABELS": "altLabel_1_^°!"§$%&/()=?\`´*+#'-_.,;<>öäü@[]{}|¡“¶¢[]≠¿'„…∞~<•±æœαβγδεζηθικλμνξοπρστυφχψω€€€
altLabel_2_^°!"§$%&/()=?\`´*+#'-_.,;<>öäü@[]{}|¡“¶¢[]≠¿'„…∞~<•±æœαβγδεζηθικλμνξοπρστυφχψω€€€",
    "CODE": "code_5",
    "DESCRIPTION": "description_5_^°!"§$%&/()=?\`´*+#'-_.,;<>öäü@[]{}|¡“¶¢[]≠¿'„…∞~<•±æœαβγδεζηθικλμνξοπρστυφχψω€€€",
    "ESCOURI": "ESCOUri_5_^°!"§$%&/()=?\`´*+#'-_.,;<>öäü@[]{}|¡“¶¢[]≠¿'„…∞~<•±æœαβγδεζηθικλμνξοπρστυφχψω€€€",
    "ID": "000000000000000000000005",
    "PREFERREDLABEL": "SkillGroup_5_^°!"§$%&/()=?\`´*+#'-_.,;<>öäü@[]{}|¡“¶¢[]≠¿'„…∞~<•±æœαβγδεζηθικλμνξοπρστυφχψω€€€",
    "SCOPENOTE": "scopeNote_5_^°!"§$%&/()=?\`´*+#'-_.,;<>öäü@[]{}|¡“¶¢[]≠¿'„…∞~<•±æœαβγδεζηθικλμνξοπρστυφχψω€€€",
    "UUIDHISTORY": "uuidHistory_1_^°!"§$%&/()=?\`´*+#'-_.,;<>öäü@[]{}|¡“¶¢[]≠¿'„…∞~<•±æœαβγδεζηθικλμνξοπρστυφχψω€€€
uuidHistory_2_^°!"§$%&/()=?\`´*+#'-_.,;<>öäü@[]{}|¡“¶¢[]≠¿'„…∞~<•±æœαβγδεζηθικλμνξοπρστυφχψω€€€",
  },
]
`;

exports[`SkillGroupsDocToCsvTransform should correctly transform SkillGroup data to CSV 2`] = `
"ID,ESCOURI,UUIDHISTORY,CODE,PREFERREDLABEL,ALTLABELS,DESCRIPTION,SCOPENOTE
000000000000000000000000,"ESCOUri_0_^°!""§$%&/()=?\`´*+#'-_.,;<>öäü@[]{}|¡“¶¢[]≠¿'„…∞~<•±æœαβγδεζηθικλμνξοπρστυφχψω€€€",,code_0,"SkillGroup_0_^°!""§$%&/()=?\`´*+#'-_.,;<>öäü@[]{}|¡“¶¢[]≠¿'„…∞~<•±æœαβγδεζηθικλμνξοπρστυφχψω€€€",,"description_0_^°!""§$%&/()=?\`´*+#'-_.,;<>öäü@[]{}|¡“¶¢[]≠¿'„…∞~<•±æœαβγδεζηθικλμνξοπρστυφχψω€€€","scopeNote_0_^°!""§$%&/()=?\`´*+#'-_.,;<>öäü@[]{}|¡“¶¢[]≠¿'„…∞~<•±æœαβγδεζηθικλμνξοπρστυφχψω€€€"
000000000000000000000001,"ESCOUri_1_^°!""§$%&/()=?\`´*+#'-_.,;<>öäü@[]{}|¡“¶¢[]≠¿'„…∞~<•±æœαβγδεζηθικλμνξοπρστυφχψω€€€","uuidHistory_1_^°!""§$%&/()=?\`´*+#'-_.,;<>öäü@[]{}|¡“¶¢[]≠¿'„…∞~<•±æœαβγδεζηθικλμνξοπρστυφχψω€€€
uuidHistory_2_^°!""§$%&/()=?\`´*+#'-_.,;<>öäü@[]{}|¡“¶¢[]≠¿'„…∞~<•±æœαβγδεζηθικλμνξοπρστυφχψω€€€",code_1,"SkillGroup_1_^°!""§$%&/()=?\`´*+#'-_.,;<>öäü@[]{}|¡“¶¢[]≠¿'„…∞~<•±æœαβγδεζηθικλμνξοπρστυφχψω€€€","altLabel_1_^°!""§$%&/()=?\`´*+#'-_.,;<>öäü@[]{}|¡“¶¢[]≠¿'„…∞~<•±æœαβγδεζηθικλμνξοπρστυφχψω€€€
altLabel_2_^°!""§$%&/()=?\`´*+#'-_.,;<>öäü@[]{}|¡“¶¢[]≠¿'„…∞~<•±æœαβγδεζηθικλμνξοπρστυφχψω€€€","description_1_^°!""§$%&/()=?\`´*+#'-_.,;<>öäü@[]{}|¡“¶¢[]≠¿'„…∞~<•±æœαβγδεζηθικλμνξοπρστυφχψω€€€","scopeNote_1_^°!""§$%&/()=?\`´*+#'-_.,;<>öäü@[]{}|¡“¶¢[]≠¿'„…∞~<•±æœαβγδεζηθικλμνξοπρστυφχψω€€€"
000000000000000000000002,"ESCOUri_2_^°!""§$%&/()=?\`´*+#'-_.,;<>öäü@[]{}|¡“¶¢[]≠¿'„…∞~<•±æœαβγδεζηθικλμνξοπρστυφχψω€€€",,code_2,"SkillGroup_2_^°!""§$%&/()=?\`´*+#'-_.,;<>öäü@[]{}|¡“¶¢[]≠¿'„…∞~<•±æœαβγδεζηθικλμνξοπρστυφχψω€€€",,"description_2_^°!""§$%&/()=?\`´*+#'-_.,;<>öäü@[]{}|¡“¶¢[]≠¿'„…∞~<•±æœαβγδεζηθικλμνξοπρστυφχψω€€€","scopeNote_2_^°!""§$%&/()=?\`´*+#'-_.,;<>öäü@[]{}|¡“¶¢[]≠¿'„…∞~<•±æœαβγδεζηθικλμνξοπρστυφχψω€€€"
000000000000000000000003,"ESCOUri_3_^°!""§$%&/()=?\`´*+#'-_.,;<>öäü@[]{}|¡“¶¢[]≠¿'„…∞~<•±æœαβγδεζηθικλμνξοπρστυφχψω€€€","uuidHistory_1_^°!""§$%&/()=?\`´*+#'-_.,;<>öäü@[]{}|¡“¶¢[]≠¿'„…∞~<•±æœαβγδεζηθικλμνξοπρστυφχψω€€€
uuidHistory_2_^°!""§$%&/()=?\`´*+#'-_.,;<>öäü@[]{}|¡“¶¢[]≠¿'„…∞~<•±æœαβγδεζηθικλμνξοπρστυφχψω€€€",code_3,"SkillGroup_3_^°!""§$%&/()=?\`´*+#'-_.,;<>öäü@[]{}|¡“¶¢[]≠¿'„…∞~<•±æœαβγδεζηθικλμνξοπρστυφχψω€€€","altLabel_1_^°!""§$%&/()=?\`´*+#'-_.,;<>öäü@[]{}|¡“¶¢[]≠¿'„…∞~<•±æœαβγδεζηθικλμνξοπρστυφχψω€€€
altLabel_2_^°!""§$%&/()=?\`´*+#'-_.,;<>öäü@[]{}|¡“¶¢[]≠¿'„…∞~<•±æœαβγδεζηθικλμνξοπρστυφχψω€€€","description_3_^°!""§$%&/()=?\`´*+#'-_.,;<>öäü@[]{}|¡“¶¢[]≠¿'„…∞~<•±æœαβγδεζηθικλμνξοπρστυφχψω€€€","scopeNote_3_^°!""§$%&/()=?\`´*+#'-_.,;<>öäü@[]{}|¡“¶¢[]≠¿'„…∞~<•±æœαβγδεζηθικλμνξοπρστυφχψω€€€"
000000000000000000000004,"ESCOUri_4_^°!""§$%&/()=?\`´*+#'-_.,;<>öäü@[]{}|¡“¶¢[]≠¿'„…∞~<•±æœαβγδεζηθικλμνξοπρστυφχψω€€€",,code_4,"SkillGroup_4_^°!""§$%&/()=?\`´*+#'-_.,;<>öäü@[]{}|¡“¶¢[]≠¿'„…∞~<•±æœαβγδεζηθικλμνξοπρστυφχψω€€€",,"description_4_^°!""§$%&/()=?\`´*+#'-_.,;<>öäü@[]{}|¡“¶¢[]≠¿'„…∞~<•±æœαβγδεζηθικλμνξοπρστυφχψω€€€","scopeNote_4_^°!""§$%&/()=?\`´*+#'-_.,;<>öäü@[]{}|¡“¶¢[]≠¿'„…∞~<•±æœαβγδεζηθικλμνξοπρστυφχψω€€€"
000000000000000000000005,"ESCOUri_5_^°!""§$%&/()=?\`´*+#'-_.,;<>öäü@[]{}|¡“¶¢[]≠¿'„…∞~<•±æœαβγδεζηθικλμνξοπρστυφχψω€€€","uuidHistory_1_^°!""§$%&/()=?\`´*+#'-_.,;<>öäü@[]{}|¡“¶¢[]≠¿'„…∞~<•±æœαβγδεζηθικλμνξοπρστυφχψω€€€
uuidHistory_2_^°!""§$%&/()=?\`´*+#'-_.,;<>öäü@[]{}|¡“¶¢[]≠¿'„…∞~<•±æœαβγδεζηθικλμνξοπρστυφχψω€€€",code_5,"SkillGroup_5_^°!""§$%&/()=?\`´*+#'-_.,;<>öäü@[]{}|¡“¶¢[]≠¿'„…∞~<•±æœαβγδεζηθικλμνξοπρστυφχψω€€€","altLabel_1_^°!""§$%&/()=?\`´*+#'-_.,;<>öäü@[]{}|¡“¶¢[]≠¿'„…∞~<•±æœαβγδεζηθικλμνξοπρστυφχψω€€€
altLabel_2_^°!""§$%&/()=?\`´*+#'-_.,;<>öäü@[]{}|¡“¶¢[]≠¿'„…∞~<•±æœαβγδεζηθικλμνξοπρστυφχψω€€€","description_5_^°!""§$%&/()=?\`´*+#'-_.,;<>öäü@[]{}|¡“¶¢[]≠¿'„…∞~<•±æœαβγδεζηθικλμνξοπρστυφχψω€€€","scopeNote_5_^°!""§$%&/()=?\`´*+#'-_.,;<>öäü@[]{}|¡“¶¢[]≠¿'„…∞~<•±æœαβγδεζηθικλμνξοπρστυφχψω€€€"
"
`;
