// Jest Snapshot v1, https://goo.gl/fbAQLP

exports[`ISCOGroupsDoc2csvTransform should correctly transform ISCOGroup data to CSV 1`] = `
[
  {
    "ALTLABELS": "",
    "CODE": "code_0",
    "DESCRIPTION": "description_0_^°!"§$%&/()=?\`´*+#'-_.,;<>öäü@[]{}|¡“¶¢[]≠¿'„…∞~<•±æœαβγδεζηθικλμνξοπρστυφχψω€€€",
    "ESCOURI": "ESCOUri_0_^°!"§$%&/()=?\`´*+#'-_.,;<>öäü@[]{}|¡“¶¢[]≠¿'„…∞~<•±æœαβγδεζηθικλμνξοπρστυφχψω€€€",
    "ID": "000000000000000000000000",
    "ORIGINUUID": "originUUID_0",
    "PREFERREDLABEL": "ISCOGroup_0_^°!"§$%&/()=?\`´*+#'-_.,;<>öäü@[]{}|¡“¶¢[]≠¿'„…∞~<•±æœαβγδεζηθικλμνξοπρστυφχψω€€€",
  },
  {
    "ALTLABELS": "altLabel_1_^°!"§$%&/()=?\`´*+#'-_.,;<>öäü@[]{}|¡“¶¢[]≠¿'„…∞~<•±æœαβγδεζηθικλμνξοπρστυφχψω€€€
altLabel_2_^°!"§$%&/()=?\`´*+#'-_.,;<>öäü@[]{}|¡“¶¢[]≠¿'„…∞~<•±æœαβγδεζηθικλμνξοπρστυφχψω€€€",
    "CODE": "code_1",
    "DESCRIPTION": "description_1_^°!"§$%&/()=?\`´*+#'-_.,;<>öäü@[]{}|¡“¶¢[]≠¿'„…∞~<•±æœαβγδεζηθικλμνξοπρστυφχψω€€€",
    "ESCOURI": "ESCOUri_1_^°!"§$%&/()=?\`´*+#'-_.,;<>öäü@[]{}|¡“¶¢[]≠¿'„…∞~<•±æœαβγδεζηθικλμνξοπρστυφχψω€€€",
    "ID": "000000000000000000000001",
    "ORIGINUUID": "originUUID_1",
    "PREFERREDLABEL": "ISCOGroup_1_^°!"§$%&/()=?\`´*+#'-_.,;<>öäü@[]{}|¡“¶¢[]≠¿'„…∞~<•±æœαβγδεζηθικλμνξοπρστυφχψω€€€",
  },
  {
    "ALTLABELS": "",
    "CODE": "code_2",
    "DESCRIPTION": "description_2_^°!"§$%&/()=?\`´*+#'-_.,;<>öäü@[]{}|¡“¶¢[]≠¿'„…∞~<•±æœαβγδεζηθικλμνξοπρστυφχψω€€€",
    "ESCOURI": "ESCOUri_2_^°!"§$%&/()=?\`´*+#'-_.,;<>öäü@[]{}|¡“¶¢[]≠¿'„…∞~<•±æœαβγδεζηθικλμνξοπρστυφχψω€€€",
    "ID": "000000000000000000000002",
    "ORIGINUUID": "originUUID_2",
    "PREFERREDLABEL": "ISCOGroup_2_^°!"§$%&/()=?\`´*+#'-_.,;<>öäü@[]{}|¡“¶¢[]≠¿'„…∞~<•±æœαβγδεζηθικλμνξοπρστυφχψω€€€",
  },
  {
    "ALTLABELS": "altLabel_1_^°!"§$%&/()=?\`´*+#'-_.,;<>öäü@[]{}|¡“¶¢[]≠¿'„…∞~<•±æœαβγδεζηθικλμνξοπρστυφχψω€€€
altLabel_2_^°!"§$%&/()=?\`´*+#'-_.,;<>öäü@[]{}|¡“¶¢[]≠¿'„…∞~<•±æœαβγδεζηθικλμνξοπρστυφχψω€€€",
    "CODE": "code_3",
    "DESCRIPTION": "description_3_^°!"§$%&/()=?\`´*+#'-_.,;<>öäü@[]{}|¡“¶¢[]≠¿'„…∞~<•±æœαβγδεζηθικλμνξοπρστυφχψω€€€",
    "ESCOURI": "ESCOUri_3_^°!"§$%&/()=?\`´*+#'-_.,;<>öäü@[]{}|¡“¶¢[]≠¿'„…∞~<•±æœαβγδεζηθικλμνξοπρστυφχψω€€€",
    "ID": "000000000000000000000003",
    "ORIGINUUID": "originUUID_3",
    "PREFERREDLABEL": "ISCOGroup_3_^°!"§$%&/()=?\`´*+#'-_.,;<>öäü@[]{}|¡“¶¢[]≠¿'„…∞~<•±æœαβγδεζηθικλμνξοπρστυφχψω€€€",
  },
  {
    "ALTLABELS": "",
    "CODE": "code_4",
    "DESCRIPTION": "description_4_^°!"§$%&/()=?\`´*+#'-_.,;<>öäü@[]{}|¡“¶¢[]≠¿'„…∞~<•±æœαβγδεζηθικλμνξοπρστυφχψω€€€",
    "ESCOURI": "ESCOUri_4_^°!"§$%&/()=?\`´*+#'-_.,;<>öäü@[]{}|¡“¶¢[]≠¿'„…∞~<•±æœαβγδεζηθικλμνξοπρστυφχψω€€€",
    "ID": "000000000000000000000004",
    "ORIGINUUID": "originUUID_4",
    "PREFERREDLABEL": "ISCOGroup_4_^°!"§$%&/()=?\`´*+#'-_.,;<>öäü@[]{}|¡“¶¢[]≠¿'„…∞~<•±æœαβγδεζηθικλμνξοπρστυφχψω€€€",
  },
  {
    "ALTLABELS": "altLabel_1_^°!"§$%&/()=?\`´*+#'-_.,;<>öäü@[]{}|¡“¶¢[]≠¿'„…∞~<•±æœαβγδεζηθικλμνξοπρστυφχψω€€€
altLabel_2_^°!"§$%&/()=?\`´*+#'-_.,;<>öäü@[]{}|¡“¶¢[]≠¿'„…∞~<•±æœαβγδεζηθικλμνξοπρστυφχψω€€€",
    "CODE": "code_5",
    "DESCRIPTION": "description_5_^°!"§$%&/()=?\`´*+#'-_.,;<>öäü@[]{}|¡“¶¢[]≠¿'„…∞~<•±æœαβγδεζηθικλμνξοπρστυφχψω€€€",
    "ESCOURI": "ESCOUri_5_^°!"§$%&/()=?\`´*+#'-_.,;<>öäü@[]{}|¡“¶¢[]≠¿'„…∞~<•±æœαβγδεζηθικλμνξοπρστυφχψω€€€",
    "ID": "000000000000000000000005",
    "ORIGINUUID": "originUUID_5",
    "PREFERREDLABEL": "ISCOGroup_5_^°!"§$%&/()=?\`´*+#'-_.,;<>öäü@[]{}|¡“¶¢[]≠¿'„…∞~<•±æœαβγδεζηθικλμνξοπρστυφχψω€€€",
  },
]
`;

exports[`ISCOGroupsDoc2csvTransform should correctly transform ISCOGroup data to CSV 2`] = `
"ID,ESCOURI,ORIGINUUID,CODE,PREFERREDLABEL,ALTLABELS,DESCRIPTION
000000000000000000000000,"ESCOUri_0_^°!""§$%&/()=?\`´*+#'-_.,;<>öäü@[]{}|¡“¶¢[]≠¿'„…∞~<•±æœαβγδεζηθικλμνξοπρστυφχψω€€€",originUUID_0,code_0,"ISCOGroup_0_^°!""§$%&/()=?\`´*+#'-_.,;<>öäü@[]{}|¡“¶¢[]≠¿'„…∞~<•±æœαβγδεζηθικλμνξοπρστυφχψω€€€",,"description_0_^°!""§$%&/()=?\`´*+#'-_.,;<>öäü@[]{}|¡“¶¢[]≠¿'„…∞~<•±æœαβγδεζηθικλμνξοπρστυφχψω€€€"
000000000000000000000001,"ESCOUri_1_^°!""§$%&/()=?\`´*+#'-_.,;<>öäü@[]{}|¡“¶¢[]≠¿'„…∞~<•±æœαβγδεζηθικλμνξοπρστυφχψω€€€",originUUID_1,code_1,"ISCOGroup_1_^°!""§$%&/()=?\`´*+#'-_.,;<>öäü@[]{}|¡“¶¢[]≠¿'„…∞~<•±æœαβγδεζηθικλμνξοπρστυφχψω€€€","altLabel_1_^°!""§$%&/()=?\`´*+#'-_.,;<>öäü@[]{}|¡“¶¢[]≠¿'„…∞~<•±æœαβγδεζηθικλμνξοπρστυφχψω€€€
altLabel_2_^°!""§$%&/()=?\`´*+#'-_.,;<>öäü@[]{}|¡“¶¢[]≠¿'„…∞~<•±æœαβγδεζηθικλμνξοπρστυφχψω€€€","description_1_^°!""§$%&/()=?\`´*+#'-_.,;<>öäü@[]{}|¡“¶¢[]≠¿'„…∞~<•±æœαβγδεζηθικλμνξοπρστυφχψω€€€"
000000000000000000000002,"ESCOUri_2_^°!""§$%&/()=?\`´*+#'-_.,;<>öäü@[]{}|¡“¶¢[]≠¿'„…∞~<•±æœαβγδεζηθικλμνξοπρστυφχψω€€€",originUUID_2,code_2,"ISCOGroup_2_^°!""§$%&/()=?\`´*+#'-_.,;<>öäü@[]{}|¡“¶¢[]≠¿'„…∞~<•±æœαβγδεζηθικλμνξοπρστυφχψω€€€",,"description_2_^°!""§$%&/()=?\`´*+#'-_.,;<>öäü@[]{}|¡“¶¢[]≠¿'„…∞~<•±æœαβγδεζηθικλμνξοπρστυφχψω€€€"
000000000000000000000003,"ESCOUri_3_^°!""§$%&/()=?\`´*+#'-_.,;<>öäü@[]{}|¡“¶¢[]≠¿'„…∞~<•±æœαβγδεζηθικλμνξοπρστυφχψω€€€",originUUID_3,code_3,"ISCOGroup_3_^°!""§$%&/()=?\`´*+#'-_.,;<>öäü@[]{}|¡“¶¢[]≠¿'„…∞~<•±æœαβγδεζηθικλμνξοπρστυφχψω€€€","altLabel_1_^°!""§$%&/()=?\`´*+#'-_.,;<>öäü@[]{}|¡“¶¢[]≠¿'„…∞~<•±æœαβγδεζηθικλμνξοπρστυφχψω€€€
altLabel_2_^°!""§$%&/()=?\`´*+#'-_.,;<>öäü@[]{}|¡“¶¢[]≠¿'„…∞~<•±æœαβγδεζηθικλμνξοπρστυφχψω€€€","description_3_^°!""§$%&/()=?\`´*+#'-_.,;<>öäü@[]{}|¡“¶¢[]≠¿'„…∞~<•±æœαβγδεζηθικλμνξοπρστυφχψω€€€"
000000000000000000000004,"ESCOUri_4_^°!""§$%&/()=?\`´*+#'-_.,;<>öäü@[]{}|¡“¶¢[]≠¿'„…∞~<•±æœαβγδεζηθικλμνξοπρστυφχψω€€€",originUUID_4,code_4,"ISCOGroup_4_^°!""§$%&/()=?\`´*+#'-_.,;<>öäü@[]{}|¡“¶¢[]≠¿'„…∞~<•±æœαβγδεζηθικλμνξοπρστυφχψω€€€",,"description_4_^°!""§$%&/()=?\`´*+#'-_.,;<>öäü@[]{}|¡“¶¢[]≠¿'„…∞~<•±æœαβγδεζηθικλμνξοπρστυφχψω€€€"
000000000000000000000005,"ESCOUri_5_^°!""§$%&/()=?\`´*+#'-_.,;<>öäü@[]{}|¡“¶¢[]≠¿'„…∞~<•±æœαβγδεζηθικλμνξοπρστυφχψω€€€",originUUID_5,code_5,"ISCOGroup_5_^°!""§$%&/()=?\`´*+#'-_.,;<>öäü@[]{}|¡“¶¢[]≠¿'„…∞~<•±æœαβγδεζηθικλμνξοπρστυφχψω€€€","altLabel_1_^°!""§$%&/()=?\`´*+#'-_.,;<>öäü@[]{}|¡“¶¢[]≠¿'„…∞~<•±æœαβγδεζηθικλμνξοπρστυφχψω€€€
altLabel_2_^°!""§$%&/()=?\`´*+#'-_.,;<>öäü@[]{}|¡“¶¢[]≠¿'„…∞~<•±æœαβγδεζηθικλμνξοπρστυφχψω€€€","description_5_^°!""§$%&/()=?\`´*+#'-_.,;<>öäü@[]{}|¡“¶¢[]≠¿'„…∞~<•±æœαβγδεζηθικλμνξοπρστυφχψω€€€"
"
`;
