// Jest Snapshot v1, https://goo.gl/fbAQLP

exports[`ModelDirectory ModelDirectory Render ModelDirectory initial render tests 1`] = `
<div
  data-testid="model-directory-root-8482f1cc-0786-423f-821e-34b6b712d63f"
  style="width: 100%; height: 100%;"
>
  <div
    class="MuiGrid-root MuiGrid-container css-1oryus-MuiGrid-root"
    data-testid="content-layout-root-14c01398-e7fc-4b09-8dcb-3195acdf120a"
  >
    <div
      style="width: 100%; height: 100%; opacity: 0.2;"
    >
      <div
        class="MuiBox-root css-5oylek"
      >
        <div
          class="MuiGrid-root MuiGrid-item css-3n7c8z-MuiGrid-root"
        >
          <div
            data-testid="model-directory-header-8482f1cc-0786-423f-821e-34b6b712d78u"
          >
            My Model Directory Header
          </div>
        </div>
        <div
          class="MuiGrid-root MuiGrid-item css-dtpx7v-MuiGrid-root"
          data-testid="content-layout-main-14c01398-e7fc-4b09-8dcb-3195acdf120a"
          tabindex="0"
        >
          <div
            data-testid="models-card-list-d2c56aa9-8c26-42a0-83f0-905e0d63c821"
          >
             My Models Card List
          </div>
        </div>
      </div>
    </div>
  </div>
  <div
    data-testid="model-properties-drawer-a76cf289-b403-4782-a886-b56047a8fff9"
  >
    My Model Properties Drawer
  </div>
</div>
`;

exports[`ModelDirectory ModelDirectory Render should re-render the card list when new models are fetched 1`] = `
<div
  data-testid="model-directory-root-8482f1cc-0786-423f-821e-34b6b712d63f"
  style="width: 100%; height: 100%;"
>
  <div
    class="MuiGrid-root MuiGrid-container css-1oryus-MuiGrid-root"
    data-testid="content-layout-root-14c01398-e7fc-4b09-8dcb-3195acdf120a"
  >
    <div
      style="width: 100%; height: 100%; opacity: 0.2;"
    >
      <div
        class="MuiBox-root css-5oylek"
      >
        <div
          class="MuiGrid-root MuiGrid-item css-3n7c8z-MuiGrid-root"
        >
          <div
            data-testid="model-directory-header-8482f1cc-0786-423f-821e-34b6b712d78u"
          >
            My Model Directory Header
          </div>
        </div>
        <div
          class="MuiGrid-root MuiGrid-item css-dtpx7v-MuiGrid-root"
          data-testid="content-layout-main-14c01398-e7fc-4b09-8dcb-3195acdf120a"
          tabindex="0"
        >
          <div
            data-testid="models-card-list-d2c56aa9-8c26-42a0-83f0-905e0d63c821"
          >
             My Models Card List
          </div>
        </div>
      </div>
    </div>
  </div>
  <div
    data-testid="model-properties-drawer-a76cf289-b403-4782-a886-b56047a8fff9"
  >
    My Model Properties Drawer
  </div>
</div>
`;
