// Jest Snapshot v1, https://goo.gl/fbAQLP

exports[`TableLoadingRows should render correctly: skeleton-row-d85242de-5f0d-4a38-b469-bde62e24f992 1`] = `
Array [
  <tr
    class="MuiTableRow-root css-1ainsvg-MuiTableRow-root"
    data-testid="skeleton-row-d85242de-5f0d-4a38-b469-bde62e24f992"
  >
    <td
      class="MuiTableCell-root MuiTableCell-body MuiTableCell-sizeMedium css-v1ygqa-MuiTableCell-root"
      data-testid="skeleton-cell-d85242de-5f0d-4a38-b469-bde62e24f992"
    >
      <span
        class="MuiSkeleton-root MuiSkeleton-text MuiSkeleton-pulse css-13lvsy0-MuiSkeleton-root"
      />
    </td>
    <td
      class="MuiTableCell-root MuiTableCell-body MuiTableCell-sizeMedium css-v1ygqa-MuiTableCell-root"
      data-testid="skeleton-cell-d85242de-5f0d-4a38-b469-bde62e24f992"
    >
      <span
        class="MuiSkeleton-root MuiSkeleton-text MuiSkeleton-pulse css-13lvsy0-MuiSkeleton-root"
      />
    </td>
    <td
      class="MuiTableCell-root MuiTableCell-body MuiTableCell-sizeMedium css-v1ygqa-MuiTableCell-root"
      data-testid="skeleton-cell-d85242de-5f0d-4a38-b469-bde62e24f992"
    >
      <span
        class="MuiSkeleton-root MuiSkeleton-text MuiSkeleton-pulse css-13lvsy0-MuiSkeleton-root"
      />
    </td>
    <td
      class="MuiTableCell-root MuiTableCell-body MuiTableCell-sizeMedium css-v1ygqa-MuiTableCell-root"
      data-testid="skeleton-cell-d85242de-5f0d-4a38-b469-bde62e24f992"
    >
      <span
        class="MuiSkeleton-root MuiSkeleton-text MuiSkeleton-pulse css-13lvsy0-MuiSkeleton-root"
      />
    </td>
    <td
      class="MuiTableCell-root MuiTableCell-body MuiTableCell-sizeMedium css-v1ygqa-MuiTableCell-root"
      data-testid="skeleton-cell-d85242de-5f0d-4a38-b469-bde62e24f992"
    >
      <span
        class="MuiSkeleton-root MuiSkeleton-text MuiSkeleton-pulse css-13lvsy0-MuiSkeleton-root"
      />
    </td>
  </tr>,
  <tr
    class="MuiTableRow-root css-1ainsvg-MuiTableRow-root"
    data-testid="skeleton-row-d85242de-5f0d-4a38-b469-bde62e24f992"
  >
    <td
      class="MuiTableCell-root MuiTableCell-body MuiTableCell-sizeMedium css-v1ygqa-MuiTableCell-root"
      data-testid="skeleton-cell-d85242de-5f0d-4a38-b469-bde62e24f992"
    >
      <span
        class="MuiSkeleton-root MuiSkeleton-text MuiSkeleton-pulse css-13lvsy0-MuiSkeleton-root"
      />
    </td>
    <td
      class="MuiTableCell-root MuiTableCell-body MuiTableCell-sizeMedium css-v1ygqa-MuiTableCell-root"
      data-testid="skeleton-cell-d85242de-5f0d-4a38-b469-bde62e24f992"
    >
      <span
        class="MuiSkeleton-root MuiSkeleton-text MuiSkeleton-pulse css-13lvsy0-MuiSkeleton-root"
      />
    </td>
    <td
      class="MuiTableCell-root MuiTableCell-body MuiTableCell-sizeMedium css-v1ygqa-MuiTableCell-root"
      data-testid="skeleton-cell-d85242de-5f0d-4a38-b469-bde62e24f992"
    >
      <span
        class="MuiSkeleton-root MuiSkeleton-text MuiSkeleton-pulse css-13lvsy0-MuiSkeleton-root"
      />
    </td>
    <td
      class="MuiTableCell-root MuiTableCell-body MuiTableCell-sizeMedium css-v1ygqa-MuiTableCell-root"
      data-testid="skeleton-cell-d85242de-5f0d-4a38-b469-bde62e24f992"
    >
      <span
        class="MuiSkeleton-root MuiSkeleton-text MuiSkeleton-pulse css-13lvsy0-MuiSkeleton-root"
      />
    </td>
    <td
      class="MuiTableCell-root MuiTableCell-body MuiTableCell-sizeMedium css-v1ygqa-MuiTableCell-root"
      data-testid="skeleton-cell-d85242de-5f0d-4a38-b469-bde62e24f992"
    >
      <span
        class="MuiSkeleton-root MuiSkeleton-text MuiSkeleton-pulse css-13lvsy0-MuiSkeleton-root"
      />
    </td>
  </tr>,
  <tr
    class="MuiTableRow-root css-1ainsvg-MuiTableRow-root"
    data-testid="skeleton-row-d85242de-5f0d-4a38-b469-bde62e24f992"
  >
    <td
      class="MuiTableCell-root MuiTableCell-body MuiTableCell-sizeMedium css-v1ygqa-MuiTableCell-root"
      data-testid="skeleton-cell-d85242de-5f0d-4a38-b469-bde62e24f992"
    >
      <span
        class="MuiSkeleton-root MuiSkeleton-text MuiSkeleton-pulse css-13lvsy0-MuiSkeleton-root"
      />
    </td>
    <td
      class="MuiTableCell-root MuiTableCell-body MuiTableCell-sizeMedium css-v1ygqa-MuiTableCell-root"
      data-testid="skeleton-cell-d85242de-5f0d-4a38-b469-bde62e24f992"
    >
      <span
        class="MuiSkeleton-root MuiSkeleton-text MuiSkeleton-pulse css-13lvsy0-MuiSkeleton-root"
      />
    </td>
    <td
      class="MuiTableCell-root MuiTableCell-body MuiTableCell-sizeMedium css-v1ygqa-MuiTableCell-root"
      data-testid="skeleton-cell-d85242de-5f0d-4a38-b469-bde62e24f992"
    >
      <span
        class="MuiSkeleton-root MuiSkeleton-text MuiSkeleton-pulse css-13lvsy0-MuiSkeleton-root"
      />
    </td>
    <td
      class="MuiTableCell-root MuiTableCell-body MuiTableCell-sizeMedium css-v1ygqa-MuiTableCell-root"
      data-testid="skeleton-cell-d85242de-5f0d-4a38-b469-bde62e24f992"
    >
      <span
        class="MuiSkeleton-root MuiSkeleton-text MuiSkeleton-pulse css-13lvsy0-MuiSkeleton-root"
      />
    </td>
    <td
      class="MuiTableCell-root MuiTableCell-body MuiTableCell-sizeMedium css-v1ygqa-MuiTableCell-root"
      data-testid="skeleton-cell-d85242de-5f0d-4a38-b469-bde62e24f992"
    >
      <span
        class="MuiSkeleton-root MuiSkeleton-text MuiSkeleton-pulse css-13lvsy0-MuiSkeleton-root"
      />
    </td>
  </tr>,
  <tr
    class="MuiTableRow-root css-1ainsvg-MuiTableRow-root"
    data-testid="skeleton-row-d85242de-5f0d-4a38-b469-bde62e24f992"
  >
    <td
      class="MuiTableCell-root MuiTableCell-body MuiTableCell-sizeMedium css-v1ygqa-MuiTableCell-root"
      data-testid="skeleton-cell-d85242de-5f0d-4a38-b469-bde62e24f992"
    >
      <span
        class="MuiSkeleton-root MuiSkeleton-text MuiSkeleton-pulse css-13lvsy0-MuiSkeleton-root"
      />
    </td>
    <td
      class="MuiTableCell-root MuiTableCell-body MuiTableCell-sizeMedium css-v1ygqa-MuiTableCell-root"
      data-testid="skeleton-cell-d85242de-5f0d-4a38-b469-bde62e24f992"
    >
      <span
        class="MuiSkeleton-root MuiSkeleton-text MuiSkeleton-pulse css-13lvsy0-MuiSkeleton-root"
      />
    </td>
    <td
      class="MuiTableCell-root MuiTableCell-body MuiTableCell-sizeMedium css-v1ygqa-MuiTableCell-root"
      data-testid="skeleton-cell-d85242de-5f0d-4a38-b469-bde62e24f992"
    >
      <span
        class="MuiSkeleton-root MuiSkeleton-text MuiSkeleton-pulse css-13lvsy0-MuiSkeleton-root"
      />
    </td>
    <td
      class="MuiTableCell-root MuiTableCell-body MuiTableCell-sizeMedium css-v1ygqa-MuiTableCell-root"
      data-testid="skeleton-cell-d85242de-5f0d-4a38-b469-bde62e24f992"
    >
      <span
        class="MuiSkeleton-root MuiSkeleton-text MuiSkeleton-pulse css-13lvsy0-MuiSkeleton-root"
      />
    </td>
    <td
      class="MuiTableCell-root MuiTableCell-body MuiTableCell-sizeMedium css-v1ygqa-MuiTableCell-root"
      data-testid="skeleton-cell-d85242de-5f0d-4a38-b469-bde62e24f992"
    >
      <span
        class="MuiSkeleton-root MuiSkeleton-text MuiSkeleton-pulse css-13lvsy0-MuiSkeleton-root"
      />
    </td>
  </tr>,
  <tr
    class="MuiTableRow-root css-1ainsvg-MuiTableRow-root"
    data-testid="skeleton-row-d85242de-5f0d-4a38-b469-bde62e24f992"
  >
    <td
      class="MuiTableCell-root MuiTableCell-body MuiTableCell-sizeMedium css-v1ygqa-MuiTableCell-root"
      data-testid="skeleton-cell-d85242de-5f0d-4a38-b469-bde62e24f992"
    >
      <span
        class="MuiSkeleton-root MuiSkeleton-text MuiSkeleton-pulse css-13lvsy0-MuiSkeleton-root"
      />
    </td>
    <td
      class="MuiTableCell-root MuiTableCell-body MuiTableCell-sizeMedium css-v1ygqa-MuiTableCell-root"
      data-testid="skeleton-cell-d85242de-5f0d-4a38-b469-bde62e24f992"
    >
      <span
        class="MuiSkeleton-root MuiSkeleton-text MuiSkeleton-pulse css-13lvsy0-MuiSkeleton-root"
      />
    </td>
    <td
      class="MuiTableCell-root MuiTableCell-body MuiTableCell-sizeMedium css-v1ygqa-MuiTableCell-root"
      data-testid="skeleton-cell-d85242de-5f0d-4a38-b469-bde62e24f992"
    >
      <span
        class="MuiSkeleton-root MuiSkeleton-text MuiSkeleton-pulse css-13lvsy0-MuiSkeleton-root"
      />
    </td>
    <td
      class="MuiTableCell-root MuiTableCell-body MuiTableCell-sizeMedium css-v1ygqa-MuiTableCell-root"
      data-testid="skeleton-cell-d85242de-5f0d-4a38-b469-bde62e24f992"
    >
      <span
        class="MuiSkeleton-root MuiSkeleton-text MuiSkeleton-pulse css-13lvsy0-MuiSkeleton-root"
      />
    </td>
    <td
      class="MuiTableCell-root MuiTableCell-body MuiTableCell-sizeMedium css-v1ygqa-MuiTableCell-root"
      data-testid="skeleton-cell-d85242de-5f0d-4a38-b469-bde62e24f992"
    >
      <span
        class="MuiSkeleton-root MuiSkeleton-text MuiSkeleton-pulse css-13lvsy0-MuiSkeleton-root"
      />
    </td>
  </tr>,
  <tr
    class="MuiTableRow-root css-1ainsvg-MuiTableRow-root"
    data-testid="skeleton-row-d85242de-5f0d-4a38-b469-bde62e24f992"
  >
    <td
      class="MuiTableCell-root MuiTableCell-body MuiTableCell-sizeMedium css-v1ygqa-MuiTableCell-root"
      data-testid="skeleton-cell-d85242de-5f0d-4a38-b469-bde62e24f992"
    >
      <span
        class="MuiSkeleton-root MuiSkeleton-text MuiSkeleton-pulse css-13lvsy0-MuiSkeleton-root"
      />
    </td>
    <td
      class="MuiTableCell-root MuiTableCell-body MuiTableCell-sizeMedium css-v1ygqa-MuiTableCell-root"
      data-testid="skeleton-cell-d85242de-5f0d-4a38-b469-bde62e24f992"
    >
      <span
        class="MuiSkeleton-root MuiSkeleton-text MuiSkeleton-pulse css-13lvsy0-MuiSkeleton-root"
      />
    </td>
    <td
      class="MuiTableCell-root MuiTableCell-body MuiTableCell-sizeMedium css-v1ygqa-MuiTableCell-root"
      data-testid="skeleton-cell-d85242de-5f0d-4a38-b469-bde62e24f992"
    >
      <span
        class="MuiSkeleton-root MuiSkeleton-text MuiSkeleton-pulse css-13lvsy0-MuiSkeleton-root"
      />
    </td>
    <td
      class="MuiTableCell-root MuiTableCell-body MuiTableCell-sizeMedium css-v1ygqa-MuiTableCell-root"
      data-testid="skeleton-cell-d85242de-5f0d-4a38-b469-bde62e24f992"
    >
      <span
        class="MuiSkeleton-root MuiSkeleton-text MuiSkeleton-pulse css-13lvsy0-MuiSkeleton-root"
      />
    </td>
    <td
      class="MuiTableCell-root MuiTableCell-body MuiTableCell-sizeMedium css-v1ygqa-MuiTableCell-root"
      data-testid="skeleton-cell-d85242de-5f0d-4a38-b469-bde62e24f992"
    >
      <span
        class="MuiSkeleton-root MuiSkeleton-text MuiSkeleton-pulse css-13lvsy0-MuiSkeleton-root"
      />
    </td>
  </tr>,
  <tr
    class="MuiTableRow-root css-1ainsvg-MuiTableRow-root"
    data-testid="skeleton-row-d85242de-5f0d-4a38-b469-bde62e24f992"
  >
    <td
      class="MuiTableCell-root MuiTableCell-body MuiTableCell-sizeMedium css-v1ygqa-MuiTableCell-root"
      data-testid="skeleton-cell-d85242de-5f0d-4a38-b469-bde62e24f992"
    >
      <span
        class="MuiSkeleton-root MuiSkeleton-text MuiSkeleton-pulse css-13lvsy0-MuiSkeleton-root"
      />
    </td>
    <td
      class="MuiTableCell-root MuiTableCell-body MuiTableCell-sizeMedium css-v1ygqa-MuiTableCell-root"
      data-testid="skeleton-cell-d85242de-5f0d-4a38-b469-bde62e24f992"
    >
      <span
        class="MuiSkeleton-root MuiSkeleton-text MuiSkeleton-pulse css-13lvsy0-MuiSkeleton-root"
      />
    </td>
    <td
      class="MuiTableCell-root MuiTableCell-body MuiTableCell-sizeMedium css-v1ygqa-MuiTableCell-root"
      data-testid="skeleton-cell-d85242de-5f0d-4a38-b469-bde62e24f992"
    >
      <span
        class="MuiSkeleton-root MuiSkeleton-text MuiSkeleton-pulse css-13lvsy0-MuiSkeleton-root"
      />
    </td>
    <td
      class="MuiTableCell-root MuiTableCell-body MuiTableCell-sizeMedium css-v1ygqa-MuiTableCell-root"
      data-testid="skeleton-cell-d85242de-5f0d-4a38-b469-bde62e24f992"
    >
      <span
        class="MuiSkeleton-root MuiSkeleton-text MuiSkeleton-pulse css-13lvsy0-MuiSkeleton-root"
      />
    </td>
    <td
      class="MuiTableCell-root MuiTableCell-body MuiTableCell-sizeMedium css-v1ygqa-MuiTableCell-root"
      data-testid="skeleton-cell-d85242de-5f0d-4a38-b469-bde62e24f992"
    >
      <span
        class="MuiSkeleton-root MuiSkeleton-text MuiSkeleton-pulse css-13lvsy0-MuiSkeleton-root"
      />
    </td>
  </tr>,
  <tr
    class="MuiTableRow-root css-1ainsvg-MuiTableRow-root"
    data-testid="skeleton-row-d85242de-5f0d-4a38-b469-bde62e24f992"
  >
    <td
      class="MuiTableCell-root MuiTableCell-body MuiTableCell-sizeMedium css-v1ygqa-MuiTableCell-root"
      data-testid="skeleton-cell-d85242de-5f0d-4a38-b469-bde62e24f992"
    >
      <span
        class="MuiSkeleton-root MuiSkeleton-text MuiSkeleton-pulse css-13lvsy0-MuiSkeleton-root"
      />
    </td>
    <td
      class="MuiTableCell-root MuiTableCell-body MuiTableCell-sizeMedium css-v1ygqa-MuiTableCell-root"
      data-testid="skeleton-cell-d85242de-5f0d-4a38-b469-bde62e24f992"
    >
      <span
        class="MuiSkeleton-root MuiSkeleton-text MuiSkeleton-pulse css-13lvsy0-MuiSkeleton-root"
      />
    </td>
    <td
      class="MuiTableCell-root MuiTableCell-body MuiTableCell-sizeMedium css-v1ygqa-MuiTableCell-root"
      data-testid="skeleton-cell-d85242de-5f0d-4a38-b469-bde62e24f992"
    >
      <span
        class="MuiSkeleton-root MuiSkeleton-text MuiSkeleton-pulse css-13lvsy0-MuiSkeleton-root"
      />
    </td>
    <td
      class="MuiTableCell-root MuiTableCell-body MuiTableCell-sizeMedium css-v1ygqa-MuiTableCell-root"
      data-testid="skeleton-cell-d85242de-5f0d-4a38-b469-bde62e24f992"
    >
      <span
        class="MuiSkeleton-root MuiSkeleton-text MuiSkeleton-pulse css-13lvsy0-MuiSkeleton-root"
      />
    </td>
    <td
      class="MuiTableCell-root MuiTableCell-body MuiTableCell-sizeMedium css-v1ygqa-MuiTableCell-root"
      data-testid="skeleton-cell-d85242de-5f0d-4a38-b469-bde62e24f992"
    >
      <span
        class="MuiSkeleton-root MuiSkeleton-text MuiSkeleton-pulse css-13lvsy0-MuiSkeleton-root"
      />
    </td>
  </tr>,
  <tr
    class="MuiTableRow-root css-1ainsvg-MuiTableRow-root"
    data-testid="skeleton-row-d85242de-5f0d-4a38-b469-bde62e24f992"
  >
    <td
      class="MuiTableCell-root MuiTableCell-body MuiTableCell-sizeMedium css-v1ygqa-MuiTableCell-root"
      data-testid="skeleton-cell-d85242de-5f0d-4a38-b469-bde62e24f992"
    >
      <span
        class="MuiSkeleton-root MuiSkeleton-text MuiSkeleton-pulse css-13lvsy0-MuiSkeleton-root"
      />
    </td>
    <td
      class="MuiTableCell-root MuiTableCell-body MuiTableCell-sizeMedium css-v1ygqa-MuiTableCell-root"
      data-testid="skeleton-cell-d85242de-5f0d-4a38-b469-bde62e24f992"
    >
      <span
        class="MuiSkeleton-root MuiSkeleton-text MuiSkeleton-pulse css-13lvsy0-MuiSkeleton-root"
      />
    </td>
    <td
      class="MuiTableCell-root MuiTableCell-body MuiTableCell-sizeMedium css-v1ygqa-MuiTableCell-root"
      data-testid="skeleton-cell-d85242de-5f0d-4a38-b469-bde62e24f992"
    >
      <span
        class="MuiSkeleton-root MuiSkeleton-text MuiSkeleton-pulse css-13lvsy0-MuiSkeleton-root"
      />
    </td>
    <td
      class="MuiTableCell-root MuiTableCell-body MuiTableCell-sizeMedium css-v1ygqa-MuiTableCell-root"
      data-testid="skeleton-cell-d85242de-5f0d-4a38-b469-bde62e24f992"
    >
      <span
        class="MuiSkeleton-root MuiSkeleton-text MuiSkeleton-pulse css-13lvsy0-MuiSkeleton-root"
      />
    </td>
    <td
      class="MuiTableCell-root MuiTableCell-body MuiTableCell-sizeMedium css-v1ygqa-MuiTableCell-root"
      data-testid="skeleton-cell-d85242de-5f0d-4a38-b469-bde62e24f992"
    >
      <span
        class="MuiSkeleton-root MuiSkeleton-text MuiSkeleton-pulse css-13lvsy0-MuiSkeleton-root"
      />
    </td>
  </tr>,
  <tr
    class="MuiTableRow-root css-1ainsvg-MuiTableRow-root"
    data-testid="skeleton-row-d85242de-5f0d-4a38-b469-bde62e24f992"
  >
    <td
      class="MuiTableCell-root MuiTableCell-body MuiTableCell-sizeMedium css-v1ygqa-MuiTableCell-root"
      data-testid="skeleton-cell-d85242de-5f0d-4a38-b469-bde62e24f992"
    >
      <span
        class="MuiSkeleton-root MuiSkeleton-text MuiSkeleton-pulse css-13lvsy0-MuiSkeleton-root"
      />
    </td>
    <td
      class="MuiTableCell-root MuiTableCell-body MuiTableCell-sizeMedium css-v1ygqa-MuiTableCell-root"
      data-testid="skeleton-cell-d85242de-5f0d-4a38-b469-bde62e24f992"
    >
      <span
        class="MuiSkeleton-root MuiSkeleton-text MuiSkeleton-pulse css-13lvsy0-MuiSkeleton-root"
      />
    </td>
    <td
      class="MuiTableCell-root MuiTableCell-body MuiTableCell-sizeMedium css-v1ygqa-MuiTableCell-root"
      data-testid="skeleton-cell-d85242de-5f0d-4a38-b469-bde62e24f992"
    >
      <span
        class="MuiSkeleton-root MuiSkeleton-text MuiSkeleton-pulse css-13lvsy0-MuiSkeleton-root"
      />
    </td>
    <td
      class="MuiTableCell-root MuiTableCell-body MuiTableCell-sizeMedium css-v1ygqa-MuiTableCell-root"
      data-testid="skeleton-cell-d85242de-5f0d-4a38-b469-bde62e24f992"
    >
      <span
        class="MuiSkeleton-root MuiSkeleton-text MuiSkeleton-pulse css-13lvsy0-MuiSkeleton-root"
      />
    </td>
    <td
      class="MuiTableCell-root MuiTableCell-body MuiTableCell-sizeMedium css-v1ygqa-MuiTableCell-root"
      data-testid="skeleton-cell-d85242de-5f0d-4a38-b469-bde62e24f992"
    >
      <span
        class="MuiSkeleton-root MuiSkeleton-text MuiSkeleton-pulse css-13lvsy0-MuiSkeleton-root"
      />
    </td>
  </tr>,
]
`;
