// Jest Snapshot v1, https://goo.gl/fbAQLP

exports[`BaseOccupationsDoc2csvTransform Test ESCO occupation type should correctly transform occupation data to CSV 1`] = `
[
  {
    "ALTLABELS": "",
    "CODE": "code_0",
    "DEFINITION": "definition_0_^°!"§$%&/()=?\`´*+#'-_.,;<>öäü@[]{}|¡“¶¢[]≠¿'„…∞~<•±æœαβγδεζηθικλμνξοπρστυφχψω€€€",
    "DESCRIPTION": "description_0_^°!"§$%&/()=?\`´*+#'-_.,;<>öäü@[]{}|¡“¶¢[]≠¿'„…∞~<•±æœαβγδεζηθικλμνξοπρστυφχψω€€€",
    "ESCOURI": "ESCOUri_0_^°!"§$%&/()=?\`´*+#'-_.,;<>öäü@[]{}|¡“¶¢[]≠¿'„…∞~<•±æœαβγδεζηθικλμνξοπρστυφχψω€€€",
    "ID": "000000000000000000000000",
    "ISCOGROUPCODE": "ISCOGroupCode_0",
    "OCCUPATIONTYPE": "ESCO",
    "PREFERREDLABEL": "Occupation_0_^°!"§$%&/()=?\`´*+#'-_.,;<>öäü@[]{}|¡“¶¢[]≠¿'„…∞~<•±æœαβγδεζηθικλμνξοπρστυφχψω€€€",
    "REGULATEDPROFESSIONNOTE": "regulatedProfessionNote_0_^°!"§$%&/()=?\`´*+#'-_.,;<>öäü@[]{}|¡“¶¢[]≠¿'„…∞~<•±æœαβγδεζηθικλμνξοπρστυφχψω€€€",
    "SCOPENOTE": "scopeNote_0_^°!"§$%&/()=?\`´*+#'-_.,;<>öäü@[]{}|¡“¶¢[]≠¿'„…∞~<•±æœαβγδεζηθικλμνξοπρστυφχψω€€€",
    "UUIDHISTORY": "",
  },
  {
    "ALTLABELS": "altLabel_1_^°!"§$%&/()=?\`´*+#'-_.,;<>öäü@[]{}|¡“¶¢[]≠¿'„…∞~<•±æœαβγδεζηθικλμνξοπρστυφχψω€€€
altLabel_2_^°!"§$%&/()=?\`´*+#'-_.,;<>öäü@[]{}|¡“¶¢[]≠¿'„…∞~<•±æœαβγδεζηθικλμνξοπρστυφχψω€€€",
    "CODE": "code_1",
    "DEFINITION": "definition_1_^°!"§$%&/()=?\`´*+#'-_.,;<>öäü@[]{}|¡“¶¢[]≠¿'„…∞~<•±æœαβγδεζηθικλμνξοπρστυφχψω€€€",
    "DESCRIPTION": "description_1_^°!"§$%&/()=?\`´*+#'-_.,;<>öäü@[]{}|¡“¶¢[]≠¿'„…∞~<•±æœαβγδεζηθικλμνξοπρστυφχψω€€€",
    "ESCOURI": "ESCOUri_1_^°!"§$%&/()=?\`´*+#'-_.,;<>öäü@[]{}|¡“¶¢[]≠¿'„…∞~<•±æœαβγδεζηθικλμνξοπρστυφχψω€€€",
    "ID": "000000000000000000000001",
    "ISCOGROUPCODE": "ISCOGroupCode_1",
    "OCCUPATIONTYPE": "ESCO",
    "PREFERREDLABEL": "Occupation_1_^°!"§$%&/()=?\`´*+#'-_.,;<>öäü@[]{}|¡“¶¢[]≠¿'„…∞~<•±æœαβγδεζηθικλμνξοπρστυφχψω€€€",
    "REGULATEDPROFESSIONNOTE": "regulatedProfessionNote_1_^°!"§$%&/()=?\`´*+#'-_.,;<>öäü@[]{}|¡“¶¢[]≠¿'„…∞~<•±æœαβγδεζηθικλμνξοπρστυφχψω€€€",
    "SCOPENOTE": "scopeNote_1_^°!"§$%&/()=?\`´*+#'-_.,;<>öäü@[]{}|¡“¶¢[]≠¿'„…∞~<•±æœαβγδεζηθικλμνξοπρστυφχψω€€€",
    "UUIDHISTORY": "uuid_1_^°!"§$%&/()=?\`´*+#'-_.,;<>öäü@[]{}|¡“¶¢[]≠¿'„…∞~<•±æœαβγδεζηθικλμνξοπρστυφχψω€€€",
  },
  {
    "ALTLABELS": "",
    "CODE": "code_2",
    "DEFINITION": "definition_2_^°!"§$%&/()=?\`´*+#'-_.,;<>öäü@[]{}|¡“¶¢[]≠¿'„…∞~<•±æœαβγδεζηθικλμνξοπρστυφχψω€€€",
    "DESCRIPTION": "description_2_^°!"§$%&/()=?\`´*+#'-_.,;<>öäü@[]{}|¡“¶¢[]≠¿'„…∞~<•±æœαβγδεζηθικλμνξοπρστυφχψω€€€",
    "ESCOURI": "ESCOUri_2_^°!"§$%&/()=?\`´*+#'-_.,;<>öäü@[]{}|¡“¶¢[]≠¿'„…∞~<•±æœαβγδεζηθικλμνξοπρστυφχψω€€€",
    "ID": "000000000000000000000002",
    "ISCOGROUPCODE": "ISCOGroupCode_2",
    "OCCUPATIONTYPE": "ESCO",
    "PREFERREDLABEL": "Occupation_2_^°!"§$%&/()=?\`´*+#'-_.,;<>öäü@[]{}|¡“¶¢[]≠¿'„…∞~<•±æœαβγδεζηθικλμνξοπρστυφχψω€€€",
    "REGULATEDPROFESSIONNOTE": "regulatedProfessionNote_2_^°!"§$%&/()=?\`´*+#'-_.,;<>öäü@[]{}|¡“¶¢[]≠¿'„…∞~<•±æœαβγδεζηθικλμνξοπρστυφχψω€€€",
    "SCOPENOTE": "scopeNote_2_^°!"§$%&/()=?\`´*+#'-_.,;<>öäü@[]{}|¡“¶¢[]≠¿'„…∞~<•±æœαβγδεζηθικλμνξοπρστυφχψω€€€",
    "UUIDHISTORY": "",
  },
  {
    "ALTLABELS": "altLabel_1_^°!"§$%&/()=?\`´*+#'-_.,;<>öäü@[]{}|¡“¶¢[]≠¿'„…∞~<•±æœαβγδεζηθικλμνξοπρστυφχψω€€€
altLabel_2_^°!"§$%&/()=?\`´*+#'-_.,;<>öäü@[]{}|¡“¶¢[]≠¿'„…∞~<•±æœαβγδεζηθικλμνξοπρστυφχψω€€€",
    "CODE": "code_3",
    "DEFINITION": "definition_3_^°!"§$%&/()=?\`´*+#'-_.,;<>öäü@[]{}|¡“¶¢[]≠¿'„…∞~<•±æœαβγδεζηθικλμνξοπρστυφχψω€€€",
    "DESCRIPTION": "description_3_^°!"§$%&/()=?\`´*+#'-_.,;<>öäü@[]{}|¡“¶¢[]≠¿'„…∞~<•±æœαβγδεζηθικλμνξοπρστυφχψω€€€",
    "ESCOURI": "ESCOUri_3_^°!"§$%&/()=?\`´*+#'-_.,;<>öäü@[]{}|¡“¶¢[]≠¿'„…∞~<•±æœαβγδεζηθικλμνξοπρστυφχψω€€€",
    "ID": "000000000000000000000003",
    "ISCOGROUPCODE": "ISCOGroupCode_3",
    "OCCUPATIONTYPE": "ESCO",
    "PREFERREDLABEL": "Occupation_3_^°!"§$%&/()=?\`´*+#'-_.,;<>öäü@[]{}|¡“¶¢[]≠¿'„…∞~<•±æœαβγδεζηθικλμνξοπρστυφχψω€€€",
    "REGULATEDPROFESSIONNOTE": "regulatedProfessionNote_3_^°!"§$%&/()=?\`´*+#'-_.,;<>öäü@[]{}|¡“¶¢[]≠¿'„…∞~<•±æœαβγδεζηθικλμνξοπρστυφχψω€€€",
    "SCOPENOTE": "scopeNote_3_^°!"§$%&/()=?\`´*+#'-_.,;<>öäü@[]{}|¡“¶¢[]≠¿'„…∞~<•±æœαβγδεζηθικλμνξοπρστυφχψω€€€",
    "UUIDHISTORY": "uuid_3_^°!"§$%&/()=?\`´*+#'-_.,;<>öäü@[]{}|¡“¶¢[]≠¿'„…∞~<•±æœαβγδεζηθικλμνξοπρστυφχψω€€€",
  },
  {
    "ALTLABELS": "",
    "CODE": "code_4",
    "DEFINITION": "definition_4_^°!"§$%&/()=?\`´*+#'-_.,;<>öäü@[]{}|¡“¶¢[]≠¿'„…∞~<•±æœαβγδεζηθικλμνξοπρστυφχψω€€€",
    "DESCRIPTION": "description_4_^°!"§$%&/()=?\`´*+#'-_.,;<>öäü@[]{}|¡“¶¢[]≠¿'„…∞~<•±æœαβγδεζηθικλμνξοπρστυφχψω€€€",
    "ESCOURI": "ESCOUri_4_^°!"§$%&/()=?\`´*+#'-_.,;<>öäü@[]{}|¡“¶¢[]≠¿'„…∞~<•±æœαβγδεζηθικλμνξοπρστυφχψω€€€",
    "ID": "000000000000000000000004",
    "ISCOGROUPCODE": "ISCOGroupCode_4",
    "OCCUPATIONTYPE": "ESCO",
    "PREFERREDLABEL": "Occupation_4_^°!"§$%&/()=?\`´*+#'-_.,;<>öäü@[]{}|¡“¶¢[]≠¿'„…∞~<•±æœαβγδεζηθικλμνξοπρστυφχψω€€€",
    "REGULATEDPROFESSIONNOTE": "regulatedProfessionNote_4_^°!"§$%&/()=?\`´*+#'-_.,;<>öäü@[]{}|¡“¶¢[]≠¿'„…∞~<•±æœαβγδεζηθικλμνξοπρστυφχψω€€€",
    "SCOPENOTE": "scopeNote_4_^°!"§$%&/()=?\`´*+#'-_.,;<>öäü@[]{}|¡“¶¢[]≠¿'„…∞~<•±æœαβγδεζηθικλμνξοπρστυφχψω€€€",
    "UUIDHISTORY": "",
  },
  {
    "ALTLABELS": "altLabel_1_^°!"§$%&/()=?\`´*+#'-_.,;<>öäü@[]{}|¡“¶¢[]≠¿'„…∞~<•±æœαβγδεζηθικλμνξοπρστυφχψω€€€
altLabel_2_^°!"§$%&/()=?\`´*+#'-_.,;<>öäü@[]{}|¡“¶¢[]≠¿'„…∞~<•±æœαβγδεζηθικλμνξοπρστυφχψω€€€",
    "CODE": "code_5",
    "DEFINITION": "definition_5_^°!"§$%&/()=?\`´*+#'-_.,;<>öäü@[]{}|¡“¶¢[]≠¿'„…∞~<•±æœαβγδεζηθικλμνξοπρστυφχψω€€€",
    "DESCRIPTION": "description_5_^°!"§$%&/()=?\`´*+#'-_.,;<>öäü@[]{}|¡“¶¢[]≠¿'„…∞~<•±æœαβγδεζηθικλμνξοπρστυφχψω€€€",
    "ESCOURI": "ESCOUri_5_^°!"§$%&/()=?\`´*+#'-_.,;<>öäü@[]{}|¡“¶¢[]≠¿'„…∞~<•±æœαβγδεζηθικλμνξοπρστυφχψω€€€",
    "ID": "000000000000000000000005",
    "ISCOGROUPCODE": "ISCOGroupCode_5",
    "OCCUPATIONTYPE": "ESCO",
    "PREFERREDLABEL": "Occupation_5_^°!"§$%&/()=?\`´*+#'-_.,;<>öäü@[]{}|¡“¶¢[]≠¿'„…∞~<•±æœαβγδεζηθικλμνξοπρστυφχψω€€€",
    "REGULATEDPROFESSIONNOTE": "regulatedProfessionNote_5_^°!"§$%&/()=?\`´*+#'-_.,;<>öäü@[]{}|¡“¶¢[]≠¿'„…∞~<•±æœαβγδεζηθικλμνξοπρστυφχψω€€€",
    "SCOPENOTE": "scopeNote_5_^°!"§$%&/()=?\`´*+#'-_.,;<>öäü@[]{}|¡“¶¢[]≠¿'„…∞~<•±æœαβγδεζηθικλμνξοπρστυφχψω€€€",
    "UUIDHISTORY": "uuid_5_^°!"§$%&/()=?\`´*+#'-_.,;<>öäü@[]{}|¡“¶¢[]≠¿'„…∞~<•±æœαβγδεζηθικλμνξοπρστυφχψω€€€",
  },
]
`;

exports[`BaseOccupationsDoc2csvTransform Test ESCO occupation type should correctly transform occupation data to CSV 2`] = `
"ID,ESCOURI,UUIDHISTORY,ISCOGROUPCODE,CODE,PREFERREDLABEL,ALTLABELS,DESCRIPTION,DEFINITION,SCOPENOTE,REGULATEDPROFESSIONNOTE,OCCUPATIONTYPE
000000000000000000000000,"ESCOUri_0_^°!""§$%&/()=?\`´*+#'-_.,;<>öäü@[]{}|¡“¶¢[]≠¿'„…∞~<•±æœαβγδεζηθικλμνξοπρστυφχψω€€€",,ISCOGroupCode_0,code_0,"Occupation_0_^°!""§$%&/()=?\`´*+#'-_.,;<>öäü@[]{}|¡“¶¢[]≠¿'„…∞~<•±æœαβγδεζηθικλμνξοπρστυφχψω€€€",,"description_0_^°!""§$%&/()=?\`´*+#'-_.,;<>öäü@[]{}|¡“¶¢[]≠¿'„…∞~<•±æœαβγδεζηθικλμνξοπρστυφχψω€€€","definition_0_^°!""§$%&/()=?\`´*+#'-_.,;<>öäü@[]{}|¡“¶¢[]≠¿'„…∞~<•±æœαβγδεζηθικλμνξοπρστυφχψω€€€","scopeNote_0_^°!""§$%&/()=?\`´*+#'-_.,;<>öäü@[]{}|¡“¶¢[]≠¿'„…∞~<•±æœαβγδεζηθικλμνξοπρστυφχψω€€€","regulatedProfessionNote_0_^°!""§$%&/()=?\`´*+#'-_.,;<>öäü@[]{}|¡“¶¢[]≠¿'„…∞~<•±æœαβγδεζηθικλμνξοπρστυφχψω€€€",ESCO
000000000000000000000001,"ESCOUri_1_^°!""§$%&/()=?\`´*+#'-_.,;<>öäü@[]{}|¡“¶¢[]≠¿'„…∞~<•±æœαβγδεζηθικλμνξοπρστυφχψω€€€","uuid_1_^°!""§$%&/()=?\`´*+#'-_.,;<>öäü@[]{}|¡“¶¢[]≠¿'„…∞~<•±æœαβγδεζηθικλμνξοπρστυφχψω€€€",ISCOGroupCode_1,code_1,"Occupation_1_^°!""§$%&/()=?\`´*+#'-_.,;<>öäü@[]{}|¡“¶¢[]≠¿'„…∞~<•±æœαβγδεζηθικλμνξοπρστυφχψω€€€","altLabel_1_^°!""§$%&/()=?\`´*+#'-_.,;<>öäü@[]{}|¡“¶¢[]≠¿'„…∞~<•±æœαβγδεζηθικλμνξοπρστυφχψω€€€
altLabel_2_^°!""§$%&/()=?\`´*+#'-_.,;<>öäü@[]{}|¡“¶¢[]≠¿'„…∞~<•±æœαβγδεζηθικλμνξοπρστυφχψω€€€","description_1_^°!""§$%&/()=?\`´*+#'-_.,;<>öäü@[]{}|¡“¶¢[]≠¿'„…∞~<•±æœαβγδεζηθικλμνξοπρστυφχψω€€€","definition_1_^°!""§$%&/()=?\`´*+#'-_.,;<>öäü@[]{}|¡“¶¢[]≠¿'„…∞~<•±æœαβγδεζηθικλμνξοπρστυφχψω€€€","scopeNote_1_^°!""§$%&/()=?\`´*+#'-_.,;<>öäü@[]{}|¡“¶¢[]≠¿'„…∞~<•±æœαβγδεζηθικλμνξοπρστυφχψω€€€","regulatedProfessionNote_1_^°!""§$%&/()=?\`´*+#'-_.,;<>öäü@[]{}|¡“¶¢[]≠¿'„…∞~<•±æœαβγδεζηθικλμνξοπρστυφχψω€€€",ESCO
000000000000000000000002,"ESCOUri_2_^°!""§$%&/()=?\`´*+#'-_.,;<>öäü@[]{}|¡“¶¢[]≠¿'„…∞~<•±æœαβγδεζηθικλμνξοπρστυφχψω€€€",,ISCOGroupCode_2,code_2,"Occupation_2_^°!""§$%&/()=?\`´*+#'-_.,;<>öäü@[]{}|¡“¶¢[]≠¿'„…∞~<•±æœαβγδεζηθικλμνξοπρστυφχψω€€€",,"description_2_^°!""§$%&/()=?\`´*+#'-_.,;<>öäü@[]{}|¡“¶¢[]≠¿'„…∞~<•±æœαβγδεζηθικλμνξοπρστυφχψω€€€","definition_2_^°!""§$%&/()=?\`´*+#'-_.,;<>öäü@[]{}|¡“¶¢[]≠¿'„…∞~<•±æœαβγδεζηθικλμνξοπρστυφχψω€€€","scopeNote_2_^°!""§$%&/()=?\`´*+#'-_.,;<>öäü@[]{}|¡“¶¢[]≠¿'„…∞~<•±æœαβγδεζηθικλμνξοπρστυφχψω€€€","regulatedProfessionNote_2_^°!""§$%&/()=?\`´*+#'-_.,;<>öäü@[]{}|¡“¶¢[]≠¿'„…∞~<•±æœαβγδεζηθικλμνξοπρστυφχψω€€€",ESCO
000000000000000000000003,"ESCOUri_3_^°!""§$%&/()=?\`´*+#'-_.,;<>öäü@[]{}|¡“¶¢[]≠¿'„…∞~<•±æœαβγδεζηθικλμνξοπρστυφχψω€€€","uuid_3_^°!""§$%&/()=?\`´*+#'-_.,;<>öäü@[]{}|¡“¶¢[]≠¿'„…∞~<•±æœαβγδεζηθικλμνξοπρστυφχψω€€€",ISCOGroupCode_3,code_3,"Occupation_3_^°!""§$%&/()=?\`´*+#'-_.,;<>öäü@[]{}|¡“¶¢[]≠¿'„…∞~<•±æœαβγδεζηθικλμνξοπρστυφχψω€€€","altLabel_1_^°!""§$%&/()=?\`´*+#'-_.,;<>öäü@[]{}|¡“¶¢[]≠¿'„…∞~<•±æœαβγδεζηθικλμνξοπρστυφχψω€€€
altLabel_2_^°!""§$%&/()=?\`´*+#'-_.,;<>öäü@[]{}|¡“¶¢[]≠¿'„…∞~<•±æœαβγδεζηθικλμνξοπρστυφχψω€€€","description_3_^°!""§$%&/()=?\`´*+#'-_.,;<>öäü@[]{}|¡“¶¢[]≠¿'„…∞~<•±æœαβγδεζηθικλμνξοπρστυφχψω€€€","definition_3_^°!""§$%&/()=?\`´*+#'-_.,;<>öäü@[]{}|¡“¶¢[]≠¿'„…∞~<•±æœαβγδεζηθικλμνξοπρστυφχψω€€€","scopeNote_3_^°!""§$%&/()=?\`´*+#'-_.,;<>öäü@[]{}|¡“¶¢[]≠¿'„…∞~<•±æœαβγδεζηθικλμνξοπρστυφχψω€€€","regulatedProfessionNote_3_^°!""§$%&/()=?\`´*+#'-_.,;<>öäü@[]{}|¡“¶¢[]≠¿'„…∞~<•±æœαβγδεζηθικλμνξοπρστυφχψω€€€",ESCO
000000000000000000000004,"ESCOUri_4_^°!""§$%&/()=?\`´*+#'-_.,;<>öäü@[]{}|¡“¶¢[]≠¿'„…∞~<•±æœαβγδεζηθικλμνξοπρστυφχψω€€€",,ISCOGroupCode_4,code_4,"Occupation_4_^°!""§$%&/()=?\`´*+#'-_.,;<>öäü@[]{}|¡“¶¢[]≠¿'„…∞~<•±æœαβγδεζηθικλμνξοπρστυφχψω€€€",,"description_4_^°!""§$%&/()=?\`´*+#'-_.,;<>öäü@[]{}|¡“¶¢[]≠¿'„…∞~<•±æœαβγδεζηθικλμνξοπρστυφχψω€€€","definition_4_^°!""§$%&/()=?\`´*+#'-_.,;<>öäü@[]{}|¡“¶¢[]≠¿'„…∞~<•±æœαβγδεζηθικλμνξοπρστυφχψω€€€","scopeNote_4_^°!""§$%&/()=?\`´*+#'-_.,;<>öäü@[]{}|¡“¶¢[]≠¿'„…∞~<•±æœαβγδεζηθικλμνξοπρστυφχψω€€€","regulatedProfessionNote_4_^°!""§$%&/()=?\`´*+#'-_.,;<>öäü@[]{}|¡“¶¢[]≠¿'„…∞~<•±æœαβγδεζηθικλμνξοπρστυφχψω€€€",ESCO
000000000000000000000005,"ESCOUri_5_^°!""§$%&/()=?\`´*+#'-_.,;<>öäü@[]{}|¡“¶¢[]≠¿'„…∞~<•±æœαβγδεζηθικλμνξοπρστυφχψω€€€","uuid_5_^°!""§$%&/()=?\`´*+#'-_.,;<>öäü@[]{}|¡“¶¢[]≠¿'„…∞~<•±æœαβγδεζηθικλμνξοπρστυφχψω€€€",ISCOGroupCode_5,code_5,"Occupation_5_^°!""§$%&/()=?\`´*+#'-_.,;<>öäü@[]{}|¡“¶¢[]≠¿'„…∞~<•±æœαβγδεζηθικλμνξοπρστυφχψω€€€","altLabel_1_^°!""§$%&/()=?\`´*+#'-_.,;<>öäü@[]{}|¡“¶¢[]≠¿'„…∞~<•±æœαβγδεζηθικλμνξοπρστυφχψω€€€
altLabel_2_^°!""§$%&/()=?\`´*+#'-_.,;<>öäü@[]{}|¡“¶¢[]≠¿'„…∞~<•±æœαβγδεζηθικλμνξοπρστυφχψω€€€","description_5_^°!""§$%&/()=?\`´*+#'-_.,;<>öäü@[]{}|¡“¶¢[]≠¿'„…∞~<•±æœαβγδεζηθικλμνξοπρστυφχψω€€€","definition_5_^°!""§$%&/()=?\`´*+#'-_.,;<>öäü@[]{}|¡“¶¢[]≠¿'„…∞~<•±æœαβγδεζηθικλμνξοπρστυφχψω€€€","scopeNote_5_^°!""§$%&/()=?\`´*+#'-_.,;<>öäü@[]{}|¡“¶¢[]≠¿'„…∞~<•±æœαβγδεζηθικλμνξοπρστυφχψω€€€","regulatedProfessionNote_5_^°!""§$%&/()=?\`´*+#'-_.,;<>öäü@[]{}|¡“¶¢[]≠¿'„…∞~<•±æœαβγδεζηθικλμνξοπρστυφχψω€€€",ESCO
"
`;

exports[`BaseOccupationsDoc2csvTransform Test LOCAL occupation type should correctly transform occupation data to CSV 1`] = `
[
  {
    "ALTLABELS": "",
    "CODE": "code_0",
    "DEFINITION": "definition_0_^°!"§$%&/()=?\`´*+#'-_.,;<>öäü@[]{}|¡“¶¢[]≠¿'„…∞~<•±æœαβγδεζηθικλμνξοπρστυφχψω€€€",
    "DESCRIPTION": "description_0_^°!"§$%&/()=?\`´*+#'-_.,;<>öäü@[]{}|¡“¶¢[]≠¿'„…∞~<•±æœαβγδεζηθικλμνξοπρστυφχψω€€€",
    "ESCOURI": "ESCOUri_0_^°!"§$%&/()=?\`´*+#'-_.,;<>öäü@[]{}|¡“¶¢[]≠¿'„…∞~<•±æœαβγδεζηθικλμνξοπρστυφχψω€€€",
    "ID": "000000000000000000000000",
    "ISCOGROUPCODE": "ISCOGroupCode_0",
    "OCCUPATIONTYPE": "LOCAL",
    "PREFERREDLABEL": "Occupation_0_^°!"§$%&/()=?\`´*+#'-_.,;<>öäü@[]{}|¡“¶¢[]≠¿'„…∞~<•±æœαβγδεζηθικλμνξοπρστυφχψω€€€",
    "REGULATEDPROFESSIONNOTE": "regulatedProfessionNote_0_^°!"§$%&/()=?\`´*+#'-_.,;<>öäü@[]{}|¡“¶¢[]≠¿'„…∞~<•±æœαβγδεζηθικλμνξοπρστυφχψω€€€",
    "SCOPENOTE": "scopeNote_0_^°!"§$%&/()=?\`´*+#'-_.,;<>öäü@[]{}|¡“¶¢[]≠¿'„…∞~<•±æœαβγδεζηθικλμνξοπρστυφχψω€€€",
    "UUIDHISTORY": "",
  },
  {
    "ALTLABELS": "altLabel_1_^°!"§$%&/()=?\`´*+#'-_.,;<>öäü@[]{}|¡“¶¢[]≠¿'„…∞~<•±æœαβγδεζηθικλμνξοπρστυφχψω€€€
altLabel_2_^°!"§$%&/()=?\`´*+#'-_.,;<>öäü@[]{}|¡“¶¢[]≠¿'„…∞~<•±æœαβγδεζηθικλμνξοπρστυφχψω€€€",
    "CODE": "code_1",
    "DEFINITION": "definition_1_^°!"§$%&/()=?\`´*+#'-_.,;<>öäü@[]{}|¡“¶¢[]≠¿'„…∞~<•±æœαβγδεζηθικλμνξοπρστυφχψω€€€",
    "DESCRIPTION": "description_1_^°!"§$%&/()=?\`´*+#'-_.,;<>öäü@[]{}|¡“¶¢[]≠¿'„…∞~<•±æœαβγδεζηθικλμνξοπρστυφχψω€€€",
    "ESCOURI": "ESCOUri_1_^°!"§$%&/()=?\`´*+#'-_.,;<>öäü@[]{}|¡“¶¢[]≠¿'„…∞~<•±æœαβγδεζηθικλμνξοπρστυφχψω€€€",
    "ID": "000000000000000000000001",
    "ISCOGROUPCODE": "ISCOGroupCode_1",
    "OCCUPATIONTYPE": "LOCAL",
    "PREFERREDLABEL": "Occupation_1_^°!"§$%&/()=?\`´*+#'-_.,;<>öäü@[]{}|¡“¶¢[]≠¿'„…∞~<•±æœαβγδεζηθικλμνξοπρστυφχψω€€€",
    "REGULATEDPROFESSIONNOTE": "regulatedProfessionNote_1_^°!"§$%&/()=?\`´*+#'-_.,;<>öäü@[]{}|¡“¶¢[]≠¿'„…∞~<•±æœαβγδεζηθικλμνξοπρστυφχψω€€€",
    "SCOPENOTE": "scopeNote_1_^°!"§$%&/()=?\`´*+#'-_.,;<>öäü@[]{}|¡“¶¢[]≠¿'„…∞~<•±æœαβγδεζηθικλμνξοπρστυφχψω€€€",
    "UUIDHISTORY": "uuid_1_^°!"§$%&/()=?\`´*+#'-_.,;<>öäü@[]{}|¡“¶¢[]≠¿'„…∞~<•±æœαβγδεζηθικλμνξοπρστυφχψω€€€",
  },
  {
    "ALTLABELS": "",
    "CODE": "code_2",
    "DEFINITION": "definition_2_^°!"§$%&/()=?\`´*+#'-_.,;<>öäü@[]{}|¡“¶¢[]≠¿'„…∞~<•±æœαβγδεζηθικλμνξοπρστυφχψω€€€",
    "DESCRIPTION": "description_2_^°!"§$%&/()=?\`´*+#'-_.,;<>öäü@[]{}|¡“¶¢[]≠¿'„…∞~<•±æœαβγδεζηθικλμνξοπρστυφχψω€€€",
    "ESCOURI": "ESCOUri_2_^°!"§$%&/()=?\`´*+#'-_.,;<>öäü@[]{}|¡“¶¢[]≠¿'„…∞~<•±æœαβγδεζηθικλμνξοπρστυφχψω€€€",
    "ID": "000000000000000000000002",
    "ISCOGROUPCODE": "ISCOGroupCode_2",
    "OCCUPATIONTYPE": "LOCAL",
    "PREFERREDLABEL": "Occupation_2_^°!"§$%&/()=?\`´*+#'-_.,;<>öäü@[]{}|¡“¶¢[]≠¿'„…∞~<•±æœαβγδεζηθικλμνξοπρστυφχψω€€€",
    "REGULATEDPROFESSIONNOTE": "regulatedProfessionNote_2_^°!"§$%&/()=?\`´*+#'-_.,;<>öäü@[]{}|¡“¶¢[]≠¿'„…∞~<•±æœαβγδεζηθικλμνξοπρστυφχψω€€€",
    "SCOPENOTE": "scopeNote_2_^°!"§$%&/()=?\`´*+#'-_.,;<>öäü@[]{}|¡“¶¢[]≠¿'„…∞~<•±æœαβγδεζηθικλμνξοπρστυφχψω€€€",
    "UUIDHISTORY": "",
  },
  {
    "ALTLABELS": "altLabel_1_^°!"§$%&/()=?\`´*+#'-_.,;<>öäü@[]{}|¡“¶¢[]≠¿'„…∞~<•±æœαβγδεζηθικλμνξοπρστυφχψω€€€
altLabel_2_^°!"§$%&/()=?\`´*+#'-_.,;<>öäü@[]{}|¡“¶¢[]≠¿'„…∞~<•±æœαβγδεζηθικλμνξοπρστυφχψω€€€",
    "CODE": "code_3",
    "DEFINITION": "definition_3_^°!"§$%&/()=?\`´*+#'-_.,;<>öäü@[]{}|¡“¶¢[]≠¿'„…∞~<•±æœαβγδεζηθικλμνξοπρστυφχψω€€€",
    "DESCRIPTION": "description_3_^°!"§$%&/()=?\`´*+#'-_.,;<>öäü@[]{}|¡“¶¢[]≠¿'„…∞~<•±æœαβγδεζηθικλμνξοπρστυφχψω€€€",
    "ESCOURI": "ESCOUri_3_^°!"§$%&/()=?\`´*+#'-_.,;<>öäü@[]{}|¡“¶¢[]≠¿'„…∞~<•±æœαβγδεζηθικλμνξοπρστυφχψω€€€",
    "ID": "000000000000000000000003",
    "ISCOGROUPCODE": "ISCOGroupCode_3",
    "OCCUPATIONTYPE": "LOCAL",
    "PREFERREDLABEL": "Occupation_3_^°!"§$%&/()=?\`´*+#'-_.,;<>öäü@[]{}|¡“¶¢[]≠¿'„…∞~<•±æœαβγδεζηθικλμνξοπρστυφχψω€€€",
    "REGULATEDPROFESSIONNOTE": "regulatedProfessionNote_3_^°!"§$%&/()=?\`´*+#'-_.,;<>öäü@[]{}|¡“¶¢[]≠¿'„…∞~<•±æœαβγδεζηθικλμνξοπρστυφχψω€€€",
    "SCOPENOTE": "scopeNote_3_^°!"§$%&/()=?\`´*+#'-_.,;<>öäü@[]{}|¡“¶¢[]≠¿'„…∞~<•±æœαβγδεζηθικλμνξοπρστυφχψω€€€",
    "UUIDHISTORY": "uuid_3_^°!"§$%&/()=?\`´*+#'-_.,;<>öäü@[]{}|¡“¶¢[]≠¿'„…∞~<•±æœαβγδεζηθικλμνξοπρστυφχψω€€€",
  },
  {
    "ALTLABELS": "",
    "CODE": "code_4",
    "DEFINITION": "definition_4_^°!"§$%&/()=?\`´*+#'-_.,;<>öäü@[]{}|¡“¶¢[]≠¿'„…∞~<•±æœαβγδεζηθικλμνξοπρστυφχψω€€€",
    "DESCRIPTION": "description_4_^°!"§$%&/()=?\`´*+#'-_.,;<>öäü@[]{}|¡“¶¢[]≠¿'„…∞~<•±æœαβγδεζηθικλμνξοπρστυφχψω€€€",
    "ESCOURI": "ESCOUri_4_^°!"§$%&/()=?\`´*+#'-_.,;<>öäü@[]{}|¡“¶¢[]≠¿'„…∞~<•±æœαβγδεζηθικλμνξοπρστυφχψω€€€",
    "ID": "000000000000000000000004",
    "ISCOGROUPCODE": "ISCOGroupCode_4",
    "OCCUPATIONTYPE": "LOCAL",
    "PREFERREDLABEL": "Occupation_4_^°!"§$%&/()=?\`´*+#'-_.,;<>öäü@[]{}|¡“¶¢[]≠¿'„…∞~<•±æœαβγδεζηθικλμνξοπρστυφχψω€€€",
    "REGULATEDPROFESSIONNOTE": "regulatedProfessionNote_4_^°!"§$%&/()=?\`´*+#'-_.,;<>öäü@[]{}|¡“¶¢[]≠¿'„…∞~<•±æœαβγδεζηθικλμνξοπρστυφχψω€€€",
    "SCOPENOTE": "scopeNote_4_^°!"§$%&/()=?\`´*+#'-_.,;<>öäü@[]{}|¡“¶¢[]≠¿'„…∞~<•±æœαβγδεζηθικλμνξοπρστυφχψω€€€",
    "UUIDHISTORY": "",
  },
  {
    "ALTLABELS": "altLabel_1_^°!"§$%&/()=?\`´*+#'-_.,;<>öäü@[]{}|¡“¶¢[]≠¿'„…∞~<•±æœαβγδεζηθικλμνξοπρστυφχψω€€€
altLabel_2_^°!"§$%&/()=?\`´*+#'-_.,;<>öäü@[]{}|¡“¶¢[]≠¿'„…∞~<•±æœαβγδεζηθικλμνξοπρστυφχψω€€€",
    "CODE": "code_5",
    "DEFINITION": "definition_5_^°!"§$%&/()=?\`´*+#'-_.,;<>öäü@[]{}|¡“¶¢[]≠¿'„…∞~<•±æœαβγδεζηθικλμνξοπρστυφχψω€€€",
    "DESCRIPTION": "description_5_^°!"§$%&/()=?\`´*+#'-_.,;<>öäü@[]{}|¡“¶¢[]≠¿'„…∞~<•±æœαβγδεζηθικλμνξοπρστυφχψω€€€",
    "ESCOURI": "ESCOUri_5_^°!"§$%&/()=?\`´*+#'-_.,;<>öäü@[]{}|¡“¶¢[]≠¿'„…∞~<•±æœαβγδεζηθικλμνξοπρστυφχψω€€€",
    "ID": "000000000000000000000005",
    "ISCOGROUPCODE": "ISCOGroupCode_5",
    "OCCUPATIONTYPE": "LOCAL",
    "PREFERREDLABEL": "Occupation_5_^°!"§$%&/()=?\`´*+#'-_.,;<>öäü@[]{}|¡“¶¢[]≠¿'„…∞~<•±æœαβγδεζηθικλμνξοπρστυφχψω€€€",
    "REGULATEDPROFESSIONNOTE": "regulatedProfessionNote_5_^°!"§$%&/()=?\`´*+#'-_.,;<>öäü@[]{}|¡“¶¢[]≠¿'„…∞~<•±æœαβγδεζηθικλμνξοπρστυφχψω€€€",
    "SCOPENOTE": "scopeNote_5_^°!"§$%&/()=?\`´*+#'-_.,;<>öäü@[]{}|¡“¶¢[]≠¿'„…∞~<•±æœαβγδεζηθικλμνξοπρστυφχψω€€€",
    "UUIDHISTORY": "uuid_5_^°!"§$%&/()=?\`´*+#'-_.,;<>öäü@[]{}|¡“¶¢[]≠¿'„…∞~<•±æœαβγδεζηθικλμνξοπρστυφχψω€€€",
  },
]
`;

exports[`BaseOccupationsDoc2csvTransform Test LOCAL occupation type should correctly transform occupation data to CSV 2`] = `
"ID,ESCOURI,UUIDHISTORY,ISCOGROUPCODE,CODE,PREFERREDLABEL,ALTLABELS,DESCRIPTION,DEFINITION,SCOPENOTE,REGULATEDPROFESSIONNOTE,OCCUPATIONTYPE
000000000000000000000000,"ESCOUri_0_^°!""§$%&/()=?\`´*+#'-_.,;<>öäü@[]{}|¡“¶¢[]≠¿'„…∞~<•±æœαβγδεζηθικλμνξοπρστυφχψω€€€",,ISCOGroupCode_0,code_0,"Occupation_0_^°!""§$%&/()=?\`´*+#'-_.,;<>öäü@[]{}|¡“¶¢[]≠¿'„…∞~<•±æœαβγδεζηθικλμνξοπρστυφχψω€€€",,"description_0_^°!""§$%&/()=?\`´*+#'-_.,;<>öäü@[]{}|¡“¶¢[]≠¿'„…∞~<•±æœαβγδεζηθικλμνξοπρστυφχψω€€€","definition_0_^°!""§$%&/()=?\`´*+#'-_.,;<>öäü@[]{}|¡“¶¢[]≠¿'„…∞~<•±æœαβγδεζηθικλμνξοπρστυφχψω€€€","scopeNote_0_^°!""§$%&/()=?\`´*+#'-_.,;<>öäü@[]{}|¡“¶¢[]≠¿'„…∞~<•±æœαβγδεζηθικλμνξοπρστυφχψω€€€","regulatedProfessionNote_0_^°!""§$%&/()=?\`´*+#'-_.,;<>öäü@[]{}|¡“¶¢[]≠¿'„…∞~<•±æœαβγδεζηθικλμνξοπρστυφχψω€€€",LOCAL
000000000000000000000001,"ESCOUri_1_^°!""§$%&/()=?\`´*+#'-_.,;<>öäü@[]{}|¡“¶¢[]≠¿'„…∞~<•±æœαβγδεζηθικλμνξοπρστυφχψω€€€","uuid_1_^°!""§$%&/()=?\`´*+#'-_.,;<>öäü@[]{}|¡“¶¢[]≠¿'„…∞~<•±æœαβγδεζηθικλμνξοπρστυφχψω€€€",ISCOGroupCode_1,code_1,"Occupation_1_^°!""§$%&/()=?\`´*+#'-_.,;<>öäü@[]{}|¡“¶¢[]≠¿'„…∞~<•±æœαβγδεζηθικλμνξοπρστυφχψω€€€","altLabel_1_^°!""§$%&/()=?\`´*+#'-_.,;<>öäü@[]{}|¡“¶¢[]≠¿'„…∞~<•±æœαβγδεζηθικλμνξοπρστυφχψω€€€
altLabel_2_^°!""§$%&/()=?\`´*+#'-_.,;<>öäü@[]{}|¡“¶¢[]≠¿'„…∞~<•±æœαβγδεζηθικλμνξοπρστυφχψω€€€","description_1_^°!""§$%&/()=?\`´*+#'-_.,;<>öäü@[]{}|¡“¶¢[]≠¿'„…∞~<•±æœαβγδεζηθικλμνξοπρστυφχψω€€€","definition_1_^°!""§$%&/()=?\`´*+#'-_.,;<>öäü@[]{}|¡“¶¢[]≠¿'„…∞~<•±æœαβγδεζηθικλμνξοπρστυφχψω€€€","scopeNote_1_^°!""§$%&/()=?\`´*+#'-_.,;<>öäü@[]{}|¡“¶¢[]≠¿'„…∞~<•±æœαβγδεζηθικλμνξοπρστυφχψω€€€","regulatedProfessionNote_1_^°!""§$%&/()=?\`´*+#'-_.,;<>öäü@[]{}|¡“¶¢[]≠¿'„…∞~<•±æœαβγδεζηθικλμνξοπρστυφχψω€€€",LOCAL
000000000000000000000002,"ESCOUri_2_^°!""§$%&/()=?\`´*+#'-_.,;<>öäü@[]{}|¡“¶¢[]≠¿'„…∞~<•±æœαβγδεζηθικλμνξοπρστυφχψω€€€",,ISCOGroupCode_2,code_2,"Occupation_2_^°!""§$%&/()=?\`´*+#'-_.,;<>öäü@[]{}|¡“¶¢[]≠¿'„…∞~<•±æœαβγδεζηθικλμνξοπρστυφχψω€€€",,"description_2_^°!""§$%&/()=?\`´*+#'-_.,;<>öäü@[]{}|¡“¶¢[]≠¿'„…∞~<•±æœαβγδεζηθικλμνξοπρστυφχψω€€€","definition_2_^°!""§$%&/()=?\`´*+#'-_.,;<>öäü@[]{}|¡“¶¢[]≠¿'„…∞~<•±æœαβγδεζηθικλμνξοπρστυφχψω€€€","scopeNote_2_^°!""§$%&/()=?\`´*+#'-_.,;<>öäü@[]{}|¡“¶¢[]≠¿'„…∞~<•±æœαβγδεζηθικλμνξοπρστυφχψω€€€","regulatedProfessionNote_2_^°!""§$%&/()=?\`´*+#'-_.,;<>öäü@[]{}|¡“¶¢[]≠¿'„…∞~<•±æœαβγδεζηθικλμνξοπρστυφχψω€€€",LOCAL
000000000000000000000003,"ESCOUri_3_^°!""§$%&/()=?\`´*+#'-_.,;<>öäü@[]{}|¡“¶¢[]≠¿'„…∞~<•±æœαβγδεζηθικλμνξοπρστυφχψω€€€","uuid_3_^°!""§$%&/()=?\`´*+#'-_.,;<>öäü@[]{}|¡“¶¢[]≠¿'„…∞~<•±æœαβγδεζηθικλμνξοπρστυφχψω€€€",ISCOGroupCode_3,code_3,"Occupation_3_^°!""§$%&/()=?\`´*+#'-_.,;<>öäü@[]{}|¡“¶¢[]≠¿'„…∞~<•±æœαβγδεζηθικλμνξοπρστυφχψω€€€","altLabel_1_^°!""§$%&/()=?\`´*+#'-_.,;<>öäü@[]{}|¡“¶¢[]≠¿'„…∞~<•±æœαβγδεζηθικλμνξοπρστυφχψω€€€
altLabel_2_^°!""§$%&/()=?\`´*+#'-_.,;<>öäü@[]{}|¡“¶¢[]≠¿'„…∞~<•±æœαβγδεζηθικλμνξοπρστυφχψω€€€","description_3_^°!""§$%&/()=?\`´*+#'-_.,;<>öäü@[]{}|¡“¶¢[]≠¿'„…∞~<•±æœαβγδεζηθικλμνξοπρστυφχψω€€€","definition_3_^°!""§$%&/()=?\`´*+#'-_.,;<>öäü@[]{}|¡“¶¢[]≠¿'„…∞~<•±æœαβγδεζηθικλμνξοπρστυφχψω€€€","scopeNote_3_^°!""§$%&/()=?\`´*+#'-_.,;<>öäü@[]{}|¡“¶¢[]≠¿'„…∞~<•±æœαβγδεζηθικλμνξοπρστυφχψω€€€","regulatedProfessionNote_3_^°!""§$%&/()=?\`´*+#'-_.,;<>öäü@[]{}|¡“¶¢[]≠¿'„…∞~<•±æœαβγδεζηθικλμνξοπρστυφχψω€€€",LOCAL
000000000000000000000004,"ESCOUri_4_^°!""§$%&/()=?\`´*+#'-_.,;<>öäü@[]{}|¡“¶¢[]≠¿'„…∞~<•±æœαβγδεζηθικλμνξοπρστυφχψω€€€",,ISCOGroupCode_4,code_4,"Occupation_4_^°!""§$%&/()=?\`´*+#'-_.,;<>öäü@[]{}|¡“¶¢[]≠¿'„…∞~<•±æœαβγδεζηθικλμνξοπρστυφχψω€€€",,"description_4_^°!""§$%&/()=?\`´*+#'-_.,;<>öäü@[]{}|¡“¶¢[]≠¿'„…∞~<•±æœαβγδεζηθικλμνξοπρστυφχψω€€€","definition_4_^°!""§$%&/()=?\`´*+#'-_.,;<>öäü@[]{}|¡“¶¢[]≠¿'„…∞~<•±æœαβγδεζηθικλμνξοπρστυφχψω€€€","scopeNote_4_^°!""§$%&/()=?\`´*+#'-_.,;<>öäü@[]{}|¡“¶¢[]≠¿'„…∞~<•±æœαβγδεζηθικλμνξοπρστυφχψω€€€","regulatedProfessionNote_4_^°!""§$%&/()=?\`´*+#'-_.,;<>öäü@[]{}|¡“¶¢[]≠¿'„…∞~<•±æœαβγδεζηθικλμνξοπρστυφχψω€€€",LOCAL
000000000000000000000005,"ESCOUri_5_^°!""§$%&/()=?\`´*+#'-_.,;<>öäü@[]{}|¡“¶¢[]≠¿'„…∞~<•±æœαβγδεζηθικλμνξοπρστυφχψω€€€","uuid_5_^°!""§$%&/()=?\`´*+#'-_.,;<>öäü@[]{}|¡“¶¢[]≠¿'„…∞~<•±æœαβγδεζηθικλμνξοπρστυφχψω€€€",ISCOGroupCode_5,code_5,"Occupation_5_^°!""§$%&/()=?\`´*+#'-_.,;<>öäü@[]{}|¡“¶¢[]≠¿'„…∞~<•±æœαβγδεζηθικλμνξοπρστυφχψω€€€","altLabel_1_^°!""§$%&/()=?\`´*+#'-_.,;<>öäü@[]{}|¡“¶¢[]≠¿'„…∞~<•±æœαβγδεζηθικλμνξοπρστυφχψω€€€
altLabel_2_^°!""§$%&/()=?\`´*+#'-_.,;<>öäü@[]{}|¡“¶¢[]≠¿'„…∞~<•±æœαβγδεζηθικλμνξοπρστυφχψω€€€","description_5_^°!""§$%&/()=?\`´*+#'-_.,;<>öäü@[]{}|¡“¶¢[]≠¿'„…∞~<•±æœαβγδεζηθικλμνξοπρστυφχψω€€€","definition_5_^°!""§$%&/()=?\`´*+#'-_.,;<>öäü@[]{}|¡“¶¢[]≠¿'„…∞~<•±æœαβγδεζηθικλμνξοπρστυφχψω€€€","scopeNote_5_^°!""§$%&/()=?\`´*+#'-_.,;<>öäü@[]{}|¡“¶¢[]≠¿'„…∞~<•±æœαβγδεζηθικλμνξοπρστυφχψω€€€","regulatedProfessionNote_5_^°!""§$%&/()=?\`´*+#'-_.,;<>öäü@[]{}|¡“¶¢[]≠¿'„…∞~<•±æœαβγδεζηθικλμνξοπρστυφχψω€€€",LOCAL
"
`;
