// Jest Snapshot v1, https://goo.gl/fbAQLP

exports[`LocalizedOccupationToCsvTransform should correctly transform LocalizedOccupation data to CSV 1`] = `
[
  {
    "ALTLABELS": "",
    "DESCRIPTION": "description_0_^°!"§$%&/()=?\`´*+#'-_.,;<>öäü@[]{}|¡“¶¢[]≠¿'„…∞~<•±æœαβγδεζηθικλμνξοπρστυφχψω€€€",
    "ID": "000000000000000000000000",
    "LOCALIZESOCCUPATIONID": "000000000000000000000002",
    "OCCUPATIONTYPE": "LOCALIZED",
    "UUIDHISTORY": "",
  },
  {
    "ALTLABELS": "altLabel_1_^°!"§$%&/()=?\`´*+#'-_.,;<>öäü@[]{}|¡“¶¢[]≠¿'„…∞~<•±æœαβγδεζηθικλμνξοπρστυφχψω€€€
altLabel_2_^°!"§$%&/()=?\`´*+#'-_.,;<>öäü@[]{}|¡“¶¢[]≠¿'„…∞~<•±æœαβγδεζηθικλμνξοπρστυφχψω€€€",
    "DESCRIPTION": "description_1_^°!"§$%&/()=?\`´*+#'-_.,;<>öäü@[]{}|¡“¶¢[]≠¿'„…∞~<•±æœαβγδεζηθικλμνξοπρστυφχψω€€€",
    "ID": "000000000000000000000001",
    "LOCALIZESOCCUPATIONID": "000000000000000000000002",
    "OCCUPATIONTYPE": "LOCALIZED",
    "UUIDHISTORY": "uuid_1_^°!"§$%&/()=?\`´*+#'-_.,;<>öäü@[]{}|¡“¶¢[]≠¿'„…∞~<•±æœαβγδεζηθικλμνξοπρστυφχψω€€€
uuid_2_^°!"§$%&/()=?\`´*+#'-_.,;<>öäü@[]{}|¡“¶¢[]≠¿'„…∞~<•±æœαβγδεζηθικλμνξοπρστυφχψω€€€",
  },
  {
    "ALTLABELS": "",
    "DESCRIPTION": "description_2_^°!"§$%&/()=?\`´*+#'-_.,;<>öäü@[]{}|¡“¶¢[]≠¿'„…∞~<•±æœαβγδεζηθικλμνξοπρστυφχψω€€€",
    "ID": "000000000000000000000002",
    "LOCALIZESOCCUPATIONID": "000000000000000000000002",
    "OCCUPATIONTYPE": "LOCALIZED",
    "UUIDHISTORY": "",
  },
  {
    "ALTLABELS": "altLabel_1_^°!"§$%&/()=?\`´*+#'-_.,;<>öäü@[]{}|¡“¶¢[]≠¿'„…∞~<•±æœαβγδεζηθικλμνξοπρστυφχψω€€€
altLabel_2_^°!"§$%&/()=?\`´*+#'-_.,;<>öäü@[]{}|¡“¶¢[]≠¿'„…∞~<•±æœαβγδεζηθικλμνξοπρστυφχψω€€€",
    "DESCRIPTION": "description_3_^°!"§$%&/()=?\`´*+#'-_.,;<>öäü@[]{}|¡“¶¢[]≠¿'„…∞~<•±æœαβγδεζηθικλμνξοπρστυφχψω€€€",
    "ID": "000000000000000000000003",
    "LOCALIZESOCCUPATIONID": "000000000000000000000002",
    "OCCUPATIONTYPE": "LOCALIZED",
    "UUIDHISTORY": "uuid_3_^°!"§$%&/()=?\`´*+#'-_.,;<>öäü@[]{}|¡“¶¢[]≠¿'„…∞~<•±æœαβγδεζηθικλμνξοπρστυφχψω€€€
uuid_4_^°!"§$%&/()=?\`´*+#'-_.,;<>öäü@[]{}|¡“¶¢[]≠¿'„…∞~<•±æœαβγδεζηθικλμνξοπρστυφχψω€€€",
  },
  {
    "ALTLABELS": "",
    "DESCRIPTION": "description_4_^°!"§$%&/()=?\`´*+#'-_.,;<>öäü@[]{}|¡“¶¢[]≠¿'„…∞~<•±æœαβγδεζηθικλμνξοπρστυφχψω€€€",
    "ID": "000000000000000000000004",
    "LOCALIZESOCCUPATIONID": "000000000000000000000002",
    "OCCUPATIONTYPE": "LOCALIZED",
    "UUIDHISTORY": "",
  },
  {
    "ALTLABELS": "altLabel_1_^°!"§$%&/()=?\`´*+#'-_.,;<>öäü@[]{}|¡“¶¢[]≠¿'„…∞~<•±æœαβγδεζηθικλμνξοπρστυφχψω€€€
altLabel_2_^°!"§$%&/()=?\`´*+#'-_.,;<>öäü@[]{}|¡“¶¢[]≠¿'„…∞~<•±æœαβγδεζηθικλμνξοπρστυφχψω€€€",
    "DESCRIPTION": "description_5_^°!"§$%&/()=?\`´*+#'-_.,;<>öäü@[]{}|¡“¶¢[]≠¿'„…∞~<•±æœαβγδεζηθικλμνξοπρστυφχψω€€€",
    "ID": "000000000000000000000005",
    "LOCALIZESOCCUPATIONID": "000000000000000000000002",
    "OCCUPATIONTYPE": "LOCALIZED",
    "UUIDHISTORY": "uuid_5_^°!"§$%&/()=?\`´*+#'-_.,;<>öäü@[]{}|¡“¶¢[]≠¿'„…∞~<•±æœαβγδεζηθικλμνξοπρστυφχψω€€€
uuid_6_^°!"§$%&/()=?\`´*+#'-_.,;<>öäü@[]{}|¡“¶¢[]≠¿'„…∞~<•±æœαβγδεζηθικλμνξοπρστυφχψω€€€",
  },
]
`;

exports[`LocalizedOccupationToCsvTransform should correctly transform LocalizedOccupation data to CSV 2`] = `
"ID,UUIDHISTORY,ALTLABELS,DESCRIPTION,OCCUPATIONTYPE,LOCALIZESOCCUPATIONID
000000000000000000000000,,,"description_0_^°!""§$%&/()=?\`´*+#'-_.,;<>öäü@[]{}|¡“¶¢[]≠¿'„…∞~<•±æœαβγδεζηθικλμνξοπρστυφχψω€€€",LOCALIZED,000000000000000000000002
000000000000000000000001,"uuid_1_^°!""§$%&/()=?\`´*+#'-_.,;<>öäü@[]{}|¡“¶¢[]≠¿'„…∞~<•±æœαβγδεζηθικλμνξοπρστυφχψω€€€
uuid_2_^°!""§$%&/()=?\`´*+#'-_.,;<>öäü@[]{}|¡“¶¢[]≠¿'„…∞~<•±æœαβγδεζηθικλμνξοπρστυφχψω€€€","altLabel_1_^°!""§$%&/()=?\`´*+#'-_.,;<>öäü@[]{}|¡“¶¢[]≠¿'„…∞~<•±æœαβγδεζηθικλμνξοπρστυφχψω€€€
altLabel_2_^°!""§$%&/()=?\`´*+#'-_.,;<>öäü@[]{}|¡“¶¢[]≠¿'„…∞~<•±æœαβγδεζηθικλμνξοπρστυφχψω€€€","description_1_^°!""§$%&/()=?\`´*+#'-_.,;<>öäü@[]{}|¡“¶¢[]≠¿'„…∞~<•±æœαβγδεζηθικλμνξοπρστυφχψω€€€",LOCALIZED,000000000000000000000002
000000000000000000000002,,,"description_2_^°!""§$%&/()=?\`´*+#'-_.,;<>öäü@[]{}|¡“¶¢[]≠¿'„…∞~<•±æœαβγδεζηθικλμνξοπρστυφχψω€€€",LOCALIZED,000000000000000000000002
000000000000000000000003,"uuid_3_^°!""§$%&/()=?\`´*+#'-_.,;<>öäü@[]{}|¡“¶¢[]≠¿'„…∞~<•±æœαβγδεζηθικλμνξοπρστυφχψω€€€
uuid_4_^°!""§$%&/()=?\`´*+#'-_.,;<>öäü@[]{}|¡“¶¢[]≠¿'„…∞~<•±æœαβγδεζηθικλμνξοπρστυφχψω€€€","altLabel_1_^°!""§$%&/()=?\`´*+#'-_.,;<>öäü@[]{}|¡“¶¢[]≠¿'„…∞~<•±æœαβγδεζηθικλμνξοπρστυφχψω€€€
altLabel_2_^°!""§$%&/()=?\`´*+#'-_.,;<>öäü@[]{}|¡“¶¢[]≠¿'„…∞~<•±æœαβγδεζηθικλμνξοπρστυφχψω€€€","description_3_^°!""§$%&/()=?\`´*+#'-_.,;<>öäü@[]{}|¡“¶¢[]≠¿'„…∞~<•±æœαβγδεζηθικλμνξοπρστυφχψω€€€",LOCALIZED,000000000000000000000002
000000000000000000000004,,,"description_4_^°!""§$%&/()=?\`´*+#'-_.,;<>öäü@[]{}|¡“¶¢[]≠¿'„…∞~<•±æœαβγδεζηθικλμνξοπρστυφχψω€€€",LOCALIZED,000000000000000000000002
000000000000000000000005,"uuid_5_^°!""§$%&/()=?\`´*+#'-_.,;<>öäü@[]{}|¡“¶¢[]≠¿'„…∞~<•±æœαβγδεζηθικλμνξοπρστυφχψω€€€
uuid_6_^°!""§$%&/()=?\`´*+#'-_.,;<>öäü@[]{}|¡“¶¢[]≠¿'„…∞~<•±æœαβγδεζηθικλμνξοπρστυφχψω€€€","altLabel_1_^°!""§$%&/()=?\`´*+#'-_.,;<>öäü@[]{}|¡“¶¢[]≠¿'„…∞~<•±æœαβγδεζηθικλμνξοπρστυφχψω€€€
altLabel_2_^°!""§$%&/()=?\`´*+#'-_.,;<>öäü@[]{}|¡“¶¢[]≠¿'„…∞~<•±æœαβγδεζηθικλμνξοπρστυφχψω€€€","description_5_^°!""§$%&/()=?\`´*+#'-_.,;<>öäü@[]{}|¡“¶¢[]≠¿'„…∞~<•±æœαβγδεζηθικλμνξοπρστυφχψω€€€",LOCALIZED,000000000000000000000002
"
`;
