// Jest Snapshot v1, https://goo.gl/fbAQLP

exports[`Test the presigned module The presigned module matches the snapshot 1`] = `
{
  "Constants": {
    "EXPIRES": 3600,
    "MAX_FILE_SIZE": 20971520,
    "MAX_FOLDER_NAME_LENGTH": 256,
    "MAX_URI_LENGTH": 4096,
  },
  "Schemas": {
    "GET": {
      "Response": {
        "Payload": {
          "$id": "/components/schemas/PresignedResponseSchemaGET",
          "additionalProperties": false,
          "properties": {
            "fields": {
              "description": "The fields should be added to the form-data when uploading the files",
              "items": {
                "properties": {
                  "name": {
                    "pattern": "\\S",
                    "type": "string",
                  },
                  "value": {
                    "pattern": "\\S",
                    "type": "string",
                  },
                },
                "required": [
                  "name",
                  "value",
                ],
                "type": "object",
              },
              "minItems": 1,
              "type": "array",
            },
            "folder": {
              "description": "The folder name to upload the files to",
              "maxLength": 256,
              "pattern": "\\S",
              "type": "string",
            },
            "url": {
              "description": "The url to upload the files to",
              "format": "uri",
              "maxLength": 4096,
              "pattern": "^https://.*",
              "type": "string",
            },
          },
          "required": [
            "url",
            "fields",
            "folder",
          ],
          "type": "object",
        },
      },
    },
  },
  "Types": {},
}
`;
