// Jest Snapshot v1, https://goo.gl/fbAQLP

exports[`ModelPropertiesContent render tests should render correctly with the provided props 1`] = `
<div
  class="MuiBox-root css-10klw3m"
  data-testid="model-properties-content-ee760560-4d1a-4555-89a7-1c1d0b5cbd5b"
>
  <div
    data-testid="model-properties-tabs-ee760560-4d1a-4555-89a7-1c1d0b5cbd5b"
  >
     TabControl
  </div>
</div>
`;
