// Jest Snapshot v1, https://goo.gl/fbAQLP

exports[`Test the occupationGroup module The export module matches the snapshot 1`] = `
{
  "Constants": {
    "ALT_LABELS_MAX_ITEMS": 100,
    "ALT_LABEL_MAX_LENGTH": 256,
    "CODE_MAX_LENGTH": 256,
    "DESCRIPTION_MAX_LENGTH": 4000,
    "MAX_CURSOR_LENGTH": 1720,
    "MAX_JSON_OVERHEAD": 10000,
    "MAX_LIMIT": 100,
    "MAX_PATH_URI_LENGTH": 4096,
    "MAX_PAYLOAD_LENGTH": 414220,
    "MAX_TABIYA_PATH_LENGTH": 4096,
    "MAX_UUID_HISTORY_ITEM_LENGTH": 36,
    "ORIGIN_URI_MAX_LENGTH": 4096,
    "PREFERRED_LABEL_MAX_LENGTH": 256,
    "UUID_HISTORY_MAX_ITEMS": 10000,
  },
  "Enums": {
    "GET": {
      "Response": {
        "ErrorCodes": {
          "DB_FAILED_TO_RETRIEVE_OCCUPATION_GROUPS": "DB_FAILED_TO_RETRIEVE_OCCUPATION_GROUPS",
          "INVALID_LIMIT_PARAMETER": "INVALID_LIMIT_PARAMETER",
          "INVALID_NEXT_CURSOR_PARAMETER": "INVALID_NEXT_CURSOR_PARAMETER",
        },
      },
    },
    "ObjectTypes": {
      "ESCOOccupation": "escooccupation",
      "ISCOGroup": "iscogroup",
      "LocalGroup": "localgroup",
      "LocalOccupation": "localoccupation",
    },
    "POST": {
      "Response": {
        "ErrorCodes": {
          "DB_FAILED_TO_CREATE_OCCUPATION_GROUP": "DB_FAILED_TO_CREATE_OCCUPATION_GROUP",
          "OCCUPATION_GROUP_COULD_NOT_VALIDATE": "OCCUPATION_GROUP_COULD_NOT_VALIDATE",
        },
      },
    },
  },
  "Patterns": {
    "RegExp": {
      "BASE64": /\\^\\(\\?:\\[A-Za-z0-9\\+/\\]\\{4\\}\\)\\*\\(\\?:\\[A-Za-z0-9\\+/\\]\\{2\\}==\\|\\[A-Za-z0-9\\+/\\]\\{3\\}=\\|\\)\\?\\$/,
      "ESCO_LOCAL_OCCUPATION_CODE": /\\^\\\\d\\{4\\}\\(\\?:\\\\\\.\\\\d\\+\\)\\*\\(\\?:_\\\\d\\+\\)\\+\\$/,
      "ESCO_LOCAL_OR_LOCAL_OCCUPATION_CODE": /\\^\\(\\?:\\\\d\\{4\\}\\(\\?:\\\\\\.\\\\d\\+\\)\\*\\(\\?:_\\\\d\\+\\)\\+\\|\\[a-zA-Z\\\\d\\]\\+\\(\\?:_\\\\d\\+\\)\\+\\)\\$/,
      "ESCO_OCCUPATION_CODE": /\\^\\\\d\\{4\\}\\(\\?:\\\\\\.\\\\d\\+\\)\\+\\$/,
      "ISCO_GROUP_CODE": /\\^\\\\d\\{1,4\\}\\$/,
      "LOCAL_GROUP_CODE": /\\^\\(\\?:\\\\d\\{1,4\\}\\)\\?\\[a-zA-Z\\]\\+\\[a-zA-Z\\\\d\\]\\*\\$/,
      "LOCAL_OCCUPATION_CODE": /\\(\\^\\[a-zA-Z\\\\d\\]\\+\\)\\(\\?:_\\\\d\\+\\)\\+\\$/,
    },
    "Str": {
      "BASE64": "^(?:[A-Za-z0-9+/]{4})*(?:[A-Za-z0-9+/]{2}==|[A-Za-z0-9+/]{3}=|)?$",
      "ESCO_LOCAL_OCCUPATION_CODE": "^\\d{4}(?:\\.\\d+)*(?:_\\d+)+$",
      "ESCO_LOCAL_OR_LOCAL_OCCUPATION_CODE": "^(?:\\d{4}(?:\\.\\d+)*(?:_\\d+)+|[a-zA-Z\\d]+(?:_\\d+)+)$",
      "ESCO_OCCUPATION_CODE": "^\\d{4}(?:\\.\\d+)+$",
      "ISCO_GROUP_CODE": "^\\d{1,4}$",
      "LOCAL_GROUP_CODE": "^(?:\\d{1,4})?[a-zA-Z]+[a-zA-Z\\d]*$",
      "LOCAL_OCCUPATION_CODE": "(^[a-zA-Z\\d]+)(?:_\\d+)+$",
    },
  },
  "Schemas": {
    "GET": {
      "Request": {
        "ById": {
          "Param": {
            "Payload": {
              "$id": "/components/schemas/OccupationGroupRequestByIdParamSchemaGET",
              "additionalProperties": false,
              "properties": {
                "id": {
                  "description": "The id of the occupation group. It can be used to retrieve the occupation group from the server.",
                  "pattern": "^[0-9a-f]{24}$",
                  "type": "string",
                },
                "modelId": {
                  "description": "The identifier of the model for occupation group.",
                  "pattern": "^[0-9a-f]{24}$",
                  "type": "string",
                },
              },
              "required": [
                "modelId",
                "id",
              ],
              "type": "object",
            },
          },
        },
        "Param": {
          "Payload": {
            "$id": "/components/schemas/OccupationGroupRequestParamSchemaGET",
            "additionalProperties": false,
            "properties": {
              "modelId": {
                "description": "The identifier of the model for occupation group.",
                "pattern": "^[0-9a-f]{24}$",
                "type": "string",
              },
            },
            "required": [
              "modelId",
            ],
            "type": "object",
          },
        },
        "Query": {
          "Payload": {
            "$id": "/components/schemas/OccupationGroupRequestQueryParamSchemaGET",
            "additionalProperties": false,
            "properties": {
              "cursor": {
                "description": "A base64 string representing the cursor for pagination.",
                "maxLength": 1720,
                "pattern": "\\S",
                "type": "string",
              },
              "limit": {
                "default": 100,
                "description": "The maximum number of items to return.",
                "maximum": 100,
                "minimum": 1,
                "type": "integer",
              },
            },
            "required": [
              "cursor",
            ],
            "type": "object",
          },
        },
      },
      "Response": {
        "Payload": {
          "$id": "/components/schemas/OccupationGroupResponseSchemaGET",
          "additionalProperties": false,
          "properties": {
            "data": {
              "items": {
                "additionalProperties": false,
                "else": {
                  "properties": {
                    "code": {
                      "maxLength": 256,
                      "pattern": "^(?:\\d{1,4})?[a-zA-Z]+[a-zA-Z\\d]*$",
                      "type": "string",
                    },
                  },
                },
                "if": {
                  "properties": {
                    "groupType": {
                      "enum": [
                        "iscogroup",
                      ],
                    },
                  },
                },
                "properties": {
                  "UUID": {
                    "description": "The UUID of the occupation group. It can be used to identify the occupation group across systems.",
                    "pattern": "^[0-9a-f]{8}-[0-9a-f]{4}-[0-9a-f]{4}-[0-9a-f]{4}-[0-9a-f]{12}$",
                    "type": "string",
                  },
                  "UUIDHistory": {
                    "description": "The UUIDs history of the occupation group.",
                    "items": {
                      "maxLength": 36,
                      "pattern": "^[0-9a-f]{8}-[0-9a-f]{4}-[0-9a-f]{4}-[0-9a-f]{4}-[0-9a-f]{12}$",
                      "type": "string",
                    },
                    "maxItems": 10000,
                    "minItems": 0,
                    "type": "array",
                    "uniqueItems": true,
                  },
                  "altLabels": {
                    "description": "The alternative labels of the occupation group.",
                    "items": {
                      "maxLength": 256,
                      "type": "string",
                    },
                    "maxItems": 100,
                    "minItems": 0,
                    "type": "array",
                    "uniqueItems": true,
                  },
                  "children": {
                    "description": "The children of this occupation group, which can be either occupation groups or occupations.",
                    "items": {
                      "additionalProperties": false,
                      "allOf": [
                        {
                          "if": {
                            "properties": {
                              "objectType": {
                                "const": "iscogroup",
                              },
                            },
                          },
                          "then": {
                            "properties": {
                              "code": {
                                "maxLength": 256,
                                "pattern": "^\\d{1,4}$",
                                "type": "string",
                              },
                            },
                          },
                        },
                        {
                          "if": {
                            "properties": {
                              "objectType": {
                                "const": "localgroup",
                              },
                            },
                          },
                          "then": {
                            "properties": {
                              "code": {
                                "maxLength": 256,
                                "pattern": "^(?:\\d{1,4})?[a-zA-Z]+[a-zA-Z\\d]*$",
                                "type": "string",
                              },
                            },
                          },
                        },
                        {
                          "if": {
                            "properties": {
                              "objectType": {
                                "const": "escooccupation",
                              },
                            },
                          },
                          "then": {
                            "properties": {
                              "code": {
                                "maxLength": 256,
                                "pattern": "^\\d{4}(?:\\.\\d+)+$",
                                "type": "string",
                              },
                            },
                          },
                        },
                        {
                          "if": {
                            "properties": {
                              "objectType": {
                                "const": "localoccupation",
                              },
                            },
                          },
                          "then": {
                            "properties": {
                              "code": {
                                "maxLength": 256,
                                "pattern": "^(?:\\d{4}(?:\\.\\d+)*(?:_\\d+)+|[a-zA-Z\\d]+(?:_\\d+)+)$",
                                "type": "string",
                              },
                            },
                          },
                        },
                      ],
                      "properties": {
                        "UUID": {
                          "description": "The UUID of the occupation group. It can be used to identify the parent occupation group.",
                          "pattern": "^[0-9a-f]{8}-[0-9a-f]{4}-[0-9a-f]{4}-[0-9a-f]{4}-[0-9a-f]{12}$",
                          "type": "string",
                        },
                        "code": {
                          "description": "The code of the parent occupation group.",
                          "maxLength": 256,
                          "type": "string",
                        },
                        "id": {
                          "description": "The id of the parent occupation group.",
                          "pattern": "^[0-9a-f]{24}$",
                          "type": "string",
                        },
                        "objectType": {
                          "description": "The type of the occupation group, e.g., ISCOGroup, LocalGroup, ESCOOccupation, LocalOccupation.",
                          "enum": [
                            "iscogroup",
                            "localgroup",
                            "escooccupation",
                            "localoccupation",
                          ],
                          "type": "string",
                        },
                        "preferredLabel": {
                          "description": "The preferred label of the parent occupation group.",
                          "maxLength": 256,
                          "pattern": "\\S",
                          "type": "string",
                        },
                      },
                      "type": "object",
                    },
                    "minItems": 0,
                    "type": "array",
                  },
                  "code": {
                    "description": "The code of the occupation group.",
                    "maxLength": 256,
                    "type": "string",
                  },
                  "createdAt": {
                    "format": "date-time",
                    "type": "string",
                  },
                  "description": {
                    "description": "The description of the occupation group.",
                    "maxLength": 4000,
                    "type": "string",
                  },
                  "groupType": {
                    "description": "The type of the occupation group, e.g., ISCOGroup or LocalGroup.",
                    "enum": [
                      "iscogroup",
                      "localgroup",
                      "escooccupation",
                      "localoccupation",
                    ],
                    "type": "string",
                  },
                  "id": {
                    "description": "The id of the occupation group. It can be used to retrieve the occupation group from the server.",
                    "pattern": "^[0-9a-f]{24}$",
                    "type": "string",
                  },
                  "modelId": {
                    "description": "The identifier of the model for occupation group.",
                    "pattern": "^[0-9a-f]{24}$",
                    "type": "string",
                  },
                  "originUUID": {
                    "description": "The last UUID in the UUIDHistory of occupation group. It can be used to identify the occupation group across systems.",
                    "pattern": "^[0-9a-f]{8}-[0-9a-f]{4}-[0-9a-f]{4}-[0-9a-f]{4}-[0-9a-f]{12}$",
                    "type": "string",
                  },
                  "originUri": {
                    "description": "The origin URI of the occupation group.",
                    "format": "uri",
                    "maxLength": 4096,
                    "pattern": "\\S",
                    "type": "string",
                  },
                  "parent": {
                    "additionalProperties": false,
                    "description": "The parent occupation group of this occupation group.",
                    "else": {
                      "properties": {
                        "code": {
                          "maxLength": 256,
                          "pattern": "^(?:\\d{1,4})?[a-zA-Z]+[a-zA-Z\\d]*$",
                          "type": "string",
                        },
                      },
                    },
                    "if": {
                      "properties": {
                        "objectType": {
                          "enum": [
                            "iscogroup",
                          ],
                        },
                      },
                    },
                    "properties": {
                      "UUID": {
                        "description": "The UUID of the occupation group. It can be used to identify the parent occupation group.",
                        "pattern": "^[0-9a-f]{8}-[0-9a-f]{4}-[0-9a-f]{4}-[0-9a-f]{4}-[0-9a-f]{12}$",
                        "type": "string",
                      },
                      "code": {
                        "description": "The code of the parent occupation group.",
                        "maxLength": 256,
                        "type": "string",
                      },
                      "id": {
                        "description": "The id of the parent occupation group.",
                        "pattern": "^[0-9a-f]{24}$",
                        "type": "string",
                      },
                      "objectType": {
                        "description": "The type of the occupation group, e.g., ISCOGroup or LocalGroup.",
                        "enum": [
                          "iscogroup",
                          "localgroup",
                          "escooccupation",
                          "localoccupation",
                        ],
                        "type": "string",
                      },
                      "preferredLabel": {
                        "description": "The preferred label of the parent occupation group.",
                        "maxLength": 256,
                        "pattern": "\\S",
                        "type": "string",
                      },
                    },
                    "then": {
                      "properties": {
                        "code": {
                          "maxLength": 256,
                          "pattern": "^\\d{1,4}$",
                          "type": "string",
                        },
                      },
                    },
                    "type": "object",
                  },
                  "path": {
                    "description": "The path to the occupation group resource using the resource id",
                    "format": "uri",
                    "maxLength": 4096,
                    "pattern": "^https://.*",
                    "type": "string",
                  },
                  "preferredLabel": {
                    "description": "The preferred label of the occupation group.",
                    "maxLength": 256,
                    "pattern": "\\S",
                    "type": "string",
                  },
                  "tabiyaPath": {
                    "description": "The path to the occupation group resource using the resource UUID",
                    "format": "uri",
                    "maxLength": 4096,
                    "pattern": "^https://.*",
                    "type": "string",
                  },
                  "updatedAt": {
                    "format": "date-time",
                    "type": "string",
                  },
                },
                "required": [
                  "id",
                  "UUID",
                  "originUUID",
                  "path",
                  "UUIDHistory",
                  "tabiyaPath",
                  "originUri",
                  "code",
                  "description",
                  "preferredLabel",
                  "parent",
                  "children",
                  "altLabels",
                  "groupType",
                  "modelId",
                  "createdAt",
                  "updatedAt",
                ],
                "then": {
                  "properties": {
                    "code": {
                      "maxLength": 256,
                      "pattern": "^\\d{1,4}$",
                      "type": "string",
                    },
                  },
                },
                "type": "object",
              },
              "type": "array",
            },
            "limit": {
              "description": "The maximum number of occupation groups that could be returned in the response.",
              "minimum": 1,
              "type": "integer",
            },
            "nextCursor": {
              "description": "A base64 string representing the cursor for the next page of results. Null if there is no next page.",
              "type": [
                "string",
                "null",
              ],
            },
          },
          "required": [
            "data",
            "limit",
          ],
          "type": "object",
        },
      },
    },
    "POST": {
      "Request": {
        "Payload": {
          "$id": "/components/schemas/OccupationGroupRequestSchemaPOST",
          "additionalProperties": false,
          "else": {
            "properties": {
              "code": {
                "maxLength": 256,
                "pattern": "^(?:\\d{1,4})?[a-zA-Z]+[a-zA-Z\\d]*$",
                "type": "string",
              },
            },
          },
          "if": {
            "properties": {
              "groupType": {
                "enum": [
                  "iscogroup",
                ],
              },
            },
          },
          "properties": {
            "UUIDHistory": {
              "description": "The UUIDs history of the occupation group.",
              "items": {
                "maxLength": 36,
                "pattern": "^[0-9a-f]{8}-[0-9a-f]{4}-[0-9a-f]{4}-[0-9a-f]{4}-[0-9a-f]{12}$",
                "type": "string",
              },
              "maxItems": 10000,
              "minItems": 0,
              "type": "array",
              "uniqueItems": true,
            },
            "altLabels": {
              "description": "The alternative labels of the occupation group.",
              "items": {
                "maxLength": 256,
                "type": "string",
              },
              "maxItems": 100,
              "minItems": 0,
              "type": "array",
              "uniqueItems": true,
            },
            "code": {
              "description": "The code of the occupation group.",
              "maxLength": 256,
              "type": "string",
            },
            "description": {
              "description": "The description of the occupation group.",
              "maxLength": 4000,
              "type": "string",
            },
            "groupType": {
              "description": "The type of the occupation group, e.g., ISCOGroup or LocalGroup.",
              "enum": [
                "iscogroup",
                "localgroup",
                "escooccupation",
                "localoccupation",
              ],
              "type": "string",
            },
            "modelId": {
              "description": "The identifier of the model for occupation group.",
              "pattern": "^[0-9a-f]{24}$",
              "type": "string",
            },
            "originUri": {
              "description": "The origin URI of the occupation group.",
              "format": "uri",
              "maxLength": 4096,
              "pattern": "\\S",
              "type": "string",
            },
            "preferredLabel": {
              "description": "The preferred label of the occupation group.",
              "maxLength": 256,
              "pattern": "\\S",
              "type": "string",
            },
          },
          "required": [
            "preferredLabel",
            "groupType",
            "originUri",
            "UUIDHistory",
            "code",
            "description",
            "altLabels",
            "modelId",
          ],
          "then": {
            "properties": {
              "code": {
                "maxLength": 256,
                "pattern": "^\\d{1,4}$",
                "type": "string",
              },
            },
          },
          "type": "object",
        },
      },
      "Response": {
        "Payload": {
          "$id": "/components/schemas/OccupationGroupResponseSchemaPOST",
          "additionalProperties": false,
          "else": {
            "properties": {
              "code": {
                "maxLength": 256,
                "pattern": "^(?:\\d{1,4})?[a-zA-Z]+[a-zA-Z\\d]*$",
                "type": "string",
              },
            },
          },
          "if": {
            "properties": {
              "groupType": {
                "enum": [
                  "iscogroup",
                ],
              },
            },
          },
          "properties": {
            "UUID": {
              "description": "The UUID of the occupation group. It can be used to identify the occupation group across systems.",
              "pattern": "^[0-9a-f]{8}-[0-9a-f]{4}-[0-9a-f]{4}-[0-9a-f]{4}-[0-9a-f]{12}$",
              "type": "string",
            },
            "UUIDHistory": {
              "description": "The UUIDs history of the occupation group.",
              "items": {
                "maxLength": 36,
                "pattern": "^[0-9a-f]{8}-[0-9a-f]{4}-[0-9a-f]{4}-[0-9a-f]{4}-[0-9a-f]{12}$",
                "type": "string",
              },
              "maxItems": 10000,
              "minItems": 0,
              "type": "array",
              "uniqueItems": true,
            },
            "altLabels": {
              "description": "The alternative labels of the occupation group.",
              "items": {
                "maxLength": 256,
                "type": "string",
              },
              "maxItems": 100,
              "minItems": 0,
              "type": "array",
              "uniqueItems": true,
            },
            "children": {
              "description": "The children of this occupation group, which can be either occupation groups or occupations.",
              "items": {
                "additionalProperties": false,
                "allOf": [
                  {
                    "if": {
                      "properties": {
                        "objectType": {
                          "const": "iscogroup",
                        },
                      },
                    },
                    "then": {
                      "properties": {
                        "code": {
                          "maxLength": 256,
                          "pattern": "^\\d{1,4}$",
                          "type": "string",
                        },
                      },
                    },
                  },
                  {
                    "if": {
                      "properties": {
                        "objectType": {
                          "const": "localgroup",
                        },
                      },
                    },
                    "then": {
                      "properties": {
                        "code": {
                          "maxLength": 256,
                          "pattern": "^(?:\\d{1,4})?[a-zA-Z]+[a-zA-Z\\d]*$",
                          "type": "string",
                        },
                      },
                    },
                  },
                  {
                    "if": {
                      "properties": {
                        "objectType": {
                          "const": "escooccupation",
                        },
                      },
                    },
                    "then": {
                      "properties": {
                        "code": {
                          "maxLength": 256,
                          "pattern": "^\\d{4}(?:\\.\\d+)+$",
                          "type": "string",
                        },
                      },
                    },
                  },
                  {
                    "if": {
                      "properties": {
                        "objectType": {
                          "const": "localoccupation",
                        },
                      },
                    },
                    "then": {
                      "properties": {
                        "code": {
                          "maxLength": 256,
                          "pattern": "^(?:\\d{4}(?:\\.\\d+)*(?:_\\d+)+|[a-zA-Z\\d]+(?:_\\d+)+)$",
                          "type": "string",
                        },
                      },
                    },
                  },
                ],
                "properties": {
                  "UUID": {
                    "description": "The UUID of the occupation group. It can be used to identify the parent occupation group.",
                    "pattern": "^[0-9a-f]{8}-[0-9a-f]{4}-[0-9a-f]{4}-[0-9a-f]{4}-[0-9a-f]{12}$",
                    "type": "string",
                  },
                  "code": {
                    "description": "The code of the parent occupation group.",
                    "maxLength": 256,
                    "type": "string",
                  },
                  "id": {
                    "description": "The id of the parent occupation group.",
                    "pattern": "^[0-9a-f]{24}$",
                    "type": "string",
                  },
                  "objectType": {
                    "description": "The type of the occupation group, e.g., ISCOGroup, LocalGroup, ESCOOccupation, LocalOccupation.",
                    "enum": [
                      "iscogroup",
                      "localgroup",
                      "escooccupation",
                      "localoccupation",
                    ],
                    "type": "string",
                  },
                  "preferredLabel": {
                    "description": "The preferred label of the parent occupation group.",
                    "maxLength": 256,
                    "pattern": "\\S",
                    "type": "string",
                  },
                },
                "type": "object",
              },
              "minItems": 0,
              "type": "array",
            },
            "code": {
              "description": "The code of the occupation group.",
              "maxLength": 256,
              "type": "string",
            },
            "createdAt": {
              "format": "date-time",
              "type": "string",
            },
            "description": {
              "description": "The description of the occupation group.",
              "maxLength": 4000,
              "type": "string",
            },
            "groupType": {
              "description": "The type of the occupation group, e.g., ISCOGroup or LocalGroup.",
              "enum": [
                "iscogroup",
                "localgroup",
                "escooccupation",
                "localoccupation",
              ],
              "type": "string",
            },
            "id": {
              "description": "The id of the occupation group. It can be used to retrieve the occupation group from the server.",
              "pattern": "^[0-9a-f]{24}$",
              "type": "string",
            },
            "modelId": {
              "description": "The identifier of the model for occupation group.",
              "pattern": "^[0-9a-f]{24}$",
              "type": "string",
            },
            "originUUID": {
              "description": "The last UUID in the UUIDHistory of occupation group. It can be used to identify the occupation group across systems.",
              "pattern": "^[0-9a-f]{8}-[0-9a-f]{4}-[0-9a-f]{4}-[0-9a-f]{4}-[0-9a-f]{12}$",
              "type": "string",
            },
            "originUri": {
              "description": "The origin URI of the occupation group.",
              "format": "uri",
              "maxLength": 4096,
              "pattern": "\\S",
              "type": "string",
            },
            "parent": {
              "additionalProperties": false,
              "description": "The parent occupation group of this occupation group.",
              "else": {
                "properties": {
                  "code": {
                    "maxLength": 256,
                    "pattern": "^(?:\\d{1,4})?[a-zA-Z]+[a-zA-Z\\d]*$",
                    "type": "string",
                  },
                },
              },
              "if": {
                "properties": {
                  "objectType": {
                    "enum": [
                      "iscogroup",
                    ],
                  },
                },
              },
              "properties": {
                "UUID": {
                  "description": "The UUID of the occupation group. It can be used to identify the parent occupation group.",
                  "pattern": "^[0-9a-f]{8}-[0-9a-f]{4}-[0-9a-f]{4}-[0-9a-f]{4}-[0-9a-f]{12}$",
                  "type": "string",
                },
                "code": {
                  "description": "The code of the parent occupation group.",
                  "maxLength": 256,
                  "type": "string",
                },
                "id": {
                  "description": "The id of the parent occupation group.",
                  "pattern": "^[0-9a-f]{24}$",
                  "type": "string",
                },
                "objectType": {
                  "description": "The type of the occupation group, e.g., ISCOGroup or LocalGroup.",
                  "enum": [
                    "iscogroup",
                    "localgroup",
                    "escooccupation",
                    "localoccupation",
                  ],
                  "type": "string",
                },
                "preferredLabel": {
                  "description": "The preferred label of the parent occupation group.",
                  "maxLength": 256,
                  "pattern": "\\S",
                  "type": "string",
                },
              },
              "then": {
                "properties": {
                  "code": {
                    "maxLength": 256,
                    "pattern": "^\\d{1,4}$",
                    "type": "string",
                  },
                },
              },
              "type": "object",
            },
            "path": {
              "description": "The path to the occupation group resource using the resource id",
              "format": "uri",
              "maxLength": 4096,
              "pattern": "^https://.*",
              "type": "string",
            },
            "preferredLabel": {
              "description": "The preferred label of the occupation group.",
              "maxLength": 256,
              "pattern": "\\S",
              "type": "string",
            },
            "tabiyaPath": {
              "description": "The path to the occupation group resource using the resource UUID",
              "format": "uri",
              "maxLength": 4096,
              "pattern": "^https://.*",
              "type": "string",
            },
            "updatedAt": {
              "format": "date-time",
              "type": "string",
            },
          },
          "required": [
            "id",
            "UUID",
            "originUUID",
            "path",
            "UUIDHistory",
            "tabiyaPath",
            "originUri",
            "code",
            "description",
            "preferredLabel",
            "parent",
            "children",
            "altLabels",
            "groupType",
            "modelId",
            "createdAt",
            "updatedAt",
          ],
          "then": {
            "properties": {
              "code": {
                "maxLength": 256,
                "pattern": "^\\d{1,4}$",
                "type": "string",
              },
            },
          },
          "type": "object",
        },
      },
    },
  },
  "Types": {},
}
`;
