// Jest Snapshot v1, https://goo.gl/fbAQLP

exports[`SkillsDocToCsvTransform should correctly transform Skill data to CSV 1`] = `
[
  {
    "ALTLABELS": "",
    "CREATEDAT": "1970-01-01T00:00:00.000Z",
    "DEFINITION": "definition_0_^°!"§$%&/()=?\`´*+#'-_.,;<>öäü@[]{}|¡“¶¢[]≠¿'„…∞~<•±æœαβγδεζηθικλμνξοπρστυφχψω€€€",
    "DESCRIPTION": "description_0_^°!"§$%&/()=?\`´*+#'-_.,;<>öäü@[]{}|¡“¶¢[]≠¿'„…∞~<•±æœαβγδεζηθικλμνξοπρστυφχψω€€€",
    "ID": "000000000000000000000000",
    "ORIGINURI": "originUri_0_^°!"§$%&/()=?\`´*+#'-_.,;<>öäü@[]{}|¡“¶¢[]≠¿'„…∞~<•±æœαβγδεζηθικλμνξοπρστυφχψω€€€",
    "PREFERREDLABEL": "Skill_0_^°!"§$%&/()=?\`´*+#'-_.,;<>öäü@[]{}|¡“¶¢[]≠¿'„…∞~<•±æœαβγδεζηθικλμνξοπρστυφχψω€€€",
    "REUSELEVEL": "transversal",
    "SCOPENOTE": "scopeNote_0_^°!"§$%&/()=?\`´*+#'-_.,;<>öäü@[]{}|¡“¶¢[]≠¿'„…∞~<•±æœαβγδεζηθικλμνξοπρστυφχψω€€€",
    "SKILLTYPE": "knowledge",
    "UPDATEDAT": "1970-01-01T00:00:00.000Z",
    "UUIDHISTORY": "",
  },
  {
    "ALTLABELS": "altLabel_1_^°!"§$%&/()=?\`´*+#'-_.,;<>öäü@[]{}|¡“¶¢[]≠¿'„…∞~<•±æœαβγδεζηθικλμνξοπρστυφχψω€€€
altLabel_2_^°!"§$%&/()=?\`´*+#'-_.,;<>öäü@[]{}|¡“¶¢[]≠¿'„…∞~<•±æœαβγδεζηθικλμνξοπρστυφχψω€€€",
    "CREATEDAT": "1970-01-01T00:00:00.001Z",
    "DEFINITION": "definition_1_^°!"§$%&/()=?\`´*+#'-_.,;<>öäü@[]{}|¡“¶¢[]≠¿'„…∞~<•±æœαβγδεζηθικλμνξοπρστυφχψω€€€",
    "DESCRIPTION": "description_1_^°!"§$%&/()=?\`´*+#'-_.,;<>öäü@[]{}|¡“¶¢[]≠¿'„…∞~<•±æœαβγδεζηθικλμνξοπρστυφχψω€€€",
    "ID": "000000000000000000000001",
    "ORIGINURI": "originUri_1_^°!"§$%&/()=?\`´*+#'-_.,;<>öäü@[]{}|¡“¶¢[]≠¿'„…∞~<•±æœαβγδεζηθικλμνξοπρστυφχψω€€€",
    "PREFERREDLABEL": "Skill_1_^°!"§$%&/()=?\`´*+#'-_.,;<>öäü@[]{}|¡“¶¢[]≠¿'„…∞~<•±æœαβγδεζηθικλμνξοπρστυφχψω€€€",
    "REUSELEVEL": "cross-sector",
    "SCOPENOTE": "scopeNote_1_^°!"§$%&/()=?\`´*+#'-_.,;<>öäü@[]{}|¡“¶¢[]≠¿'„…∞~<•±æœαβγδεζηθικλμνξοπρστυφχψω€€€",
    "SKILLTYPE": "language",
    "UPDATEDAT": "1970-01-01T00:00:00.001Z",
    "UUIDHISTORY": "uuidHistory_1_^°!"§$%&/()=?\`´*+#'-_.,;<>öäü@[]{}|¡“¶¢[]≠¿'„…∞~<•±æœαβγδεζηθικλμνξοπρστυφχψω€€€
uuidHistory_2_^°!"§$%&/()=?\`´*+#'-_.,;<>öäü@[]{}|¡“¶¢[]≠¿'„…∞~<•±æœαβγδεζηθικλμνξοπρστυφχψω€€€",
  },
  {
    "ALTLABELS": "",
    "CREATEDAT": "1970-01-01T00:00:00.002Z",
    "DEFINITION": "definition_2_^°!"§$%&/()=?\`´*+#'-_.,;<>öäü@[]{}|¡“¶¢[]≠¿'„…∞~<•±æœαβγδεζηθικλμνξοπρστυφχψω€€€",
    "DESCRIPTION": "description_2_^°!"§$%&/()=?\`´*+#'-_.,;<>öäü@[]{}|¡“¶¢[]≠¿'„…∞~<•±æœαβγδεζηθικλμνξοπρστυφχψω€€€",
    "ID": "000000000000000000000002",
    "ORIGINURI": "originUri_2_^°!"§$%&/()=?\`´*+#'-_.,;<>öäü@[]{}|¡“¶¢[]≠¿'„…∞~<•±æœαβγδεζηθικλμνξοπρστυφχψω€€€",
    "PREFERREDLABEL": "Skill_2_^°!"§$%&/()=?\`´*+#'-_.,;<>öäü@[]{}|¡“¶¢[]≠¿'„…∞~<•±æœαβγδεζηθικλμνξοπρστυφχψω€€€",
    "REUSELEVEL": "occupation-specific",
    "SCOPENOTE": "scopeNote_2_^°!"§$%&/()=?\`´*+#'-_.,;<>öäü@[]{}|¡“¶¢[]≠¿'„…∞~<•±æœαβγδεζηθικλμνξοπρστυφχψω€€€",
    "SKILLTYPE": "attitude",
    "UPDATEDAT": "1970-01-01T00:00:00.002Z",
    "UUIDHISTORY": "",
  },
  {
    "ALTLABELS": "altLabel_1_^°!"§$%&/()=?\`´*+#'-_.,;<>öäü@[]{}|¡“¶¢[]≠¿'„…∞~<•±æœαβγδεζηθικλμνξοπρστυφχψω€€€
altLabel_2_^°!"§$%&/()=?\`´*+#'-_.,;<>öäü@[]{}|¡“¶¢[]≠¿'„…∞~<•±æœαβγδεζηθικλμνξοπρστυφχψω€€€",
    "CREATEDAT": "1970-01-01T00:00:00.003Z",
    "DEFINITION": "definition_3_^°!"§$%&/()=?\`´*+#'-_.,;<>öäü@[]{}|¡“¶¢[]≠¿'„…∞~<•±æœαβγδεζηθικλμνξοπρστυφχψω€€€",
    "DESCRIPTION": "description_3_^°!"§$%&/()=?\`´*+#'-_.,;<>öäü@[]{}|¡“¶¢[]≠¿'„…∞~<•±æœαβγδεζηθικλμνξοπρστυφχψω€€€",
    "ID": "000000000000000000000003",
    "ORIGINURI": "originUri_3_^°!"§$%&/()=?\`´*+#'-_.,;<>öäü@[]{}|¡“¶¢[]≠¿'„…∞~<•±æœαβγδεζηθικλμνξοπρστυφχψω€€€",
    "PREFERREDLABEL": "Skill_3_^°!"§$%&/()=?\`´*+#'-_.,;<>öäü@[]{}|¡“¶¢[]≠¿'„…∞~<•±æœαβγδεζηθικλμνξοπρστυφχψω€€€",
    "REUSELEVEL": "sector-specific",
    "SCOPENOTE": "scopeNote_3_^°!"§$%&/()=?\`´*+#'-_.,;<>öäü@[]{}|¡“¶¢[]≠¿'„…∞~<•±æœαβγδεζηθικλμνξοπρστυφχψω€€€",
    "SKILLTYPE": "skill/competence",
    "UPDATEDAT": "1970-01-01T00:00:00.003Z",
    "UUIDHISTORY": "uuidHistory_3_^°!"§$%&/()=?\`´*+#'-_.,;<>öäü@[]{}|¡“¶¢[]≠¿'„…∞~<•±æœαβγδεζηθικλμνξοπρστυφχψω€€€
uuidHistory_4_^°!"§$%&/()=?\`´*+#'-_.,;<>öäü@[]{}|¡“¶¢[]≠¿'„…∞~<•±æœαβγδεζηθικλμνξοπρστυφχψω€€€",
  },
  {
    "ALTLABELS": "",
    "CREATEDAT": "1970-01-01T00:00:00.004Z",
    "DEFINITION": "definition_4_^°!"§$%&/()=?\`´*+#'-_.,;<>öäü@[]{}|¡“¶¢[]≠¿'„…∞~<•±æœαβγδεζηθικλμνξοπρστυφχψω€€€",
    "DESCRIPTION": "description_4_^°!"§$%&/()=?\`´*+#'-_.,;<>öäü@[]{}|¡“¶¢[]≠¿'„…∞~<•±æœαβγδεζηθικλμνξοπρστυφχψω€€€",
    "ID": "000000000000000000000004",
    "ORIGINURI": "originUri_4_^°!"§$%&/()=?\`´*+#'-_.,;<>öäü@[]{}|¡“¶¢[]≠¿'„…∞~<•±æœαβγδεζηθικλμνξοπρστυφχψω€€€",
    "PREFERREDLABEL": "Skill_4_^°!"§$%&/()=?\`´*+#'-_.,;<>öäü@[]{}|¡“¶¢[]≠¿'„…∞~<•±æœαβγδεζηθικλμνξοπρστυφχψω€€€",
    "REUSELEVEL": "",
    "SCOPENOTE": "scopeNote_4_^°!"§$%&/()=?\`´*+#'-_.,;<>öäü@[]{}|¡“¶¢[]≠¿'„…∞~<•±æœαβγδεζηθικλμνξοπρστυφχψω€€€",
    "SKILLTYPE": "",
    "UPDATEDAT": "1970-01-01T00:00:00.004Z",
    "UUIDHISTORY": "",
  },
  {
    "ALTLABELS": "altLabel_1_^°!"§$%&/()=?\`´*+#'-_.,;<>öäü@[]{}|¡“¶¢[]≠¿'„…∞~<•±æœαβγδεζηθικλμνξοπρστυφχψω€€€
altLabel_2_^°!"§$%&/()=?\`´*+#'-_.,;<>öäü@[]{}|¡“¶¢[]≠¿'„…∞~<•±æœαβγδεζηθικλμνξοπρστυφχψω€€€",
    "CREATEDAT": "1970-01-01T00:00:00.005Z",
    "DEFINITION": "definition_5_^°!"§$%&/()=?\`´*+#'-_.,;<>öäü@[]{}|¡“¶¢[]≠¿'„…∞~<•±æœαβγδεζηθικλμνξοπρστυφχψω€€€",
    "DESCRIPTION": "description_5_^°!"§$%&/()=?\`´*+#'-_.,;<>öäü@[]{}|¡“¶¢[]≠¿'„…∞~<•±æœαβγδεζηθικλμνξοπρστυφχψω€€€",
    "ID": "000000000000000000000005",
    "ORIGINURI": "originUri_5_^°!"§$%&/()=?\`´*+#'-_.,;<>öäü@[]{}|¡“¶¢[]≠¿'„…∞~<•±æœαβγδεζηθικλμνξοπρστυφχψω€€€",
    "PREFERREDLABEL": "Skill_5_^°!"§$%&/()=?\`´*+#'-_.,;<>öäü@[]{}|¡“¶¢[]≠¿'„…∞~<•±æœαβγδεζηθικλμνξοπρστυφχψω€€€",
    "REUSELEVEL": "transversal",
    "SCOPENOTE": "scopeNote_5_^°!"§$%&/()=?\`´*+#'-_.,;<>öäü@[]{}|¡“¶¢[]≠¿'„…∞~<•±æœαβγδεζηθικλμνξοπρστυφχψω€€€",
    "SKILLTYPE": "knowledge",
    "UPDATEDAT": "1970-01-01T00:00:00.005Z",
    "UUIDHISTORY": "uuidHistory_5_^°!"§$%&/()=?\`´*+#'-_.,;<>öäü@[]{}|¡“¶¢[]≠¿'„…∞~<•±æœαβγδεζηθικλμνξοπρστυφχψω€€€
uuidHistory_6_^°!"§$%&/()=?\`´*+#'-_.,;<>öäü@[]{}|¡“¶¢[]≠¿'„…∞~<•±æœαβγδεζηθικλμνξοπρστυφχψω€€€",
  },
]
`;

exports[`SkillsDocToCsvTransform should correctly transform Skill data to CSV 2`] = `
""ID","ORIGINURI","UUIDHISTORY","DEFINITION","SCOPENOTE","REUSELEVEL","SKILLTYPE","PREFERREDLABEL","ALTLABELS","DESCRIPTION","CREATEDAT","UPDATEDAT"
"000000000000000000000000","originUri_0_^°!""§$%&/()=?\`´*+#'-_.,;<>öäü@[]{}|¡“¶¢[]≠¿'„…∞~<•±æœαβγδεζηθικλμνξοπρστυφχψω€€€","","definition_0_^°!""§$%&/()=?\`´*+#'-_.,;<>öäü@[]{}|¡“¶¢[]≠¿'„…∞~<•±æœαβγδεζηθικλμνξοπρστυφχψω€€€","scopeNote_0_^°!""§$%&/()=?\`´*+#'-_.,;<>öäü@[]{}|¡“¶¢[]≠¿'„…∞~<•±æœαβγδεζηθικλμνξοπρστυφχψω€€€","transversal","knowledge","Skill_0_^°!""§$%&/()=?\`´*+#'-_.,;<>öäü@[]{}|¡“¶¢[]≠¿'„…∞~<•±æœαβγδεζηθικλμνξοπρστυφχψω€€€","","description_0_^°!""§$%&/()=?\`´*+#'-_.,;<>öäü@[]{}|¡“¶¢[]≠¿'„…∞~<•±æœαβγδεζηθικλμνξοπρστυφχψω€€€","1970-01-01T00:00:00.000Z","1970-01-01T00:00:00.000Z"
"000000000000000000000001","originUri_1_^°!""§$%&/()=?\`´*+#'-_.,;<>öäü@[]{}|¡“¶¢[]≠¿'„…∞~<•±æœαβγδεζηθικλμνξοπρστυφχψω€€€","uuidHistory_1_^°!""§$%&/()=?\`´*+#'-_.,;<>öäü@[]{}|¡“¶¢[]≠¿'„…∞~<•±æœαβγδεζηθικλμνξοπρστυφχψω€€€
uuidHistory_2_^°!""§$%&/()=?\`´*+#'-_.,;<>öäü@[]{}|¡“¶¢[]≠¿'„…∞~<•±æœαβγδεζηθικλμνξοπρστυφχψω€€€","definition_1_^°!""§$%&/()=?\`´*+#'-_.,;<>öäü@[]{}|¡“¶¢[]≠¿'„…∞~<•±æœαβγδεζηθικλμνξοπρστυφχψω€€€","scopeNote_1_^°!""§$%&/()=?\`´*+#'-_.,;<>öäü@[]{}|¡“¶¢[]≠¿'„…∞~<•±æœαβγδεζηθικλμνξοπρστυφχψω€€€","cross-sector","language","Skill_1_^°!""§$%&/()=?\`´*+#'-_.,;<>öäü@[]{}|¡“¶¢[]≠¿'„…∞~<•±æœαβγδεζηθικλμνξοπρστυφχψω€€€","altLabel_1_^°!""§$%&/()=?\`´*+#'-_.,;<>öäü@[]{}|¡“¶¢[]≠¿'„…∞~<•±æœαβγδεζηθικλμνξοπρστυφχψω€€€
altLabel_2_^°!""§$%&/()=?\`´*+#'-_.,;<>öäü@[]{}|¡“¶¢[]≠¿'„…∞~<•±æœαβγδεζηθικλμνξοπρστυφχψω€€€","description_1_^°!""§$%&/()=?\`´*+#'-_.,;<>öäü@[]{}|¡“¶¢[]≠¿'„…∞~<•±æœαβγδεζηθικλμνξοπρστυφχψω€€€","1970-01-01T00:00:00.001Z","1970-01-01T00:00:00.001Z"
"000000000000000000000002","originUri_2_^°!""§$%&/()=?\`´*+#'-_.,;<>öäü@[]{}|¡“¶¢[]≠¿'„…∞~<•±æœαβγδεζηθικλμνξοπρστυφχψω€€€","","definition_2_^°!""§$%&/()=?\`´*+#'-_.,;<>öäü@[]{}|¡“¶¢[]≠¿'„…∞~<•±æœαβγδεζηθικλμνξοπρστυφχψω€€€","scopeNote_2_^°!""§$%&/()=?\`´*+#'-_.,;<>öäü@[]{}|¡“¶¢[]≠¿'„…∞~<•±æœαβγδεζηθικλμνξοπρστυφχψω€€€","occupation-specific","attitude","Skill_2_^°!""§$%&/()=?\`´*+#'-_.,;<>öäü@[]{}|¡“¶¢[]≠¿'„…∞~<•±æœαβγδεζηθικλμνξοπρστυφχψω€€€","","description_2_^°!""§$%&/()=?\`´*+#'-_.,;<>öäü@[]{}|¡“¶¢[]≠¿'„…∞~<•±æœαβγδεζηθικλμνξοπρστυφχψω€€€","1970-01-01T00:00:00.002Z","1970-01-01T00:00:00.002Z"
"000000000000000000000003","originUri_3_^°!""§$%&/()=?\`´*+#'-_.,;<>öäü@[]{}|¡“¶¢[]≠¿'„…∞~<•±æœαβγδεζηθικλμνξοπρστυφχψω€€€","uuidHistory_3_^°!""§$%&/()=?\`´*+#'-_.,;<>öäü@[]{}|¡“¶¢[]≠¿'„…∞~<•±æœαβγδεζηθικλμνξοπρστυφχψω€€€
uuidHistory_4_^°!""§$%&/()=?\`´*+#'-_.,;<>öäü@[]{}|¡“¶¢[]≠¿'„…∞~<•±æœαβγδεζηθικλμνξοπρστυφχψω€€€","definition_3_^°!""§$%&/()=?\`´*+#'-_.,;<>öäü@[]{}|¡“¶¢[]≠¿'„…∞~<•±æœαβγδεζηθικλμνξοπρστυφχψω€€€","scopeNote_3_^°!""§$%&/()=?\`´*+#'-_.,;<>öäü@[]{}|¡“¶¢[]≠¿'„…∞~<•±æœαβγδεζηθικλμνξοπρστυφχψω€€€","sector-specific","skill/competence","Skill_3_^°!""§$%&/()=?\`´*+#'-_.,;<>öäü@[]{}|¡“¶¢[]≠¿'„…∞~<•±æœαβγδεζηθικλμνξοπρστυφχψω€€€","altLabel_1_^°!""§$%&/()=?\`´*+#'-_.,;<>öäü@[]{}|¡“¶¢[]≠¿'„…∞~<•±æœαβγδεζηθικλμνξοπρστυφχψω€€€
altLabel_2_^°!""§$%&/()=?\`´*+#'-_.,;<>öäü@[]{}|¡“¶¢[]≠¿'„…∞~<•±æœαβγδεζηθικλμνξοπρστυφχψω€€€","description_3_^°!""§$%&/()=?\`´*+#'-_.,;<>öäü@[]{}|¡“¶¢[]≠¿'„…∞~<•±æœαβγδεζηθικλμνξοπρστυφχψω€€€","1970-01-01T00:00:00.003Z","1970-01-01T00:00:00.003Z"
"000000000000000000000004","originUri_4_^°!""§$%&/()=?\`´*+#'-_.,;<>öäü@[]{}|¡“¶¢[]≠¿'„…∞~<•±æœαβγδεζηθικλμνξοπρστυφχψω€€€","","definition_4_^°!""§$%&/()=?\`´*+#'-_.,;<>öäü@[]{}|¡“¶¢[]≠¿'„…∞~<•±æœαβγδεζηθικλμνξοπρστυφχψω€€€","scopeNote_4_^°!""§$%&/()=?\`´*+#'-_.,;<>öäü@[]{}|¡“¶¢[]≠¿'„…∞~<•±æœαβγδεζηθικλμνξοπρστυφχψω€€€","","","Skill_4_^°!""§$%&/()=?\`´*+#'-_.,;<>öäü@[]{}|¡“¶¢[]≠¿'„…∞~<•±æœαβγδεζηθικλμνξοπρστυφχψω€€€","","description_4_^°!""§$%&/()=?\`´*+#'-_.,;<>öäü@[]{}|¡“¶¢[]≠¿'„…∞~<•±æœαβγδεζηθικλμνξοπρστυφχψω€€€","1970-01-01T00:00:00.004Z","1970-01-01T00:00:00.004Z"
"000000000000000000000005","originUri_5_^°!""§$%&/()=?\`´*+#'-_.,;<>öäü@[]{}|¡“¶¢[]≠¿'„…∞~<•±æœαβγδεζηθικλμνξοπρστυφχψω€€€","uuidHistory_5_^°!""§$%&/()=?\`´*+#'-_.,;<>öäü@[]{}|¡“¶¢[]≠¿'„…∞~<•±æœαβγδεζηθικλμνξοπρστυφχψω€€€
uuidHistory_6_^°!""§$%&/()=?\`´*+#'-_.,;<>öäü@[]{}|¡“¶¢[]≠¿'„…∞~<•±æœαβγδεζηθικλμνξοπρστυφχψω€€€","definition_5_^°!""§$%&/()=?\`´*+#'-_.,;<>öäü@[]{}|¡“¶¢[]≠¿'„…∞~<•±æœαβγδεζηθικλμνξοπρστυφχψω€€€","scopeNote_5_^°!""§$%&/()=?\`´*+#'-_.,;<>öäü@[]{}|¡“¶¢[]≠¿'„…∞~<•±æœαβγδεζηθικλμνξοπρστυφχψω€€€","transversal","knowledge","Skill_5_^°!""§$%&/()=?\`´*+#'-_.,;<>öäü@[]{}|¡“¶¢[]≠¿'„…∞~<•±æœαβγδεζηθικλμνξοπρστυφχψω€€€","altLabel_1_^°!""§$%&/()=?\`´*+#'-_.,;<>öäü@[]{}|¡“¶¢[]≠¿'„…∞~<•±æœαβγδεζηθικλμνξοπρστυφχψω€€€
altLabel_2_^°!""§$%&/()=?\`´*+#'-_.,;<>öäü@[]{}|¡“¶¢[]≠¿'„…∞~<•±æœαβγδεζηθικλμνξοπρστυφχψω€€€","description_5_^°!""§$%&/()=?\`´*+#'-_.,;<>öäü@[]{}|¡“¶¢[]≠¿'„…∞~<•±æœαβγδεζηθικλμνξοπρστυφχψω€€€","1970-01-01T00:00:00.005Z","1970-01-01T00:00:00.005Z"
"
`;

exports[`SkillsDocToCsvTransform test transformSkillSpecToCSVRow() should transform a Skill to a CSV row 1`] = `
{
  "ALTLABELS": "",
  "CREATEDAT": "1970-01-01T00:00:00.000Z",
  "DEFINITION": "definition_0_^°!"§$%&/()=?\`´*+#'-_.,;<>öäü@[]{}|¡“¶¢[]≠¿'„…∞~<•±æœαβγδεζηθικλμνξοπρστυφχψω€€€",
  "DESCRIPTION": "description_0_^°!"§$%&/()=?\`´*+#'-_.,;<>öäü@[]{}|¡“¶¢[]≠¿'„…∞~<•±æœαβγδεζηθικλμνξοπρστυφχψω€€€",
  "ID": "000000000000000000000000",
  "ORIGINURI": "originUri_0_^°!"§$%&/()=?\`´*+#'-_.,;<>öäü@[]{}|¡“¶¢[]≠¿'„…∞~<•±æœαβγδεζηθικλμνξοπρστυφχψω€€€",
  "PREFERREDLABEL": "Skill_0_^°!"§$%&/()=?\`´*+#'-_.,;<>öäü@[]{}|¡“¶¢[]≠¿'„…∞~<•±æœαβγδεζηθικλμνξοπρστυφχψω€€€",
  "REUSELEVEL": "transversal",
  "SCOPENOTE": "scopeNote_0_^°!"§$%&/()=?\`´*+#'-_.,;<>öäü@[]{}|¡“¶¢[]≠¿'„…∞~<•±æœαβγδεζηθικλμνξοπρστυφχψω€€€",
  "SKILLTYPE": "knowledge",
  "UPDATEDAT": "1970-01-01T00:00:00.000Z",
  "UUIDHISTORY": "",
}
`;
