// Jest Snapshot v1, https://goo.gl/fbAQLP

exports[`ModelPropertiesVersion should render correctly with the provided model props 1`] = `
<div
  class="MuiBox-root css-1ck9pm7"
  data-testid="model-properties-version-container-8d3b0caa-95e2-4f11-a98c-054208e72438"
>
  <div
    data-testid="model-properties-uuid-8d3b0caa-95e2-4f11-a98c-054208e72438"
    id="uuid-8d3b0caa-95e2-4f11-a98c-054208e72438"
  >
    Text Property Field Mock
  </div>
  <div
    data-testid="model-properties-tabiya-path-8d3b0caa-95e2-4f11-a98c-054208e72438"
    id="tabiya-path-8d3b0caa-95e2-4f11-a98c-054208e72438"
  >
    Text Property Field Mock
  </div>
  <div
    data-testid="model-properties-path-8d3b0caa-95e2-4f11-a98c-054208e72438"
    id="path-8d3b0caa-95e2-4f11-a98c-054208e72438"
  >
    Text Property Field Mock
  </div>
  <div
    data-testid="model-properties-version-8d3b0caa-95e2-4f11-a98c-054208e72438"
    id="version-8d3b0caa-95e2-4f11-a98c-054208e72438"
  >
    Text Property Field Mock
  </div>
  <div
    data-testid="model-properties-released-status-8d3b0caa-95e2-4f11-a98c-054208e72438"
    id="released-status-8d3b0caa-95e2-4f11-a98c-054208e72438"
  >
    Released Status Mock
  </div>
  <div
    data-testid="model-properties-release-notes-8d3b0caa-95e2-4f11-a98c-054208e72438"
    id="release-notes-8d3b0caa-95e2-4f11-a98c-054208e72438"
  >
    Markdown Property Field Mock
  </div>
  <div
    data-testid="model-properties-license-8d3b0caa-95e2-4f11-a98c-054208e72438"
    id="license-8d3b0caa-95e2-4f11-a98c-054208e72438"
  >
    Markdown Property Field Mock
  </div>
</div>
`;
