// Jest Snapshot v1, https://goo.gl/fbAQLP

exports[`Test the Occupation module The export module matches the snapshot 1`] = `
{
  "Constants": {
    "ALT_LABELS_MAX_ITEMS": 100,
    "ALT_LABEL_MAX_LENGTH": 256,
    "CODE_MAX_LENGTH": 256,
    "DEFAULT_LIMIT": 10,
    "DEFINITION_MAX_LENGTH": 4000,
    "DESCRIPTION_MAX_LENGTH": 6000,
    "MAX_CURSOR_LENGTH": 1024,
    "MAX_JSON_OVERHEAD": 10000,
    "MAX_LIMIT": 100,
    "MAX_POST_PAYLOAD_LENGTH": 566656,
    "OCCUPATION_GROUP_CODE_MAX_LENGTH": 256,
    "ORIGIN_URI_MAX_LENGTH": 4096,
    "PATH_URI_MAX_LENGTH": 4096,
    "PREFERRED_LABEL_MAX_LENGTH": 256,
    "REGULATED_PROFESSION_NOTE_MAX_LENGTH": 4000,
    "SCOPE_NOTE_MAX_LENGTH": 4000,
    "SIGNALLING_VALUE_LABEL_MAX_LENGTH": 256,
    "SIGNALLING_VALUE_MAX": 100,
    "SIGNALLING_VALUE_MIN": 0,
    "TABIYA_PATH_URI_MAX_LENGTH": 4096,
    "UUID_HISTORY_MAX_ITEMS": 10000,
    "UUID_HISTORY_MAX_LENGTH": 50,
  },
  "Enums": {
    "GET": {
      "Response": {
        "ErrorCodes": {
          "DB_FAILED_TO_RETRIEVE_OCCUPATIONS": "DB_FAILED_TO_RETRIEVE_OCCUPATIONS",
          "INVALID_LIMIT": "INVALID_LIMIT",
          "INVALID_MODEL_ID": "INVALID_MODEL",
          "INVALID_NEXT_CURSOR": "INVALID_NEXT_CURSOR",
          "INVALID_OCCUPATION_ID": "INVALID_OCCUPATION_ID",
          "MODEL_NOT_FOUND": "MODEL_NOT_FOUND",
        },
      },
    },
    "OccupationToSkillRelationType": {
      "ESSENTIAL": "essential",
      "NONE": "",
      "OPTIONAL": "optional",
    },
    "OccupationType": {
      "ESCOOccupation": "escooccupation",
      "LocalOccupation": "localoccupation",
    },
    "POST": {
      "Response": {
        "ErrorCodes": {
          "DB_FAILED_TO_CREATE_OCCUPATION": "DB_FAILED_TO_CREATE_OCCUPATION",
          "INVALID_MODEL_ID": "INVALID_MODEL_ID",
          "MODEL_ALREADY_RELEASED": "CANNOT_CREATE_OCCUPATION_GROUP_ON_RELEASED_MODEL",
          "OCCUPATION_COULD_NOT_VALIDATE": "OCCUPATION_COULD_NOT_VALIDATE",
        },
      },
    },
    "Relations": {
      "Children": {
        "ObjectTypes": {
          "ESCOOccupation": "escooccupation",
          "LocalOccupation": "localoccupation",
        },
      },
      "Parent": {
        "ObjectTypes": {
          "ESCOOccupation": "escooccupation",
          "ISCOGroup": "iscogroup",
          "LocalGroup": "localgroup",
          "LocalOccupation": "localoccupation",
        },
      },
      "RequiredSkills": {
        "ObjectTypes": {
          "Skill": "skill",
        },
      },
    },
  },
  "Patterns": {
    "RegExp": {
      "ESCO_LOCAL_OCCUPATION_CODE": /\\^\\\\d\\{4\\}\\(\\?:\\\\\\.\\\\d\\+\\)\\*\\(\\?:_\\\\d\\+\\)\\+\\$/,
      "ESCO_LOCAL_OR_LOCAL_OCCUPATION_CODE": /\\^\\(\\?:\\\\d\\{4\\}\\(\\?:\\\\\\.\\\\d\\+\\)\\*\\(\\?:_\\\\d\\+\\)\\+\\|\\[a-zA-Z\\\\d\\]\\+\\(\\?:_\\\\d\\+\\)\\+\\)\\$/,
      "ESCO_OCCUPATION_CODE": /\\^\\\\d\\{4\\}\\(\\?:\\\\\\.\\\\d\\+\\)\\+\\$/,
      "ISCO_GROUP_CODE": /\\^\\\\d\\{1,4\\}\\$/,
      "LOCAL_GROUP_CODE": /\\^\\(\\?:\\\\d\\{1,4\\}\\)\\?\\[a-zA-Z\\]\\+\\[a-zA-Z\\\\d\\]\\*\\$/,
      "LOCAL_OCCUPATION_CODE": /\\(\\^\\[a-zA-Z\\\\d\\]\\+\\)\\(\\?:_\\\\d\\+\\)\\+\\$/,
    },
    "Str": {
      "ESCO_LOCAL_OCCUPATION_CODE": "^\\d{4}(?:\\.\\d+)*(?:_\\d+)+$",
      "ESCO_LOCAL_OR_LOCAL_OCCUPATION_CODE": "^(?:\\d{4}(?:\\.\\d+)*(?:_\\d+)+|[a-zA-Z\\d]+(?:_\\d+)+)$",
      "ESCO_OCCUPATION_CODE": "^\\d{4}(?:\\.\\d+)+$",
      "ISCO_GROUP_CODE": "^\\d{1,4}$",
      "LOCAL_GROUP_CODE": "^(?:\\d{1,4})?[a-zA-Z]+[a-zA-Z\\d]*$",
      "LOCAL_OCCUPATION_CODE": "(^[a-zA-Z\\d]+)(?:_\\d+)+$",
    },
  },
  "Schemas": {
    "GET": {
      "Request": {
        "ById": {
          "Param": {
            "Payload": {
              "$id": "/components/schemas/OccupationRequestByIdParamSchemaGET",
              "additionalProperties": false,
              "properties": {
                "id": {
                  "description": "The id of the occupation. It can be used to retrieve the occupation from the server.",
                  "pattern": "^[0-9a-f]{24}$",
                  "type": "string",
                },
                "modelId": {
                  "description": "The identifier of the model for occupation.",
                  "pattern": "^[0-9a-f]{24}$",
                  "type": "string",
                },
              },
              "required": [
                "modelId",
                "id",
              ],
              "type": "object",
            },
          },
        },
        "Param": {
          "Payload": {
            "$id": "/components/schemas/OccupationRequestParamSchemaGET",
            "additionalProperties": false,
            "properties": {
              "modelId": {
                "description": "The identifier of the model for occupation.",
                "pattern": "^[0-9a-f]{24}$",
                "type": "string",
              },
            },
            "required": [
              "modelId",
            ],
            "type": "object",
          },
        },
        "Query": {
          "Payload": {
            "$id": "/components/schemas/OccupationRequestQueryParamSchemaGET",
            "additionalProperties": false,
            "properties": {
              "cursor": {
                "description": "A base64 string representing the cursor for pagination.",
                "maxLength": 1024,
                "pattern": "\\S",
                "type": [
                  "string",
                  "null",
                ],
              },
              "limit": {
                "default": 10,
                "description": "The maximum number of items to return.",
                "maximum": 100,
                "minimum": 1,
                "type": "integer",
              },
            },
            "type": "object",
          },
        },
      },
      "Response": {
        "Payload": {
          "$id": "/components/schemas/OccupationResponseSchemaGET",
          "additionalProperties": false,
          "properties": {
            "data": {
              "description": "Array of occupation data for the current page",
              "items": {
                "$id": "/components/schemas/OccupationItem",
                "additionalProperties": false,
                "allOf": [
                  {
                    "if": {
                      "properties": {
                        "occupationType": {
                          "const": "escooccupation",
                        },
                      },
                    },
                    "then": {
                      "properties": {
                        "code": {
                          "maxLength": 256,
                          "pattern": "^\\d{4}(?:\\.\\d+)+$",
                          "type": "string",
                        },
                        "occupationGroupCode": {
                          "maxLength": 256,
                          "pattern": "^\\d{1,4}$",
                          "type": "string",
                        },
                      },
                    },
                  },
                  {
                    "if": {
                      "properties": {
                        "occupationType": {
                          "const": "localoccupation",
                        },
                      },
                    },
                    "then": {
                      "properties": {
                        "code": {
                          "maxLength": 256,
                          "pattern": "^(?:\\d{4}(?:\\.\\d+)*(?:_\\d+)+|[a-zA-Z\\d]+(?:_\\d+)+)$",
                          "type": "string",
                        },
                        "occupationGroupCode": {
                          "maxLength": 256,
                          "pattern": "^(?:\\d{1,4})?[a-zA-Z]+[a-zA-Z\\d]*$",
                          "type": "string",
                        },
                      },
                    },
                  },
                  {
                    "if": {
                      "properties": {
                        "occupationType": {
                          "const": "escooccupation",
                        },
                      },
                    },
                    "then": {
                      "properties": {
                        "requiresSkills": {
                          "items": {
                            "properties": {
                              "relationType": {
                                "type": "string",
                              },
                            },
                            "required": [
                              "relationType",
                            ],
                            "type": "object",
                          },
                          "type": "array",
                        },
                      },
                    },
                  },
                  {
                    "if": {
                      "properties": {
                        "occupationType": {
                          "const": "localoccupation",
                        },
                      },
                    },
                    "then": {
                      "properties": {
                        "requiresSkills": {
                          "items": {
                            "properties": {
                              "signallingValue": {
                                "type": "number",
                              },
                              "signallingValueLabel": {
                                "type": "string",
                              },
                            },
                            "required": [
                              "signallingValue",
                              "signallingValueLabel",
                            ],
                            "type": "object",
                          },
                          "type": "array",
                        },
                      },
                    },
                  },
                ],
                "properties": {
                  "UUID": {
                    "description": "The UUID of the occupation for cross-system identification.",
                    "pattern": "^[0-9a-f]{8}-[0-9a-f]{4}-[0-9a-f]{4}-[0-9a-f]{4}-[0-9a-f]{12}$",
                    "type": "string",
                  },
                  "UUIDHistory": {
                    "description": "The UUIDs history of the occupation.",
                    "items": {
                      "maxLength": 50,
                      "pattern": "^[0-9a-f]{8}-[0-9a-f]{4}-[0-9a-f]{4}-[0-9a-f]{4}-[0-9a-f]{12}$",
                      "type": "string",
                    },
                    "maxItems": 10000,
                    "minItems": 0,
                    "type": "array",
                    "uniqueItems": true,
                  },
                  "altLabels": {
                    "description": "Alternative labels for the occupation.",
                    "items": {
                      "maxLength": 256,
                      "type": "string",
                    },
                    "maxItems": 100,
                    "minItems": 0,
                    "type": "array",
                    "uniqueItems": true,
                  },
                  "children": {
                    "description": "The children of this occupation.",
                    "items": {
                      "additionalProperties": false,
                      "allOf": [
                        {
                          "if": {
                            "properties": {
                              "objectType": {
                                "const": "escooccupation",
                              },
                            },
                          },
                          "then": {
                            "properties": {
                              "code": {
                                "maxLength": 256,
                                "pattern": "^\\d{4}(?:\\.\\d+)+$",
                                "type": "string",
                              },
                              "occupationGroupCode": {
                                "maxLength": 256,
                                "pattern": "^\\d{1,4}$",
                                "type": "string",
                              },
                            },
                          },
                        },
                        {
                          "if": {
                            "properties": {
                              "objectType": {
                                "const": "localoccupation",
                              },
                            },
                          },
                          "then": {
                            "properties": {
                              "code": {
                                "maxLength": 256,
                                "pattern": "^(?:\\d{4}(?:\\.\\d+)*(?:_\\d+)+|[a-zA-Z\\d]+(?:_\\d+)+)$",
                                "type": "string",
                              },
                              "occupationGroupCode": {
                                "maxLength": 256,
                                "pattern": "^(?:\\d{1,4})?[a-zA-Z]+[a-zA-Z\\d]*$",
                                "type": "string",
                              },
                            },
                          },
                        },
                      ],
                      "properties": {
                        "UUID": {
                          "description": "The UUID of the child occupation.",
                          "pattern": "^[0-9a-f]{8}-[0-9a-f]{4}-[0-9a-f]{4}-[0-9a-f]{4}-[0-9a-f]{12}$",
                          "type": "string",
                        },
                        "code": {
                          "description": "The code of the child occupation.",
                          "maxLength": 256,
                          "type": "string",
                        },
                        "id": {
                          "description": "The id of the child occupation.",
                          "pattern": "^[0-9a-f]{24}$",
                          "type": "string",
                        },
                        "objectType": {
                          "description": "The type of the occupation, e.g., ISCOGroup or LocalGroup.",
                          "enum": [
                            "escooccupation",
                            "localoccupation",
                          ],
                          "type": "string",
                        },
                        "occupationGroupCode": {
                          "description": "The code of the child occupation group.",
                          "maxLength": 256,
                          "type": "string",
                        },
                        "preferredLabel": {
                          "description": "The preferred label of the child occupation.",
                          "maxLength": 256,
                          "pattern": "\\S",
                          "type": "string",
                        },
                      },
                      "type": "object",
                    },
                    "minItems": 0,
                    "type": "array",
                  },
                  "code": {
                    "description": "The code of the occupation.",
                    "maxLength": 256,
                    "type": "string",
                  },
                  "createdAt": {
                    "description": "Timestamp of record creation.",
                    "format": "date-time",
                    "type": "string",
                  },
                  "definition": {
                    "description": "The formal definition of the occupation.",
                    "maxLength": 4000,
                    "type": "string",
                  },
                  "description": {
                    "description": "Additional descriptive information about the occupation.",
                    "maxLength": 6000,
                    "type": "string",
                  },
                  "id": {
                    "description": "The unique identifier of the occupation.",
                    "pattern": "^[0-9a-f]{24}$",
                    "type": "string",
                  },
                  "isLocalized": {
                    "description": "Indicates if the occupation has localized variants. Must be false for LocalOccupation.",
                    "type": "boolean",
                  },
                  "modelId": {
                    "description": "The identifier of the model containing this occupation.",
                    "pattern": "^[0-9a-f]{24}$",
                    "type": "string",
                  },
                  "occupationGroupCode": {
                    "description": "The code of the parent occupation group.",
                    "maxLength": 256,
                    "type": "string",
                  },
                  "occupationType": {
                    "description": "The occupation classification type (e.g., ESCOOccupation or LocalOccupation).",
                    "enum": [
                      "escooccupation",
                      "localoccupation",
                    ],
                    "type": "string",
                  },
                  "originUUID": {
                    "description": "The original UUID of the occupation, i.e., the first UUID in UUIDHistory",
                    "maxLength": 50,
                    "pattern": "^[0-9a-f]{8}-[0-9a-f]{4}-[0-9a-f]{4}-[0-9a-f]{4}-[0-9a-f]{12}$",
                    "type": "string",
                  },
                  "originUri": {
                    "description": "The origin URI of the occupation.",
                    "format": "uri",
                    "maxLength": 4096,
                    "pattern": "\\S",
                    "type": "string",
                  },
                  "parent": {
                    "additionalProperties": false,
                    "allOf": [
                      {
                        "if": {
                          "properties": {
                            "objectType": {
                              "const": "iscogroup",
                            },
                          },
                        },
                        "then": {
                          "properties": {
                            "code": {
                              "maxLength": 256,
                              "pattern": "^\\d{1,4}$",
                              "type": "string",
                            },
                            "occupationGroupCode": {
                              "maxLength": 256,
                              "pattern": "^\\d{1,4}$",
                              "type": "string",
                            },
                          },
                        },
                      },
                      {
                        "if": {
                          "properties": {
                            "objectType": {
                              "const": "localgroup",
                            },
                          },
                        },
                        "then": {
                          "properties": {
                            "code": {
                              "maxLength": 256,
                              "pattern": "^(?:\\d{1,4})?[a-zA-Z]+[a-zA-Z\\d]*$",
                              "type": "string",
                            },
                            "occupationGroupCode": {
                              "maxLength": 256,
                              "pattern": "^(?:\\d{1,4})?[a-zA-Z]+[a-zA-Z\\d]*$",
                              "type": "string",
                            },
                          },
                        },
                      },
                      {
                        "if": {
                          "properties": {
                            "objectType": {
                              "const": "escooccupation",
                            },
                          },
                        },
                        "then": {
                          "properties": {
                            "code": {
                              "maxLength": 256,
                              "pattern": "^\\d{4}(?:\\.\\d+)+$",
                              "type": "string",
                            },
                            "occupationGroupCode": {
                              "maxLength": 256,
                              "pattern": "^\\d{1,4}$",
                              "type": "string",
                            },
                          },
                        },
                      },
                      {
                        "if": {
                          "properties": {
                            "objectType": {
                              "const": "localoccupation",
                            },
                          },
                        },
                        "then": {
                          "properties": {
                            "code": {
                              "maxLength": 256,
                              "pattern": "^(?:\\d{4}(?:\\.\\d+)*(?:_\\d+)+|[a-zA-Z\\d]+(?:_\\d+)+)$",
                              "type": "string",
                            },
                            "occupationGroupCode": {
                              "maxLength": 256,
                              "pattern": "^(?:\\d{1,4})?[a-zA-Z]+[a-zA-Z\\d]*$",
                              "type": "string",
                            },
                          },
                        },
                      },
                    ],
                    "description": "The parent occupation of this occupation.",
                    "properties": {
                      "UUID": {
                        "description": "The UUID of the occupation. It can be used to identify the parent occupation.",
                        "pattern": "^[0-9a-f]{8}-[0-9a-f]{4}-[0-9a-f]{4}-[0-9a-f]{4}-[0-9a-f]{12}$",
                        "type": "string",
                      },
                      "code": {
                        "description": "The code of the parent occupation.",
                        "maxLength": 256,
                        "type": "string",
                      },
                      "id": {
                        "description": "The id of the parent occupation.",
                        "pattern": "^[0-9a-f]{24}$",
                        "type": "string",
                      },
                      "objectType": {
                        "description": "The type of the occupation, e.g., ISCOGroup or LocalGroup.",
                        "enum": [
                          "iscogroup",
                          "localgroup",
                          "escooccupation",
                          "localoccupation",
                        ],
                        "type": "string",
                      },
                      "occupationGroupCode": {
                        "description": "The code of the parent occupation group.",
                        "maxLength": 256,
                        "type": "string",
                      },
                      "preferredLabel": {
                        "description": "The preferred label of the parent occupation.",
                        "maxLength": 256,
                        "pattern": "\\S",
                        "type": "string",
                      },
                    },
                    "type": [
                      "object",
                      "null",
                    ],
                  },
                  "path": {
                    "description": "Resource path using the occupation's ID.",
                    "format": "uri",
                    "maxLength": 4096,
                    "pattern": "^https://.*",
                    "type": "string",
                  },
                  "preferredLabel": {
                    "description": "The preferred label of the occupation.",
                    "maxLength": 256,
                    "pattern": "\\S",
                    "type": "string",
                  },
                  "regulatedProfessionNote": {
                    "description": "Regulatory information for legally regulated professions.",
                    "maxLength": 4000,
                    "type": "string",
                  },
                  "requiresSkills": {
                    "description": "Skills required for this occupation with relationship metadata.",
                    "items": {
                      "additionalProperties": false,
                      "properties": {
                        "UUID": {
                          "description": "The UUID of the required skill.",
                          "pattern": "^[0-9a-f]{8}-[0-9a-f]{4}-[0-9a-f]{4}-[0-9a-f]{4}-[0-9a-f]{12}$",
                          "type": "string",
                        },
                        "id": {
                          "description": "The ID of the required skill.",
                          "pattern": "^[0-9a-f]{24}$",
                          "type": "string",
                        },
                        "isLocalized": {
                          "description": "Indicates if the required skill is localized.",
                          "type": "boolean",
                        },
                        "objectType": {
                          "description": "The object type of the required skill.",
                          "enum": [
                            "skill",
                          ],
                          "type": "string",
                        },
                        "preferredLabel": {
                          "description": "The preferred label of the required skill.",
                          "maxLength": 256,
                          "pattern": "\\S",
                          "type": "string",
                        },
                        "relationType": {
                          "description": "Used for ESCOOccupations only.",
                          "enum": [
                            "",
                            "essential",
                            "optional",
                            null,
                          ],
                          "type": [
                            "string",
                            "null",
                          ],
                        },
                        "signallingValue": {
                          "description": "Used for LocalOccupations only.",
                          "maximum": 100,
                          "minimum": 0,
                          "type": [
                            "number",
                            "null",
                          ],
                        },
                        "signallingValueLabel": {
                          "description": "Used for LocalOccupations only.",
                          "maxLength": 256,
                          "pattern": "\\S",
                          "type": [
                            "string",
                            "null",
                          ],
                        },
                      },
                      "required": [
                        "id",
                        "UUID",
                        "preferredLabel",
                        "isLocalized",
                        "objectType",
                      ],
                      "type": "object",
                    },
                    "minItems": 0,
                    "type": "array",
                  },
                  "scopeNote": {
                    "description": "Scope clarification for the occupation's application.",
                    "maxLength": 4000,
                    "type": "string",
                  },
                  "tabiyaPath": {
                    "description": "Resource path using the occupation's UUID.",
                    "format": "uri",
                    "maxLength": 4096,
                    "pattern": "^https://.*",
                    "type": "string",
                  },
                  "updatedAt": {
                    "description": "Timestamp of last record modification.",
                    "format": "date-time",
                    "type": "string",
                  },
                },
                "required": [
                  "id",
                  "UUID",
                  "originUUID",
                  "UUIDHistory",
                  "path",
                  "tabiyaPath",
                  "code",
                  "occupationGroupCode",
                  "originUri",
                  "preferredLabel",
                  "altLabels",
                  "definition",
                  "description",
                  "regulatedProfessionNote",
                  "scopeNote",
                  "occupationType",
                  "modelId",
                  "isLocalized",
                  "parent",
                  "requiresSkills",
                  "children",
                  "createdAt",
                  "updatedAt",
                ],
                "type": "object",
              },
              "type": "array",
            },
            "limit": {
              "default": 100,
              "description": "Number of data returned in this page.",
              "maximum": 100,
              "minimum": 1,
              "type": "integer",
            },
            "nextCursor": {
              "description": "Cursor to fetch the next page of results. Opaque token encoding the last item's sort key(s). Returns null if this is the last page.",
              "maxLength": 1024,
              "type": [
                "string",
                "null",
              ],
            },
          },
          "required": [
            "data",
            "limit",
          ],
          "type": "object",
        },
      },
    },
    "POST": {
      "Request": {
        "Payload": {
          "$id": "/components/schemas/OccupationRequestSchemaPOST",
          "additionalProperties": false,
          "else": {
            "properties": {
              "code": {
                "maxLength": 100,
                "pattern": "^(?:\\d{4}(?:\\.\\d+)*(?:_\\d+)+|[a-zA-Z\\d]+(?:_\\d+)+)$",
                "type": "string",
              },
              "occupationGroupCode": {
                "maxLength": 100,
                "pattern": "^(?:\\d{1,4})?[a-zA-Z]+[a-zA-Z\\d]*$",
                "type": "string",
              },
            },
          },
          "if": {
            "properties": {
              "occupationType": {
                "const": "escooccupation",
              },
            },
          },
          "properties": {
            "UUIDHistory": {
              "description": "The UUIDs history of the occupation.",
              "items": {
                "maxLength": 50,
                "pattern": "^[0-9a-f]{8}-[0-9a-f]{4}-[0-9a-f]{4}-[0-9a-f]{4}-[0-9a-f]{12}$",
                "type": "string",
              },
              "maxItems": 10000,
              "minItems": 0,
              "type": "array",
              "uniqueItems": true,
            },
            "altLabels": {
              "description": "Alternative labels for the occupation.",
              "items": {
                "maxLength": 256,
                "type": "string",
              },
              "maxItems": 100,
              "minItems": 0,
              "type": "array",
              "uniqueItems": true,
            },
            "code": {
              "description": "The code of the occupation.",
              "maxLength": 256,
              "type": "string",
            },
            "definition": {
              "description": "The formal definition of the occupation.",
              "maxLength": 4000,
              "type": "string",
            },
            "description": {
              "description": "Additional descriptive information about the occupation.",
              "maxLength": 6000,
              "type": "string",
            },
            "isLocalized": {
              "description": "Indicates if the occupation has localized variants. Must be false for LocalOccupation.",
              "type": "boolean",
            },
            "modelId": {
              "description": "The identifier of the model containing this occupation.",
              "pattern": "^[0-9a-f]{24}$",
              "type": "string",
            },
            "occupationGroupCode": {
              "description": "The code of the parent occupation group.",
              "maxLength": 256,
              "type": "string",
            },
            "occupationType": {
              "description": "The occupation classification type (e.g., ESCOOccupation or LocalOccupation).",
              "enum": [
                "escooccupation",
                "localoccupation",
              ],
              "type": "string",
            },
            "originUri": {
              "description": "The origin URI of the occupation.",
              "format": "uri",
              "maxLength": 4096,
              "pattern": "\\S",
              "type": "string",
            },
            "preferredLabel": {
              "description": "The preferred label of the occupation.",
              "maxLength": 256,
              "pattern": "\\S",
              "type": "string",
            },
            "regulatedProfessionNote": {
              "description": "Regulatory information for legally regulated professions.",
              "maxLength": 4000,
              "type": "string",
            },
            "scopeNote": {
              "description": "Scope clarification for the occupation's application.",
              "maxLength": 4000,
              "type": "string",
            },
          },
          "required": [
            "code",
            "occupationGroupCode",
            "preferredLabel",
            "originUri",
            "UUIDHistory",
            "altLabels",
            "definition",
            "description",
            "regulatedProfessionNote",
            "scopeNote",
            "modelId",
            "occupationType",
            "isLocalized",
          ],
          "then": {
            "properties": {
              "code": {
                "maxLength": 100,
                "pattern": "^\\d{4}(?:\\.\\d+)+$",
                "type": "string",
              },
              "occupationGroupCode": {
                "maxLength": 100,
                "pattern": "^\\d{1,4}$",
                "type": "string",
              },
            },
          },
          "type": "object",
        },
      },
      "Response": {
        "Payload": {
          "$id": "/components/schemas/OccupationResponseSchemaPOST",
          "additionalProperties": false,
          "allOf": [
            {
              "if": {
                "properties": {
                  "occupationType": {
                    "const": "escooccupation",
                  },
                },
              },
              "then": {
                "properties": {
                  "code": {
                    "maxLength": 256,
                    "pattern": "^\\d{4}(?:\\.\\d+)+$",
                    "type": "string",
                  },
                  "occupationGroupCode": {
                    "maxLength": 256,
                    "pattern": "^\\d{1,4}$",
                    "type": "string",
                  },
                },
              },
            },
            {
              "if": {
                "properties": {
                  "occupationType": {
                    "const": "localoccupation",
                  },
                },
              },
              "then": {
                "properties": {
                  "code": {
                    "maxLength": 256,
                    "pattern": "^(?:\\d{4}(?:\\.\\d+)*(?:_\\d+)+|[a-zA-Z\\d]+(?:_\\d+)+)$",
                    "type": "string",
                  },
                  "occupationGroupCode": {
                    "maxLength": 256,
                    "pattern": "^(?:\\d{1,4})?[a-zA-Z]+[a-zA-Z\\d]*$",
                    "type": "string",
                  },
                },
              },
            },
            {
              "if": {
                "properties": {
                  "occupationType": {
                    "const": "escooccupation",
                  },
                },
              },
              "then": {
                "properties": {
                  "requiresSkills": {
                    "items": {
                      "properties": {
                        "relationType": {
                          "type": "string",
                        },
                      },
                      "required": [
                        "relationType",
                      ],
                      "type": "object",
                    },
                    "type": "array",
                  },
                },
              },
            },
            {
              "if": {
                "properties": {
                  "occupationType": {
                    "const": "localoccupation",
                  },
                },
              },
              "then": {
                "properties": {
                  "requiresSkills": {
                    "items": {
                      "properties": {
                        "signallingValue": {
                          "type": "number",
                        },
                        "signallingValueLabel": {
                          "type": "string",
                        },
                      },
                      "required": [
                        "signallingValue",
                        "signallingValueLabel",
                      ],
                      "type": "object",
                    },
                    "type": "array",
                  },
                },
              },
            },
          ],
          "properties": {
            "UUID": {
              "description": "The UUID of the occupation for cross-system identification.",
              "pattern": "^[0-9a-f]{8}-[0-9a-f]{4}-[0-9a-f]{4}-[0-9a-f]{4}-[0-9a-f]{12}$",
              "type": "string",
            },
            "UUIDHistory": {
              "description": "The UUIDs history of the occupation.",
              "items": {
                "maxLength": 50,
                "pattern": "^[0-9a-f]{8}-[0-9a-f]{4}-[0-9a-f]{4}-[0-9a-f]{4}-[0-9a-f]{12}$",
                "type": "string",
              },
              "maxItems": 10000,
              "minItems": 0,
              "type": "array",
              "uniqueItems": true,
            },
            "altLabels": {
              "description": "Alternative labels for the occupation.",
              "items": {
                "maxLength": 256,
                "type": "string",
              },
              "maxItems": 100,
              "minItems": 0,
              "type": "array",
              "uniqueItems": true,
            },
            "children": {
              "description": "The children of this occupation.",
              "items": {
                "additionalProperties": false,
                "allOf": [
                  {
                    "if": {
                      "properties": {
                        "objectType": {
                          "const": "escooccupation",
                        },
                      },
                    },
                    "then": {
                      "properties": {
                        "code": {
                          "maxLength": 256,
                          "pattern": "^\\d{4}(?:\\.\\d+)+$",
                          "type": "string",
                        },
                        "occupationGroupCode": {
                          "maxLength": 256,
                          "pattern": "^\\d{1,4}$",
                          "type": "string",
                        },
                      },
                    },
                  },
                  {
                    "if": {
                      "properties": {
                        "objectType": {
                          "const": "localoccupation",
                        },
                      },
                    },
                    "then": {
                      "properties": {
                        "code": {
                          "maxLength": 256,
                          "pattern": "^(?:\\d{4}(?:\\.\\d+)*(?:_\\d+)+|[a-zA-Z\\d]+(?:_\\d+)+)$",
                          "type": "string",
                        },
                        "occupationGroupCode": {
                          "maxLength": 256,
                          "pattern": "^(?:\\d{1,4})?[a-zA-Z]+[a-zA-Z\\d]*$",
                          "type": "string",
                        },
                      },
                    },
                  },
                ],
                "properties": {
                  "UUID": {
                    "description": "The UUID of the child occupation.",
                    "pattern": "^[0-9a-f]{8}-[0-9a-f]{4}-[0-9a-f]{4}-[0-9a-f]{4}-[0-9a-f]{12}$",
                    "type": "string",
                  },
                  "code": {
                    "description": "The code of the child occupation.",
                    "maxLength": 256,
                    "type": "string",
                  },
                  "id": {
                    "description": "The id of the child occupation.",
                    "pattern": "^[0-9a-f]{24}$",
                    "type": "string",
                  },
                  "objectType": {
                    "description": "The type of the occupation, e.g., ISCOGroup or LocalGroup.",
                    "enum": [
                      "escooccupation",
                      "localoccupation",
                    ],
                    "type": "string",
                  },
                  "occupationGroupCode": {
                    "description": "The code of the child occupation group.",
                    "maxLength": 256,
                    "type": "string",
                  },
                  "preferredLabel": {
                    "description": "The preferred label of the child occupation.",
                    "maxLength": 256,
                    "pattern": "\\S",
                    "type": "string",
                  },
                },
                "type": "object",
              },
              "minItems": 0,
              "type": "array",
            },
            "code": {
              "description": "The code of the occupation.",
              "maxLength": 256,
              "type": "string",
            },
            "createdAt": {
              "description": "Timestamp of record creation.",
              "format": "date-time",
              "type": "string",
            },
            "definition": {
              "description": "The formal definition of the occupation.",
              "maxLength": 4000,
              "type": "string",
            },
            "description": {
              "description": "Additional descriptive information about the occupation.",
              "maxLength": 6000,
              "type": "string",
            },
            "id": {
              "description": "The unique identifier of the occupation.",
              "pattern": "^[0-9a-f]{24}$",
              "type": "string",
            },
            "isLocalized": {
              "description": "Indicates if the occupation has localized variants. Must be false for LocalOccupation.",
              "type": "boolean",
            },
            "modelId": {
              "description": "The identifier of the model containing this occupation.",
              "pattern": "^[0-9a-f]{24}$",
              "type": "string",
            },
            "occupationGroupCode": {
              "description": "The code of the parent occupation group.",
              "maxLength": 256,
              "type": "string",
            },
            "occupationType": {
              "description": "The occupation classification type (e.g., ESCOOccupation or LocalOccupation).",
              "enum": [
                "escooccupation",
                "localoccupation",
              ],
              "type": "string",
            },
            "originUUID": {
              "description": "The original UUID of the occupation, i.e., the first UUID in UUIDHistory",
              "maxLength": 50,
              "pattern": "^[0-9a-f]{8}-[0-9a-f]{4}-[0-9a-f]{4}-[0-9a-f]{4}-[0-9a-f]{12}$",
              "type": "string",
            },
            "originUri": {
              "description": "The origin URI of the occupation.",
              "format": "uri",
              "maxLength": 4096,
              "pattern": "\\S",
              "type": "string",
            },
            "parent": {
              "additionalProperties": false,
              "allOf": [
                {
                  "if": {
                    "properties": {
                      "objectType": {
                        "const": "iscogroup",
                      },
                    },
                  },
                  "then": {
                    "properties": {
                      "code": {
                        "maxLength": 256,
                        "pattern": "^\\d{1,4}$",
                        "type": "string",
                      },
                      "occupationGroupCode": {
                        "maxLength": 256,
                        "pattern": "^\\d{1,4}$",
                        "type": "string",
                      },
                    },
                  },
                },
                {
                  "if": {
                    "properties": {
                      "objectType": {
                        "const": "localgroup",
                      },
                    },
                  },
                  "then": {
                    "properties": {
                      "code": {
                        "maxLength": 256,
                        "pattern": "^(?:\\d{1,4})?[a-zA-Z]+[a-zA-Z\\d]*$",
                        "type": "string",
                      },
                      "occupationGroupCode": {
                        "maxLength": 256,
                        "pattern": "^(?:\\d{1,4})?[a-zA-Z]+[a-zA-Z\\d]*$",
                        "type": "string",
                      },
                    },
                  },
                },
                {
                  "if": {
                    "properties": {
                      "objectType": {
                        "const": "escooccupation",
                      },
                    },
                  },
                  "then": {
                    "properties": {
                      "code": {
                        "maxLength": 256,
                        "pattern": "^\\d{4}(?:\\.\\d+)+$",
                        "type": "string",
                      },
                      "occupationGroupCode": {
                        "maxLength": 256,
                        "pattern": "^\\d{1,4}$",
                        "type": "string",
                      },
                    },
                  },
                },
                {
                  "if": {
                    "properties": {
                      "objectType": {
                        "const": "localoccupation",
                      },
                    },
                  },
                  "then": {
                    "properties": {
                      "code": {
                        "maxLength": 256,
                        "pattern": "^(?:\\d{4}(?:\\.\\d+)*(?:_\\d+)+|[a-zA-Z\\d]+(?:_\\d+)+)$",
                        "type": "string",
                      },
                      "occupationGroupCode": {
                        "maxLength": 256,
                        "pattern": "^(?:\\d{1,4})?[a-zA-Z]+[a-zA-Z\\d]*$",
                        "type": "string",
                      },
                    },
                  },
                },
              ],
              "description": "The parent occupation of this occupation.",
              "properties": {
                "UUID": {
                  "description": "The UUID of the occupation. It can be used to identify the parent occupation.",
                  "pattern": "^[0-9a-f]{8}-[0-9a-f]{4}-[0-9a-f]{4}-[0-9a-f]{4}-[0-9a-f]{12}$",
                  "type": "string",
                },
                "code": {
                  "description": "The code of the parent occupation.",
                  "maxLength": 256,
                  "type": "string",
                },
                "id": {
                  "description": "The id of the parent occupation.",
                  "pattern": "^[0-9a-f]{24}$",
                  "type": "string",
                },
                "objectType": {
                  "description": "The type of the occupation, e.g., ISCOGroup or LocalGroup.",
                  "enum": [
                    "iscogroup",
                    "localgroup",
                    "escooccupation",
                    "localoccupation",
                  ],
                  "type": "string",
                },
                "occupationGroupCode": {
                  "description": "The code of the parent occupation group.",
                  "maxLength": 256,
                  "type": "string",
                },
                "preferredLabel": {
                  "description": "The preferred label of the parent occupation.",
                  "maxLength": 256,
                  "pattern": "\\S",
                  "type": "string",
                },
              },
              "type": [
                "object",
                "null",
              ],
            },
            "path": {
              "description": "Resource path using the occupation's ID.",
              "format": "uri",
              "maxLength": 4096,
              "pattern": "^https://.*",
              "type": "string",
            },
            "preferredLabel": {
              "description": "The preferred label of the occupation.",
              "maxLength": 256,
              "pattern": "\\S",
              "type": "string",
            },
            "regulatedProfessionNote": {
              "description": "Regulatory information for legally regulated professions.",
              "maxLength": 4000,
              "type": "string",
            },
            "requiresSkills": {
              "description": "Skills required for this occupation with relationship metadata.",
              "items": {
                "additionalProperties": false,
                "properties": {
                  "UUID": {
                    "description": "The UUID of the required skill.",
                    "pattern": "^[0-9a-f]{8}-[0-9a-f]{4}-[0-9a-f]{4}-[0-9a-f]{4}-[0-9a-f]{12}$",
                    "type": "string",
                  },
                  "id": {
                    "description": "The ID of the required skill.",
                    "pattern": "^[0-9a-f]{24}$",
                    "type": "string",
                  },
                  "isLocalized": {
                    "description": "Indicates if the required skill is localized.",
                    "type": "boolean",
                  },
                  "objectType": {
                    "description": "The object type of the required skill.",
                    "enum": [
                      "skill",
                    ],
                    "type": "string",
                  },
                  "preferredLabel": {
                    "description": "The preferred label of the required skill.",
                    "maxLength": 256,
                    "pattern": "\\S",
                    "type": "string",
                  },
                  "relationType": {
                    "description": "Used for ESCOOccupations only.",
                    "enum": [
                      "",
                      "essential",
                      "optional",
                      null,
                    ],
                    "type": [
                      "string",
                      "null",
                    ],
                  },
                  "signallingValue": {
                    "description": "Used for LocalOccupations only.",
                    "maximum": 100,
                    "minimum": 0,
                    "type": [
                      "number",
                      "null",
                    ],
                  },
                  "signallingValueLabel": {
                    "description": "Used for LocalOccupations only.",
                    "maxLength": 256,
                    "pattern": "\\S",
                    "type": [
                      "string",
                      "null",
                    ],
                  },
                },
                "required": [
                  "id",
                  "UUID",
                  "preferredLabel",
                  "isLocalized",
                  "objectType",
                ],
                "type": "object",
              },
              "minItems": 0,
              "type": "array",
            },
            "scopeNote": {
              "description": "Scope clarification for the occupation's application.",
              "maxLength": 4000,
              "type": "string",
            },
            "tabiyaPath": {
              "description": "Resource path using the occupation's UUID.",
              "format": "uri",
              "maxLength": 4096,
              "pattern": "^https://.*",
              "type": "string",
            },
            "updatedAt": {
              "description": "Timestamp of last record modification.",
              "format": "date-time",
              "type": "string",
            },
          },
          "required": [
            "id",
            "UUID",
            "originUUID",
            "UUIDHistory",
            "path",
            "tabiyaPath",
            "code",
            "occupationGroupCode",
            "originUri",
            "preferredLabel",
            "altLabels",
            "definition",
            "description",
            "regulatedProfessionNote",
            "scopeNote",
            "occupationType",
            "modelId",
            "isLocalized",
            "parent",
            "requiresSkills",
            "children",
            "createdAt",
            "updatedAt",
          ],
          "type": "object",
        },
      },
    },
  },
  "Types": {},
}
`;
