// Jest Snapshot v1, https://goo.gl/fbAQLP

exports[`ContextMenu Render tests should render the ContextMenu visible 1`] = `
<div
  class="MuiPopover-root MuiMenu-root MuiModal-root css-10nakn3-MuiModal-root-MuiPopover-root-MuiMenu-root"
  data-testid="context-menu-715a535d-ca4b-4252-b967-8d5b5b2381b9"
  role="presentation"
>
  <div
    aria-hidden="true"
    class="MuiBackdrop-root MuiBackdrop-invisible MuiModal-backdrop css-g3hgs1-MuiBackdrop-root-MuiModal-backdrop"
    style="opacity: 1; webkit-transition: opacity 225ms cubic-bezier(0.4, 0, 0.2, 1) 0ms; transition: opacity 225ms cubic-bezier(0.4, 0, 0.2, 1) 0ms;"
  />
  <div
    data-testid="sentinelStart"
    tabindex="0"
  />
  <div
    class="MuiPaper-root MuiMenu-paper MuiPaper-elevation MuiPaper-rounded MuiPaper-elevation2 MuiPopover-paper css-xem7h2-MuiPaper-root-MuiMenu-paper-MuiPopover-paper"
    style="opacity: 1; transform: scale(1, 1); transition: opacity 0ms cubic-bezier(0.4, 0, 0.2, 1) 0ms,transform 0ms cubic-bezier(0.4, 0, 0.2, 1) 0ms; top: 16px; left: 16px; transform-origin: -16px -16px;"
    tabindex="-1"
  >
    <ul
      class="MuiList-root MuiList-padding MuiMenu-list css-6hp17o-MuiList-root-MuiMenu-list"
      role="menu"
      tabindex="-1"
    >
      <button
        class="MuiButtonBase-root MuiMenuItem-root MuiMenuItem-gutters Mui-focusVisible MuiMenuItem-root MuiMenuItem-gutters css-kk1bwy-MuiButtonBase-root-MuiMenuItem-root"
        data-testid="menu-item-export-715a535d-ca4b-4252-b967-8d5b5b2381b9"
        role="menuitem"
        tabindex="0"
        type="button"
      >
        <div
          class="MuiListItemIcon-root css-cveggr-MuiListItemIcon-root"
        >
          <svg
            aria-hidden="true"
            class="MuiSvgIcon-root MuiSvgIcon-colorPrimary MuiSvgIcon-fontSizeMedium css-ci5apu-MuiSvgIcon-root"
            data-testid="CloudDownloadIcon"
            focusable="false"
            viewBox="0 0 24 24"
          >
            <path
              d="M19.35 10.04C18.67 6.59 15.64 4 12 4 9.11 4 6.6 5.64 5.35 8.04 2.34 8.36 0 10.91 0 14c0 3.31 2.69 6 6 6h13c2.76 0 5-2.24 5-5 0-2.64-2.05-4.78-4.65-4.96zM17 13l-5 5-5-5h3V9h4v4h3z"
            />
          </svg>
        </div>
        <div
          class="MuiListItemText-root css-tlelie-MuiListItemText-root"
        >
          <span
            class="MuiTypography-root MuiTypography-caption css-1d9s20a-MuiTypography-root"
          >
            Export
          </span>
        </div>
        <span
          class="MuiTouchRipple-root css-8je8zh-MuiTouchRipple-root"
        />
      </button>
    </ul>
  </div>
  <div
    data-testid="sentinelEnd"
    tabindex="0"
  />
</div>
`;
